stm32h7xx_hal_jpeg.c:484:19:HAL_JPEG_Init	16	static
stm32h7xx_hal_jpeg.c:608:19:HAL_JPEG_DeInit	16	static
stm32h7xx_hal_jpeg.c:659:13:HAL_JPEG_MspInit	16	static
stm32h7xx_hal_jpeg.c:675:13:HAL_JPEG_MspDeInit	16	static
stm32h7xx_hal_jpeg.c:1100:19:HAL_JPEG_ConfigEncoding	40	static
stm32h7xx_hal_jpeg.c:1286:19:HAL_JPEG_GetInfo	32	static
stm32h7xx_hal_jpeg.c:1357:19:HAL_JPEG_EnableHeaderParsing	16	static
stm32h7xx_hal_jpeg.c:1393:19:HAL_JPEG_DisableHeaderParsing	16	static
stm32h7xx_hal_jpeg.c:1440:20:HAL_JPEG_SetUserQuantTables	24	static
stm32h7xx_hal_jpeg.c:1515:20:HAL_JPEG_Encode	32	static
stm32h7xx_hal_jpeg.c:1619:20:HAL_JPEG_Decode	32	static
stm32h7xx_hal_jpeg.c:1713:20:HAL_JPEG_Encode_IT	24	static
stm32h7xx_hal_jpeg.c:1783:20:HAL_JPEG_Decode_IT	24	static
stm32h7xx_hal_jpeg.c:1843:20:HAL_JPEG_Encode_DMA	24	static
stm32h7xx_hal_jpeg.c:1924:20:HAL_JPEG_Decode_DMA	24	static
stm32h7xx_hal_jpeg.c:1994:20:HAL_JPEG_Pause	24	static
stm32h7xx_hal_jpeg.c:2047:20:HAL_JPEG_Resume	40	static
stm32h7xx_hal_jpeg.c:2167:6:HAL_JPEG_ConfigInputBuffer	24	static
stm32h7xx_hal_jpeg.c:2181:6:HAL_JPEG_ConfigOutputBuffer	24	static
stm32h7xx_hal_jpeg.c:2193:19:HAL_JPEG_Abort	24	static
stm32h7xx_hal_jpeg.c:2312:13:HAL_JPEG_InfoReadyCallback	16	static
stm32h7xx_hal_jpeg.c:2329:13:HAL_JPEG_EncodeCpltCallback	16	static
stm32h7xx_hal_jpeg.c:2345:13:HAL_JPEG_DecodeCpltCallback	16	static
stm32h7xx_hal_jpeg.c:2361:13:HAL_JPEG_ErrorCallback	16	static
stm32h7xx_hal_jpeg.c:2378:13:HAL_JPEG_GetDataCallback	16	static
stm32h7xx_hal_jpeg.c:2397:13:HAL_JPEG_DataReadyCallback	24	static
stm32h7xx_hal_jpeg.c:2434:6:HAL_JPEG_IRQHandler	16	static
stm32h7xx_hal_jpeg.c:2486:23:HAL_JPEG_GetState	16	static
stm32h7xx_hal_jpeg.c:2497:10:HAL_JPEG_GetError	16	static
stm32h7xx_hal_jpeg.c:2523:26:JPEG_Bits_To_SizeCodes	48	static
stm32h7xx_hal_jpeg.c:2582:26:JPEG_ACHuff_BitsVals_To_SizeCodes	1328	static
stm32h7xx_hal_jpeg.c:2641:26:JPEG_DCHuff_BitsVals_To_SizeCodes	1320	static
stm32h7xx_hal_jpeg.c:2686:26:JPEG_Set_HuffDC_Mem	112	static
stm32h7xx_hal_jpeg.c:2746:26:JPEG_Set_HuffAC_Mem	864	static
stm32h7xx_hal_jpeg.c:2819:26:JPEG_Set_HuffEnc_Mem	24	static
stm32h7xx_hal_jpeg.c:2862:13:JPEG_Set_Huff_DHTMem	48	static
stm32h7xx_hal_jpeg.c:3053:17:JPEG_Set_Quantization_Mem	48	static
stm32h7xx_hal_jpeg.c:3115:13:JPEG_SetColorYCBCR	32	static
stm32h7xx_hal_jpeg.c:3176:13:JPEG_SetColorGrayScale	16	static
stm32h7xx_hal_jpeg.c:3196:13:JPEG_SetColorCMYK	32	static
stm32h7xx_hal_jpeg.c:3255:13:JPEG_Init_Process	16	static
stm32h7xx_hal_jpeg.c:3310:17:JPEG_Process	24	static
stm32h7xx_hal_jpeg.c:3456:13:JPEG_StoreOutputData	32	static
stm32h7xx_hal_jpeg.c:3547:13:JPEG_ReadInputData	40	static
stm32h7xx_hal_jpeg.c:3632:26:JPEG_DMA_StartProcess	40	static
stm32h7xx_hal_jpeg.c:3702:13:JPEG_DMA_ContinueProcess	16	static
stm32h7xx_hal_jpeg.c:3771:13:JPEG_DMA_EndProcess	24	static
stm32h7xx_hal_jpeg.c:3851:13:JPEG_DMA_PollResidualData	32	static
stm32h7xx_hal_jpeg.c:3938:13:JPEG_MDMAInCpltCallback	40	static
stm32h7xx_hal_jpeg.c:4026:13:JPEG_MDMAOutCpltCallback	40	static
stm32h7xx_hal_jpeg.c:4077:13:JPEG_MDMAErrorCallback	24	static
stm32h7xx_hal_jpeg.c:4102:13:JPEG_MDMAOutAbortCallback	24	static
stm32h7xx_hal_jpeg.c:4119:17:JPEG_GetQuality	48	static
