Archive member included to satisfy reference by file (symbol)

c:/st/stm32cubeide_1.1.0/stm32cubeide/plugins/com.st.stm32cube.ide.mcu.externaltools.gnu-tools-for-stm32.7-2018-q2-update.win32_1.0.0.201904181610/tools/bin/../lib/gcc/arm-none-eabi/7.3.1/../../../../arm-none-eabi/lib/thumb/v7e-m/fpv5/hard\libc_nano.a(lib_a-errno.o)
                              Core/Src/syscalls.o (__errno)
c:/st/stm32cubeide_1.1.0/stm32cubeide/plugins/com.st.stm32cube.ide.mcu.externaltools.gnu-tools-for-stm32.7-2018-q2-update.win32_1.0.0.201904181610/tools/bin/../lib/gcc/arm-none-eabi/7.3.1/../../../../arm-none-eabi/lib/thumb/v7e-m/fpv5/hard\libc_nano.a(lib_a-exit.o)
                              c:/st/stm32cubeide_1.1.0/stm32cubeide/plugins/com.st.stm32cube.ide.mcu.externaltools.gnu-tools-for-stm32.7-2018-q2-update.win32_1.0.0.201904181610/tools/bin/../lib/gcc/arm-none-eabi/7.3.1/../../../../arm-none-eabi/lib/thumb/v7e-m/fpv5/hard/crt0.o (exit)
c:/st/stm32cubeide_1.1.0/stm32cubeide/plugins/com.st.stm32cube.ide.mcu.externaltools.gnu-tools-for-stm32.7-2018-q2-update.win32_1.0.0.201904181610/tools/bin/../lib/gcc/arm-none-eabi/7.3.1/../../../../arm-none-eabi/lib/thumb/v7e-m/fpv5/hard\libc_nano.a(lib_a-impure.o)
                              c:/st/stm32cubeide_1.1.0/stm32cubeide/plugins/com.st.stm32cube.ide.mcu.externaltools.gnu-tools-for-stm32.7-2018-q2-update.win32_1.0.0.201904181610/tools/bin/../lib/gcc/arm-none-eabi/7.3.1/../../../../arm-none-eabi/lib/thumb/v7e-m/fpv5/hard\libc_nano.a(lib_a-exit.o) (_global_impure_ptr)
c:/st/stm32cubeide_1.1.0/stm32cubeide/plugins/com.st.stm32cube.ide.mcu.externaltools.gnu-tools-for-stm32.7-2018-q2-update.win32_1.0.0.201904181610/tools/bin/../lib/gcc/arm-none-eabi/7.3.1/../../../../arm-none-eabi/lib/thumb/v7e-m/fpv5/hard\libc_nano.a(lib_a-init.o)
                              c:/st/stm32cubeide_1.1.0/stm32cubeide/plugins/com.st.stm32cube.ide.mcu.externaltools.gnu-tools-for-stm32.7-2018-q2-update.win32_1.0.0.201904181610/tools/bin/../lib/gcc/arm-none-eabi/7.3.1/../../../../arm-none-eabi/lib/thumb/v7e-m/fpv5/hard/crt0.o (__libc_init_array)
c:/st/stm32cubeide_1.1.0/stm32cubeide/plugins/com.st.stm32cube.ide.mcu.externaltools.gnu-tools-for-stm32.7-2018-q2-update.win32_1.0.0.201904181610/tools/bin/../lib/gcc/arm-none-eabi/7.3.1/../../../../arm-none-eabi/lib/thumb/v7e-m/fpv5/hard\libc_nano.a(lib_a-memcpy-stub.o)
                              Drivers/VL53L0X_HAL_Compatible_API/src/core/src/vl53l0x_api_calibration.o (memcpy)
c:/st/stm32cubeide_1.1.0/stm32cubeide/plugins/com.st.stm32cube.ide.mcu.externaltools.gnu-tools-for-stm32.7-2018-q2-update.win32_1.0.0.201904181610/tools/bin/../lib/gcc/arm-none-eabi/7.3.1/../../../../arm-none-eabi/lib/thumb/v7e-m/fpv5/hard\libc_nano.a(lib_a-memset.o)
                              c:/st/stm32cubeide_1.1.0/stm32cubeide/plugins/com.st.stm32cube.ide.mcu.externaltools.gnu-tools-for-stm32.7-2018-q2-update.win32_1.0.0.201904181610/tools/bin/../lib/gcc/arm-none-eabi/7.3.1/../../../../arm-none-eabi/lib/thumb/v7e-m/fpv5/hard/crt0.o (memset)
c:/st/stm32cubeide_1.1.0/stm32cubeide/plugins/com.st.stm32cube.ide.mcu.externaltools.gnu-tools-for-stm32.7-2018-q2-update.win32_1.0.0.201904181610/tools/bin/../lib/gcc/arm-none-eabi/7.3.1/../../../../arm-none-eabi/lib/thumb/v7e-m/fpv5/hard\libc_nano.a(lib_a-printf.o)
                              Core/Src/VC0706_comm.o (printf)
c:/st/stm32cubeide_1.1.0/stm32cubeide/plugins/com.st.stm32cube.ide.mcu.externaltools.gnu-tools-for-stm32.7-2018-q2-update.win32_1.0.0.201904181610/tools/bin/../lib/gcc/arm-none-eabi/7.3.1/../../../../arm-none-eabi/lib/thumb/v7e-m/fpv5/hard\libc_nano.a(lib_a-putchar.o)
                              Core/Src/VC0706_comm.o (putchar)
c:/st/stm32cubeide_1.1.0/stm32cubeide/plugins/com.st.stm32cube.ide.mcu.externaltools.gnu-tools-for-stm32.7-2018-q2-update.win32_1.0.0.201904181610/tools/bin/../lib/gcc/arm-none-eabi/7.3.1/../../../../arm-none-eabi/lib/thumb/v7e-m/fpv5/hard\libc_nano.a(lib_a-puts.o)
                              Core/Src/VC0706_comm.o (puts)
c:/st/stm32cubeide_1.1.0/stm32cubeide/plugins/com.st.stm32cube.ide.mcu.externaltools.gnu-tools-for-stm32.7-2018-q2-update.win32_1.0.0.201904181610/tools/bin/../lib/gcc/arm-none-eabi/7.3.1/../../../../arm-none-eabi/lib/thumb/v7e-m/fpv5/hard\libc_nano.a(lib_a-strcpy.o)
                              Drivers/VL53L0X_HAL_Compatible_API/src/core/src/vl53l0x_api_core.o (strcpy)
c:/st/stm32cubeide_1.1.0/stm32cubeide/plugins/com.st.stm32cube.ide.mcu.externaltools.gnu-tools-for-stm32.7-2018-q2-update.win32_1.0.0.201904181610/tools/bin/../lib/gcc/arm-none-eabi/7.3.1/../../../../arm-none-eabi/lib/thumb/v7e-m/fpv5/hard\libc_nano.a(lib_a-wbuf.o)
                              c:/st/stm32cubeide_1.1.0/stm32cubeide/plugins/com.st.stm32cube.ide.mcu.externaltools.gnu-tools-for-stm32.7-2018-q2-update.win32_1.0.0.201904181610/tools/bin/../lib/gcc/arm-none-eabi/7.3.1/../../../../arm-none-eabi/lib/thumb/v7e-m/fpv5/hard\libc_nano.a(lib_a-puts.o) (__swbuf_r)
[...]
Memory Configuration

Name             Origin             Length             Attributes
DTCMRAM          0x0000000020000000 0x0000000000020000 xrw
ITCMRAM          0x0000000000000000 0x0000000000010000 xrw
RAM_D1           0x0000000024000000 0x0000000000080000 xrw
RAM_D2           0x0000000030000000 0x0000000000048000 xrw
RAM_D3           0x0000000038000000 0x0000000000010000 xrw
FLASH            0x0000000008000000 0x0000000000200000 xr
*default*        0x0000000000000000 0xffffffffffffffff

Linker script and memory map

LOAD c:/st/stm32cubeide_1.1.0/stm32cubeide/plugins/com.st.stm32cube.ide.mcu.externaltools.gnu-tools-for-stm32.7-2018-q2-update.win32_1.0.0.201904181610/tools/bin/../lib/gcc/arm-none-eabi/7.3.1/thumb/v7e-m/fpv5/hard/crti.o
LOAD c:/st/stm32cubeide_1.1.0/stm32cubeide/plugins/com.st.stm32cube.ide.mcu.externaltools.gnu-tools-for-stm32.7-2018-q2-update.win32_1.0.0.201904181610/tools/bin/../lib/gcc/arm-none-eabi/7.3.1/thumb/v7e-m/fpv5/hard/crtbegin.o
LOAD c:/st/stm32cubeide_1.1.0/stm32cubeide/plugins/com.st.stm32cube.ide.mcu.externaltools.gnu-tools-for-stm32.7-2018-q2-update.win32_1.0.0.201904181610/tools/bin/../lib/gcc/arm-none-eabi/7.3.1/../../../../arm-none-eabi/lib/thumb/v7e-m/fpv5/hard/crt0.o
LOAD Core/Src/VC0706_comm.o
LOAD Core/Src/main.o
LOAD Core/Src/main_board_comm.o
LOAD Core/Src/stm32h7xx_hal_msp.o
LOAD Core/Src/stm32h7xx_it.o
LOAD Core/Src/syscalls.o
LOAD Core/Src/sysmem.o
LOAD Core/Src/system_stm32h7xx.o
LOAD Core/Src/tof_data_filtering.o
LOAD Core/Startup/startup_stm32h743vitx.o
LOAD Drivers/STM32H7xx_HAL_Driver/Src/stm32h7xx_hal.o
LOAD Drivers/STM32H7xx_HAL_Driver/Src/stm32h7xx_hal_cortex.o
LOAD Drivers/STM32H7xx_HAL_Driver/Src/stm32h7xx_hal_dma.o
LOAD Drivers/STM32H7xx_HAL_Driver/Src/stm32h7xx_hal_dma_ex.o
LOAD Drivers/STM32H7xx_HAL_Driver/Src/stm32h7xx_hal_exti.o
LOAD Drivers/STM32H7xx_HAL_Driver/Src/stm32h7xx_hal_flash.o
LOAD Drivers/STM32H7xx_HAL_Driver/Src/stm32h7xx_hal_flash_ex.o
LOAD Drivers/STM32H7xx_HAL_Driver/Src/stm32h7xx_hal_gpio.o
LOAD Drivers/STM32H7xx_HAL_Driver/Src/stm32h7xx_hal_hsem.o
LOAD Drivers/STM32H7xx_HAL_Driver/Src/stm32h7xx_hal_i2c.o
LOAD Drivers/STM32H7xx_HAL_Driver/Src/stm32h7xx_hal_i2c_ex.o
LOAD Drivers/STM32H7xx_HAL_Driver/Src/stm32h7xx_hal_jpeg.o
LOAD Drivers/STM32H7xx_HAL_Driver/Src/stm32h7xx_hal_mdma.o
LOAD Drivers/STM32H7xx_HAL_Driver/Src/stm32h7xx_hal_pwr.o
LOAD Drivers/STM32H7xx_HAL_Driver/Src/stm32h7xx_hal_pwr_ex.o
LOAD Drivers/STM32H7xx_HAL_Driver/Src/stm32h7xx_hal_rcc.o
LOAD Drivers/STM32H7xx_HAL_Driver/Src/stm32h7xx_hal_rcc_ex.o
LOAD Drivers/STM32H7xx_HAL_Driver/Src/stm32h7xx_hal_tim.o
LOAD Drivers/STM32H7xx_HAL_Driver/Src/stm32h7xx_hal_tim_ex.o
LOAD Drivers/STM32H7xx_HAL_Driver/Src/stm32h7xx_hal_uart.o
LOAD Drivers/STM32H7xx_HAL_Driver/Src/stm32h7xx_hal_uart_ex.o
LOAD Drivers/VL53L0X_HAL_Compatible_API/src/HAL_VL53L0X.o
LOAD Drivers/VL53L0X_HAL_Compatible_API/src/core/src/vl53l0x_api.o
LOAD Drivers/VL53L0X_HAL_Compatible_API/src/core/src/vl53l0x_api_calibration.o
LOAD Drivers/VL53L0X_HAL_Compatible_API/src/core/src/vl53l0x_api_core.o
LOAD Drivers/VL53L0X_HAL_Compatible_API/src/core/src/vl53l0x_api_ranging.o
LOAD Drivers/VL53L0X_HAL_Compatible_API/src/core/src/vl53l0x_api_strings.o
LOAD Drivers/VL53L0X_HAL_Compatible_API/src/platform/src/vl53l0x_i2c_comms.o
LOAD Drivers/VL53L0X_HAL_Compatible_API/src/platform/src/vl53l0x_platform.o
START GROUP
LOAD c:/st/stm32cubeide_1.1.0/stm32cubeide/plugins/com.st.stm32cube.ide.mcu.externaltools.gnu-tools-for-stm32.7-2018-q2-update.win32_1.0.0.201904181610/tools/bin/../lib/gcc/arm-none-eabi/7.3.1/../../../../arm-none-eabi/lib/thumb/v7e-m/fpv5/hard\libstdc++_nano.a
LOAD c:/st/stm32cubeide_1.1.0/stm32cubeide/plugins/com.st.stm32cube.ide.mcu.externaltools.gnu-tools-for-stm32.7-2018-q2-update.win32_1.0.0.201904181610/tools/bin/../lib/gcc/arm-none-eabi/7.3.1/../../../../arm-none-eabi/lib/thumb/v7e-m/fpv5/hard\libsupc++_nano.a
END GROUP
LOAD c:/st/stm32cubeide_1.1.0/stm32cubeide/plugins/com.st.stm32cube.ide.mcu.externaltools.gnu-tools-for-stm32.7-2018-q2-update.win32_1.0.0.201904181610/tools/bin/../lib/gcc/arm-none-eabi/7.3.1/../../../../arm-none-eabi/lib/thumb/v7e-m/fpv5/hard\libstdc++_nano.a
LOAD c:/st/stm32cubeide_1.1.0/stm32cubeide/plugins/com.st.stm32cube.ide.mcu.externaltools.gnu-tools-for-stm32.7-2018-q2-update.win32_1.0.0.201904181610/tools/bin/../lib/gcc/arm-none-eabi/7.3.1/../../../../arm-none-eabi/lib/thumb/v7e-m/fpv5/hard\libm.a
LOAD c:/st/stm32cubeide_1.1.0/stm32cubeide/plugins/com.st.stm32cube.ide.mcu.externaltools.gnu-tools-for-stm32.7-2018-q2-update.win32_1.0.0.201904181610/tools/bin/../lib/gcc/arm-none-eabi/7.3.1/../../../../arm-none-eabi/lib/thumb/v7e-m/fpv5/hard\libc_nano.a
START GROUP
LOAD c:/st/stm32cubeide_1.1.0/stm32cubeide/plugins/com.st.stm32cube.ide.mcu.externaltools.gnu-tools-for-stm32.7-2018-q2-update.win32_1.0.0.201904181610/tools/bin/../lib/gcc/arm-none-eabi/7.3.1/thumb/v7e-m/fpv5/hard\libgcc.a
LOAD c:/st/stm32cubeide_1.1.0/stm32cubeide/plugins/com.st.stm32cube.ide.mcu.externaltools.gnu-tools-for-stm32.7-2018-q2-update.win32_1.0.0.201904181610/tools/bin/../lib/gcc/arm-none-eabi/7.3.1/../../../../arm-none-eabi/lib/thumb/v7e-m/fpv5/hard\libc_nano.a
END GROUP
START GROUP
LOAD c:/st/stm32cubeide_1.1.0/stm32cubeide/plugins/com.st.stm32cube.ide.mcu.externaltools.gnu-tools-for-stm32.7-2018-q2-update.win32_1.0.0.201904181610/tools/bin/../lib/gcc/arm-none-eabi/7.3.1/thumb/v7e-m/fpv5/hard\libgcc.a
LOAD c:/st/stm32cubeide_1.1.0/stm32cubeide/plugins/com.st.stm32cube.ide.mcu.externaltools.gnu-tools-for-stm32.7-2018-q2-update.win32_1.0.0.201904181610/tools/bin/../lib/gcc/arm-none-eabi/7.3.1/../../../../arm-none-eabi/lib/thumb/v7e-m/fpv5/hard\libc_nano.a
LOAD c:/st/stm32cubeide_1.1.0/stm32cubeide/plugins/com.st.stm32cube.ide.mcu.externaltools.gnu-tools-for-stm32.7-2018-q2-update.win32_1.0.0.201904181610/tools/bin/../lib/gcc/arm-none-eabi/7.3.1/../../../../arm-none-eabi/lib/thumb/v7e-m/fpv5/hard\libnosys.a
END GROUP
START GROUP
LOAD c:/st/stm32cubeide_1.1.0/stm32cubeide/plugins/com.st.stm32cube.ide.mcu.externaltools.gnu-tools-for-stm32.7-2018-q2-update.win32_1.0.0.201904181610/tools/bin/../lib/gcc/arm-none-eabi/7.3.1/thumb/v7e-m/fpv5/hard\libgcc.a
LOAD c:/st/stm32cubeide_1.1.0/stm32cubeide/plugins/com.st.stm32cube.ide.mcu.externaltools.gnu-tools-for-stm32.7-2018-q2-update.win32_1.0.0.201904181610/tools/bin/../lib/gcc/arm-none-eabi/7.3.1/../../../../arm-none-eabi/lib/thumb/v7e-m/fpv5/hard\libc_nano.a
LOAD c:/st/stm32cubeide_1.1.0/stm32cubeide/plugins/com.st.stm32cube.ide.mcu.externaltools.gnu-tools-for-stm32.7-2018-q2-update.win32_1.0.0.201904181610/tools/bin/../lib/gcc/arm-none-eabi/7.3.1/../../../../arm-none-eabi/lib/thumb/v7e-m/fpv5/hard\libnosys.a
END GROUP
LOAD c:/st/stm32cubeide_1.1.0/stm32cubeide/plugins/com.st.stm32cube.ide.mcu.externaltools.gnu-tools-for-stm32.7-2018-q2-update.win32_1.0.0.201904181610/tools/bin/../lib/gcc/arm-none-eabi/7.3.1/thumb/v7e-m/fpv5/hard/crtend.o
LOAD c:/st/stm32cubeide_1.1.0/stm32cubeide/plugins/com.st.stm32cube.ide.mcu.externaltools.gnu-tools-for-stm32.7-2018-q2-update.win32_1.0.0.201904181610/tools/bin/../lib/gcc/arm-none-eabi/7.3.1/thumb/v7e-m/fpv5/hard/crtn.o
                0x0000000024080000                _estack = (ORIGIN (RAM_D1) + LENGTH (RAM_D1))
                0x0000000000000200                _Min_Heap_Size = 0x200
                0x0000000000000400                _Min_Stack_Size = 0x400

.isr_vector     0x0000000008000000      0x298
                0x0000000008000000                . = ALIGN (0x4)
 *(.isr_vector)
 .isr_vector    0x0000000008000000      0x298 Core/Startup/startup_stm32h743vitx.o
                0x0000000008000000                g_pfnVectors
                0x0000000008000298                . = ALIGN (0x4)

.text           0x00000000080002a0     0xe5e4
                0x00000000080002a0                . = ALIGN (0x4)
 *(.text)
 .text          0x00000000080002a0       0x40 c:/st/stm32cubeide_1.1.0/stm32cubeide/plugins/com.st.stm32cube.ide.mcu.externaltools.gnu-tools-for-stm32.7-2018-q2-update.win32_1.0.0.201904181610/tools/bin/../lib/gcc/arm-none-eabi/7.3.1/thumb/v7e-m/fpv5/hard/crtbegin.o
 .text          0x00000000080002e0       0xa0 c:/st/stm32cubeide_1.1.0/stm32cubeide/plugins/com.st.stm32cube.ide.mcu.externaltools.gnu-tools-for-stm32.7-2018-q2-update.win32_1.0.0.201904181610/tools/bin/../lib/gcc/arm-none-eabi/7.3.1/../../../../arm-none-eabi/lib/thumb/v7e-m/fpv5/hard\libc_nano.a(lib_a-memchr.o)
                0x00000000080002e0                memchr
 .text          0x0000000008000380       0x30 c:/st/stm32cubeide_1.1.0/stm32cubeide/plugins/com.st.stm32cube.ide.mcu.externaltools.gnu-tools-for-stm32.7-2018-q2-update.win32_1.0.0.201904181610/tools/bin/../lib/gcc/arm-none-eabi/7.3.1/thumb/v7e-m/fpv5/hard\libgcc.a(_aeabi_uldivmod.o)
                0x0000000008000380                __aeabi_uldivmod
 .text          0x00000000080003b0      0x2cc c:/st/stm32cubeide_1.1.0/stm32cubeide/plugins/com.st.stm32cube.ide.mcu.externaltools.gnu-tools-for-stm32.7-2018-q2-update.win32_1.0.0.201904181610/tools/bin/../lib/gcc/arm-none-eabi/7.3.1/thumb/v7e-m/fpv5/hard\libgcc.a(_udivmoddi4.o)
                0x00000000080003b0                __udivmoddi4
 .text          0x000000000800067c        0x4 c:/st/stm32cubeide_1.1.0/stm32cubeide/plugins/com.st.stm32cube.ide.mcu.externaltools.gnu-tools-for-stm32.7-2018-q2-update.win32_1.0.0.201904181610/tools/bin/../lib/gcc/arm-none-eabi/7.3.1/thumb/v7e-m/fpv5/hard\libgcc.a(_dvmd_tls.o)
                0x000000000800067c                __aeabi_idiv0
                0x000000000800067c                __aeabi_ldiv0
 *(.text*)
 .text.Camera_Reset
                0x0000000008000680       0x78 Core/Src/VC0706_comm.o
                0x0000000008000680                Camera_Reset
 .text.send_UART
                0x00000000080006f8      0x1d8 Core/Src/VC0706_comm.o
                0x00000000080006f8                send_UART
 .text.Camera_Snapshot
                0x00000000080008d0       0x60 Core/Src/VC0706_comm.o
                0x00000000080008d0                Camera_Snapshot
 .text.Camera_Stop_Capture
                0x0000000008000930       0x60 Core/Src/VC0706_comm.o
                0x0000000008000930                Camera_Stop_Capture
 .text.Camera_Get_IMG_Length
                0x0000000008000990       0x5c Core/Src/VC0706_comm.o
                0x0000000008000990                Camera_Get_IMG_Length
 .text.Camera_Get_IMG
                0x00000000080009ec       0x4c Core/Src/VC0706_comm.o
                0x00000000080009ec                Camera_Get_IMG
 .text.Camera_Set_Res
                0x0000000008000a38       0xa4 Core/Src/VC0706_comm.o
                0x0000000008000a38                Camera_Set_Res
 .text.Camera_Set_Compress
                0x0000000008000adc       0x68 Core/Src/VC0706_comm.o
                0x0000000008000adc                Camera_Set_Compress
 .text.Camera_Set_Baud
                0x0000000008000b44      0x160 Core/Src/VC0706_comm.o
                0x0000000008000b44                Camera_Set_Baud
 .text.Camera_Initialize
                0x0000000008000ca4       0xd8 Core/Src/VC0706_comm.o
                0x0000000008000ca4                Camera_Initialize
 .text.UART_Init_Baud
                0x0000000008000d7c       0xaa Core/Src/VC0706_comm.o
                0x0000000008000d7c                UART_Init_Baud
 .text.Cam_Error_Handler
                0x0000000008000e26        0xe Core/Src/VC0706_comm.o
                0x0000000008000e26                Cam_Error_Handler
 .text.ITM_SendChar
                0x0000000008000e34       0x62 Core/Src/main.o
 .text._ZN11HAL_VL53L0X11rangingTestEP32VL53L0X_RangingMeasurementData_tb
                0x0000000008000e96       0x24 Core/Src/main.o
                0x0000000008000e96                HAL_VL53L0X::rangingTest(VL53L0X_RangingMeasurementData_t*, bool)
 .text._ZN11HAL_VL53L0XC2Ev
                0x0000000008000eba       0x32 Core/Src/main.o
                0x0000000008000eba                HAL_VL53L0X::HAL_VL53L0X()
                0x0000000008000eba                HAL_VL53L0X::HAL_VL53L0X()
 .text.main     0x0000000008000eec      0x4cc Core/Src/main.o
                0x0000000008000eec                main
 .text._Z18SystemClock_Configv
                0x00000000080013b8      0x194 Core/Src/main.o
                0x00000000080013b8                SystemClock_Config()
 .text._ZL12MX_I2C1_Initv
                0x000000000800154c       0x9c Core/Src/main.o
 .text._ZL12MX_I2C3_Initv
                0x00000000080015e8       0x9c Core/Src/main.o
 .text._ZL12MX_JPEG_Initv
                0x0000000008001684       0x30 Core/Src/main.o
 .text._ZL13MX_UART8_Initv
                0x00000000080016b4       0xc4 Core/Src/main.o
 .text._ZL12MX_GPIO_Initv
                0x0000000008001778       0xf8 Core/Src/main.o
 .text.get_TOF_Data
                0x0000000008001870       0x98 Core/Src/main.o
                0x0000000008001870                get_TOF_Data
 .text.HAL_I2C_SlaveRxCpltCallback
                0x0000000008001908       0x44 Core/Src/main.o
                0x0000000008001908                HAL_I2C_SlaveRxCpltCallback
 .text._write   0x000000000800194c       0x38 Core/Src/main.o
                0x000000000800194c                _write
 .text.Error_Handler
                0x0000000008001984        0xe Core/Src/main.o
                0x0000000008001984                Error_Handler
 *fill*         0x0000000008001992        0x2 
 .text._Z41__static_initialization_and_destruction_0ii
                0x0000000008001994       0x40 Core/Src/main.o
 .text._GLOBAL__sub_I_hi2c1
                0x00000000080019d4       0x10 Core/Src/main.o
 .text.HAL_MspInit
                0x00000000080019e4       0x34 Core/Src/stm32h7xx_hal_msp.o
                0x00000000080019e4                HAL_MspInit
 .text.HAL_I2C_MspInit
                0x0000000008001a18      0x168 Core/Src/stm32h7xx_hal_msp.o
                0x0000000008001a18                HAL_I2C_MspInit
 .text.HAL_JPEG_MspInit
                0x0000000008001b80       0x44 Core/Src/stm32h7xx_hal_msp.o
                0x0000000008001b80                HAL_JPEG_MspInit
 .text.HAL_UART_MspInit
                0x0000000008001bc4       0xa4 Core/Src/stm32h7xx_hal_msp.o
                0x0000000008001bc4                HAL_UART_MspInit
 .text.HAL_UART_MspDeInit
                0x0000000008001c68       0x44 Core/Src/stm32h7xx_hal_msp.o
                0x0000000008001c68                HAL_UART_MspDeInit
 .text.NMI_Handler
                0x0000000008001cac        0xe Core/Src/stm32h7xx_it.o
                0x0000000008001cac                NMI_Handler
 .text.HardFault_Handler
                0x0000000008001cba        0x6 Core/Src/stm32h7xx_it.o
                0x0000000008001cba                HardFault_Handler
 .text.MemManage_Handler
                0x0000000008001cc0        0x6 Core/Src/stm32h7xx_it.o
                0x0000000008001cc0                MemManage_Handler
 .text.BusFault_Handler
                0x0000000008001cc6        0x6 Core/Src/stm32h7xx_it.o
                0x0000000008001cc6                BusFault_Handler
 .text.UsageFault_Handler
                0x0000000008001ccc        0x6 Core/Src/stm32h7xx_it.o
                0x0000000008001ccc                UsageFault_Handler
 .text.SVC_Handler
                0x0000000008001cd2        0xe Core/Src/stm32h7xx_it.o
                0x0000000008001cd2                SVC_Handler
 .text.DebugMon_Handler
                0x0000000008001ce0        0xe Core/Src/stm32h7xx_it.o
                0x0000000008001ce0                DebugMon_Handler
 .text.PendSV_Handler
                0x0000000008001cee        0xe Core/Src/stm32h7xx_it.o
                0x0000000008001cee                PendSV_Handler
 .text.SysTick_Handler
                0x0000000008001cfc        0xc Core/Src/stm32h7xx_it.o
                0x0000000008001cfc                SysTick_Handler
 .text.I2C1_EV_IRQHandler
                0x0000000008001d08       0x14 Core/Src/stm32h7xx_it.o
                0x0000000008001d08                I2C1_EV_IRQHandler
 .text.I2C3_EV_IRQHandler
                0x0000000008001d1c       0x14 Core/Src/stm32h7xx_it.o
                0x0000000008001d1c                I2C3_EV_IRQHandler
 .text.UART8_IRQHandler
                0x0000000008001d30       0x14 Core/Src/stm32h7xx_it.o
                0x0000000008001d30                UART8_IRQHandler
 .text._read    0x0000000008001d44       0x3a Core/Src/syscalls.o
                0x0000000008001d44                _read
 .text._close   0x0000000008001d7e       0x18 Core/Src/syscalls.o
                0x0000000008001d7e                _close
 .text._fstat   0x0000000008001d96       0x20 Core/Src/syscalls.o
                0x0000000008001d96                _fstat
 .text._isatty  0x0000000008001db6       0x16 Core/Src/syscalls.o
                0x0000000008001db6                _isatty
 .text._lseek   0x0000000008001dcc       0x1a Core/Src/syscalls.o
                0x0000000008001dcc                _lseek
 *fill*         0x0000000008001de6        0x2 
 .text._sbrk    0x0000000008001de8       0x58 Core/Src/sysmem.o
                0x0000000008001de8                _sbrk
 .text.SystemInit
                0x0000000008001e40       0xc4 Core/Src/system_stm32h7xx.o
                0x0000000008001e40                SystemInit
 .text.weight_avg
                0x0000000008001f04      0x184 Core/Src/tof_data_filtering.o
                0x0000000008001f04                weight_avg
 .text.calc_angle
                0x0000000008002088       0x40 Core/Src/tof_data_filtering.o
                0x0000000008002088                calc_angle
 .text.process_ToF
                0x00000000080020c8      0x4ac Core/Src/tof_data_filtering.o
                0x00000000080020c8                process_ToF
 .text.Reset_Handler
                0x0000000008002574       0x50 Core/Startup/startup_stm32h743vitx.o
                0x0000000008002574                Reset_Handler
 .text.Default_Handler
                0x00000000080025c4        0x2 Core/Startup/startup_stm32h743vitx.o
                0x00000000080025c4                RTC_Alarm_IRQHandler
                0x00000000080025c4                EXTI2_IRQHandler
                0x00000000080025c4                TIM8_CC_IRQHandler
                0x00000000080025c4                HRTIM1_Master_IRQHandler
                0x00000000080025c4                SPI4_IRQHandler
                0x00000000080025c4                TIM1_CC_IRQHandler
                0x00000000080025c4                BDMA_Channel6_IRQHandler
                0x00000000080025c4                DMA2_Stream5_IRQHandler
                0x00000000080025c4                HRTIM1_FLT_IRQHandler
                0x00000000080025c4                JPEG_IRQHandler
                0x00000000080025c4                DMA1_Stream5_IRQHandler
                0x00000000080025c4                BDMA_Channel1_IRQHandler
                0x00000000080025c4                HRTIM1_TIMD_IRQHandler
                0x00000000080025c4                TAMP_STAMP_IRQHandler
                0x00000000080025c4                EXTI3_IRQHandler
                0x00000000080025c4                LPTIM4_IRQHandler
                0x00000000080025c4                TIM8_TRG_COM_TIM14_IRQHandler
                0x00000000080025c4                LPTIM2_IRQHandler
                0x00000000080025c4                DFSDM1_FLT1_IRQHandler
                0x00000000080025c4                DMAMUX2_OVR_IRQHandler
                0x00000000080025c4                TIM8_UP_TIM13_IRQHandler
                0x00000000080025c4                I2C3_ER_IRQHandler
                0x00000000080025c4                DFSDM1_FLT2_IRQHandler
                0x00000000080025c4                MDMA_IRQHandler
                0x00000000080025c4                LPTIM3_IRQHandler
                0x00000000080025c4                HSEM1_IRQHandler
                0x00000000080025c4                EXTI0_IRQHandler
                0x00000000080025c4                I2C2_EV_IRQHandler
                0x00000000080025c4                DMA1_Stream2_IRQHandler
                0x00000000080025c4                FPU_IRQHandler
                0x00000000080025c4                OTG_HS_WKUP_IRQHandler
                0x00000000080025c4                FDCAN1_IT1_IRQHandler
                0x00000000080025c4                LTDC_ER_IRQHandler
                0x00000000080025c4                DMA2_Stream2_IRQHandler
                0x00000000080025c4                HRTIM1_TIME_IRQHandler
                0x00000000080025c4                SPI1_IRQHandler
                0x00000000080025c4                TIM6_DAC_IRQHandler
                0x00000000080025c4                DCMI_IRQHandler
                0x00000000080025c4                HRTIM1_TIMC_IRQHandler
                0x00000000080025c4                DMA2_Stream3_IRQHandler
                0x00000000080025c4                SAI2_IRQHandler
                0x00000000080025c4                DFSDM1_FLT3_IRQHandler
                0x00000000080025c4                USART6_IRQHandler
                0x00000000080025c4                TIM17_IRQHandler
                0x00000000080025c4                USART3_IRQHandler
                0x00000000080025c4                BDMA_Channel7_IRQHandler
                0x00000000080025c4                LPTIM5_IRQHandler
                0x00000000080025c4                UART5_IRQHandler
                0x00000000080025c4                ADC3_IRQHandler
                0x00000000080025c4                DMA2_Stream0_IRQHandler
                0x00000000080025c4                TIM4_IRQHandler
                0x00000000080025c4                BDMA_Channel2_IRQHandler
                0x00000000080025c4                QUADSPI_IRQHandler
                0x00000000080025c4                DMA1_Stream6_IRQHandler
                0x00000000080025c4                DMAMUX1_OVR_IRQHandler
                0x00000000080025c4                DMA1_Stream1_IRQHandler
                0x00000000080025c4                TIM16_IRQHandler
                0x00000000080025c4                UART4_IRQHandler
                0x00000000080025c4                BDMA_Channel5_IRQHandler
                0x00000000080025c4                TIM3_IRQHandler
                0x00000000080025c4                RCC_IRQHandler
                0x00000000080025c4                TIM8_BRK_TIM12_IRQHandler
                0x00000000080025c4                TIM1_TRG_COM_IRQHandler
                0x00000000080025c4                Default_Handler
                0x00000000080025c4                ECC_IRQHandler
                0x00000000080025c4                CEC_IRQHandler
                0x00000000080025c4                EXTI15_10_IRQHandler
                0x00000000080025c4                BDMA_Channel0_IRQHandler
                0x00000000080025c4                ADC_IRQHandler
                0x00000000080025c4                DMA1_Stream7_IRQHandler
                0x00000000080025c4                HRTIM1_TIMA_IRQHandler
                0x00000000080025c4                SPI5_IRQHandler
                0x00000000080025c4                TIM7_IRQHandler
                0x00000000080025c4                SDMMC1_IRQHandler
                0x00000000080025c4                TIM5_IRQHandler
                0x00000000080025c4                DMA2_Stream7_IRQHandler
                0x00000000080025c4                TIM15_IRQHandler
                0x00000000080025c4                PVD_AVD_IRQHandler
                0x00000000080025c4                EXTI9_5_IRQHandler
                0x00000000080025c4                RTC_WKUP_IRQHandler
                0x00000000080025c4                LTDC_IRQHandler
                0x00000000080025c4                SAI3_IRQHandler
                0x00000000080025c4                ETH_WKUP_IRQHandler
                0x00000000080025c4                SPDIF_RX_IRQHandler
                0x00000000080025c4                SPI2_IRQHandler
                0x00000000080025c4                OTG_HS_EP1_IN_IRQHandler
                0x00000000080025c4                DMA1_Stream0_IRQHandler
                0x00000000080025c4                CRS_IRQHandler
                0x00000000080025c4                EXTI4_IRQHandler
                0x00000000080025c4                RNG_IRQHandler
                0x00000000080025c4                HRTIM1_TIMB_IRQHandler
                0x00000000080025c4                FDCAN2_IT1_IRQHandler
                0x00000000080025c4                ETH_IRQHandler
                0x00000000080025c4                TIM1_UP_IRQHandler
                0x00000000080025c4                BDMA_Channel4_IRQHandler
                0x00000000080025c4                OTG_HS_EP1_OUT_IRQHandler
                0x00000000080025c4                WWDG_IRQHandler
                0x00000000080025c4                SPI6_IRQHandler
                0x00000000080025c4                MDIOS_IRQHandler
                0x00000000080025c4                I2C4_EV_IRQHandler
                0x00000000080025c4                FDCAN2_IT0_IRQHandler
                0x00000000080025c4                LPUART1_IRQHandler
                0x00000000080025c4                FDCAN1_IT0_IRQHandler
                0x00000000080025c4                TIM2_IRQHandler
                0x00000000080025c4                OTG_FS_WKUP_IRQHandler
                0x00000000080025c4                OTG_HS_IRQHandler
                0x00000000080025c4                DMA2D_IRQHandler
                0x00000000080025c4                TIM1_BRK_IRQHandler
                0x00000000080025c4                EXTI1_IRQHandler
                0x00000000080025c4                SDMMC2_IRQHandler
                0x00000000080025c4                OTG_FS_EP1_OUT_IRQHandler
                0x00000000080025c4                BDMA_Channel3_IRQHandler
                0x00000000080025c4                UART7_IRQHandler
                0x00000000080025c4                MDIOS_WKUP_IRQHandler
                0x00000000080025c4                USART2_IRQHandler
                0x00000000080025c4                DFSDM1_FLT0_IRQHandler
                0x00000000080025c4                SAI4_IRQHandler
                0x00000000080025c4                I2C2_ER_IRQHandler
                0x00000000080025c4                DMA2_Stream1_IRQHandler
                0x00000000080025c4                FLASH_IRQHandler
                0x00000000080025c4                DMA2_Stream4_IRQHandler
                0x00000000080025c4                USART1_IRQHandler
                0x00000000080025c4                OTG_FS_IRQHandler
                0x00000000080025c4                SPI3_IRQHandler
                0x00000000080025c4                WAKEUP_PIN_IRQHandler
                0x00000000080025c4                DMA1_Stream4_IRQHandler
                0x00000000080025c4                OTG_FS_EP1_IN_IRQHandler
                0x00000000080025c4                I2C1_ER_IRQHandler
                0x00000000080025c4                FMC_IRQHandler
                0x00000000080025c4                FDCAN_CAL_IRQHandler
                0x00000000080025c4                SWPMI1_IRQHandler
                0x00000000080025c4                COMP1_IRQHandler
                0x00000000080025c4                LPTIM1_IRQHandler
                0x00000000080025c4                I2C4_ER_IRQHandler
                0x00000000080025c4                DMA2_Stream6_IRQHandler
                0x00000000080025c4                SAI1_IRQHandler
                0x00000000080025c4                DMA1_Stream3_IRQHandler
 *fill*         0x00000000080025c6        0x2 
 .text.HAL_Init
                0x00000000080025c8       0x70 Drivers/STM32H7xx_HAL_Driver/Src/stm32h7xx_hal.o
                0x00000000080025c8                HAL_Init
 .text.HAL_InitTick
                0x0000000008002638       0x6c Drivers/STM32H7xx_HAL_Driver/Src/stm32h7xx_hal.o
                0x0000000008002638                HAL_InitTick
 .text.HAL_IncTick
                0x00000000080026a4       0x28 Drivers/STM32H7xx_HAL_Driver/Src/stm32h7xx_hal.o
                0x00000000080026a4                HAL_IncTick
 .text.HAL_GetTick
                0x00000000080026cc       0x18 Drivers/STM32H7xx_HAL_Driver/Src/stm32h7xx_hal.o
                0x00000000080026cc                HAL_GetTick
 .text.HAL_Delay
                0x00000000080026e4       0x44 Drivers/STM32H7xx_HAL_Driver/Src/stm32h7xx_hal.o
                0x00000000080026e4                HAL_Delay
 .text.HAL_GetREVID
                0x0000000008002728       0x18 Drivers/STM32H7xx_HAL_Driver/Src/stm32h7xx_hal.o
                0x0000000008002728                HAL_GetREVID
 .text.__NVIC_SetPriorityGrouping
                0x0000000008002740       0x48 Drivers/STM32H7xx_HAL_Driver/Src/stm32h7xx_hal_cortex.o
 .text.__NVIC_GetPriorityGrouping
                0x0000000008002788       0x1c Drivers/STM32H7xx_HAL_Driver/Src/stm32h7xx_hal_cortex.o
 .text.__NVIC_EnableIRQ
                0x00000000080027a4       0x3c Drivers/STM32H7xx_HAL_Driver/Src/stm32h7xx_hal_cortex.o
 .text.__NVIC_DisableIRQ
                0x00000000080027e0       0x44 Drivers/STM32H7xx_HAL_Driver/Src/stm32h7xx_hal_cortex.o
 .text.__NVIC_SetPriority
                0x0000000008002824       0x54 Drivers/STM32H7xx_HAL_Driver/Src/stm32h7xx_hal_cortex.o
 .text.NVIC_EncodePriority
                0x0000000008002878       0x66 Drivers/STM32H7xx_HAL_Driver/Src/stm32h7xx_hal_cortex.o
 *fill*         0x00000000080028de        0x2 
 .text.SysTick_Config
                0x00000000080028e0       0x44 Drivers/STM32H7xx_HAL_Driver/Src/stm32h7xx_hal_cortex.o
 .text.HAL_NVIC_SetPriorityGrouping
                0x0000000008002924       0x16 Drivers/STM32H7xx_HAL_Driver/Src/stm32h7xx_hal_cortex.o
                0x0000000008002924                HAL_NVIC_SetPriorityGrouping
 .text.HAL_NVIC_SetPriority
                0x000000000800293a       0x34 Drivers/STM32H7xx_HAL_Driver/Src/stm32h7xx_hal_cortex.o
                0x000000000800293a                HAL_NVIC_SetPriority
 .text.HAL_NVIC_EnableIRQ
                0x000000000800296e       0x1c Drivers/STM32H7xx_HAL_Driver/Src/stm32h7xx_hal_cortex.o
                0x000000000800296e                HAL_NVIC_EnableIRQ
 .text.HAL_NVIC_DisableIRQ
                0x000000000800298a       0x1c Drivers/STM32H7xx_HAL_Driver/Src/stm32h7xx_hal_cortex.o
                0x000000000800298a                HAL_NVIC_DisableIRQ
 .text.HAL_SYSTICK_Config
                0x00000000080029a6       0x18 Drivers/STM32H7xx_HAL_Driver/Src/stm32h7xx_hal_cortex.o
                0x00000000080029a6                HAL_SYSTICK_Config
 *fill*         0x00000000080029be        0x2 
 .text.HAL_DMA_Abort_IT
                0x00000000080029c0      0x32c Drivers/STM32H7xx_HAL_Driver/Src/stm32h7xx_hal_dma.o
                0x00000000080029c0                HAL_DMA_Abort_IT
 .text.HAL_GPIO_Init
                0x0000000008002cec      0x360 Drivers/STM32H7xx_HAL_Driver/Src/stm32h7xx_hal_gpio.o
                0x0000000008002cec                HAL_GPIO_Init
 .text.HAL_GPIO_DeInit
                0x000000000800304c      0x214 Drivers/STM32H7xx_HAL_Driver/Src/stm32h7xx_hal_gpio.o
                0x000000000800304c                HAL_GPIO_DeInit
 .text.HAL_GPIO_WritePin
                0x0000000008003260       0x32 Drivers/STM32H7xx_HAL_Driver/Src/stm32h7xx_hal_gpio.o
                0x0000000008003260                HAL_GPIO_WritePin
 *fill*         0x0000000008003292        0x2 
 .text.HAL_I2C_Init
                0x0000000008003294      0x120 Drivers/STM32H7xx_HAL_Driver/Src/stm32h7xx_hal_i2c.o
                0x0000000008003294                HAL_I2C_Init
 .text.HAL_I2C_Master_Transmit
                0x00000000080033b4      0x1e8 Drivers/STM32H7xx_HAL_Driver/Src/stm32h7xx_hal_i2c.o
                0x00000000080033b4                HAL_I2C_Master_Transmit
 .text.HAL_I2C_Master_Receive
                0x000000000800359c      0x1ec Drivers/STM32H7xx_HAL_Driver/Src/stm32h7xx_hal_i2c.o
                0x000000000800359c                HAL_I2C_Master_Receive
 .text.HAL_I2C_Slave_Transmit
                0x0000000008003788      0x212 Drivers/STM32H7xx_HAL_Driver/Src/stm32h7xx_hal_i2c.o
                0x0000000008003788                HAL_I2C_Slave_Transmit
 *fill*         0x000000000800399a        0x2 
 .text.HAL_I2C_Slave_Receive_IT
                0x000000000800399c       0xa0 Drivers/STM32H7xx_HAL_Driver/Src/stm32h7xx_hal_i2c.o
                0x000000000800399c                HAL_I2C_Slave_Receive_IT
 .text.HAL_I2C_EV_IRQHandler
                0x0000000008003a3c       0x34 Drivers/STM32H7xx_HAL_Driver/Src/stm32h7xx_hal_i2c.o
                0x0000000008003a3c                HAL_I2C_EV_IRQHandler
 .text.HAL_I2C_MasterTxCpltCallback
                0x0000000008003a70       0x14 Drivers/STM32H7xx_HAL_Driver/Src/stm32h7xx_hal_i2c.o
                0x0000000008003a70                HAL_I2C_MasterTxCpltCallback
 .text.HAL_I2C_MasterRxCpltCallback
                0x0000000008003a84       0x14 Drivers/STM32H7xx_HAL_Driver/Src/stm32h7xx_hal_i2c.o
                0x0000000008003a84                HAL_I2C_MasterRxCpltCallback
 .text.HAL_I2C_SlaveTxCpltCallback
                0x0000000008003a98       0x14 Drivers/STM32H7xx_HAL_Driver/Src/stm32h7xx_hal_i2c.o
                0x0000000008003a98                HAL_I2C_SlaveTxCpltCallback
 .text.HAL_I2C_AddrCallback
                0x0000000008003aac       0x1c Drivers/STM32H7xx_HAL_Driver/Src/stm32h7xx_hal_i2c.o
                0x0000000008003aac                HAL_I2C_AddrCallback
 .text.HAL_I2C_ListenCpltCallback
                0x0000000008003ac8       0x14 Drivers/STM32H7xx_HAL_Driver/Src/stm32h7xx_hal_i2c.o
                0x0000000008003ac8                HAL_I2C_ListenCpltCallback
 .text.HAL_I2C_MemTxCpltCallback
                0x0000000008003adc       0x14 Drivers/STM32H7xx_HAL_Driver/Src/stm32h7xx_hal_i2c.o
                0x0000000008003adc                HAL_I2C_MemTxCpltCallback
 .text.HAL_I2C_MemRxCpltCallback
                0x0000000008003af0       0x14 Drivers/STM32H7xx_HAL_Driver/Src/stm32h7xx_hal_i2c.o
                0x0000000008003af0                HAL_I2C_MemRxCpltCallback
 .text.HAL_I2C_ErrorCallback
                0x0000000008003b04       0x14 Drivers/STM32H7xx_HAL_Driver/Src/stm32h7xx_hal_i2c.o
                0x0000000008003b04                HAL_I2C_ErrorCallback
 .text.HAL_I2C_AbortCpltCallback
                0x0000000008003b18       0x14 Drivers/STM32H7xx_HAL_Driver/Src/stm32h7xx_hal_i2c.o
                0x0000000008003b18                HAL_I2C_AbortCpltCallback
 .text.I2C_Slave_ISR_IT
                0x0000000008003b2c      0x20e Drivers/STM32H7xx_HAL_Driver/Src/stm32h7xx_hal_i2c.o
 .text.I2C_Master_ISR_DMA
                0x0000000008003d3a      0x1e6 Drivers/STM32H7xx_HAL_Driver/Src/stm32h7xx_hal_i2c.o
 .text.I2C_Slave_ISR_DMA
                0x0000000008003f20      0x394 Drivers/STM32H7xx_HAL_Driver/Src/stm32h7xx_hal_i2c.o
 .text.I2C_ITAddrCplt
                0x00000000080042b4      0x104 Drivers/STM32H7xx_HAL_Driver/Src/stm32h7xx_hal_i2c.o
 .text.I2C_ITMasterSeqCplt
                0x00000000080043b8       0x7a Drivers/STM32H7xx_HAL_Driver/Src/stm32h7xx_hal_i2c.o
 .text.I2C_ITSlaveSeqCplt
                0x0000000008004432       0x7a Drivers/STM32H7xx_HAL_Driver/Src/stm32h7xx_hal_i2c.o
 .text.I2C_ITMasterCplt
                0x00000000080044ac      0x138 Drivers/STM32H7xx_HAL_Driver/Src/stm32h7xx_hal_i2c.o
 .text.I2C_ITSlaveCplt
                0x00000000080045e4      0x38c Drivers/STM32H7xx_HAL_Driver/Src/stm32h7xx_hal_i2c.o
 .text.I2C_ITListenCplt
                0x0000000008004970       0xa8 Drivers/STM32H7xx_HAL_Driver/Src/stm32h7xx_hal_i2c.o
 .text.I2C_ITError
                0x0000000008004a18      0x180 Drivers/STM32H7xx_HAL_Driver/Src/stm32h7xx_hal_i2c.o
 .text.I2C_Flush_TXDR
                0x0000000008004b98       0x48 Drivers/STM32H7xx_HAL_Driver/Src/stm32h7xx_hal_i2c.o
 .text.I2C_DMAAbort
                0x0000000008004be0       0x48 Drivers/STM32H7xx_HAL_Driver/Src/stm32h7xx_hal_i2c.o
 .text.I2C_WaitOnFlagUntilTimeout
                0x0000000008004c28       0x80 Drivers/STM32H7xx_HAL_Driver/Src/stm32h7xx_hal_i2c.o
 .text.I2C_WaitOnTXISFlagUntilTimeout
                0x0000000008004ca8       0x80 Drivers/STM32H7xx_HAL_Driver/Src/stm32h7xx_hal_i2c.o
 .text.I2C_WaitOnSTOPFlagUntilTimeout
                0x0000000008004d28       0x78 Drivers/STM32H7xx_HAL_Driver/Src/stm32h7xx_hal_i2c.o
 .text.I2C_WaitOnRXNEFlagUntilTimeout
                0x0000000008004da0       0xd8 Drivers/STM32H7xx_HAL_Driver/Src/stm32h7xx_hal_i2c.o
 .text.I2C_IsAcknowledgeFailed
                0x0000000008004e78       0xcc Drivers/STM32H7xx_HAL_Driver/Src/stm32h7xx_hal_i2c.o
 .text.I2C_TransferConfig
                0x0000000008004f44       0x5c Drivers/STM32H7xx_HAL_Driver/Src/stm32h7xx_hal_i2c.o
 .text.I2C_Enable_IRQ
                0x0000000008004fa0       0xdc Drivers/STM32H7xx_HAL_Driver/Src/stm32h7xx_hal_i2c.o
 .text.I2C_Disable_IRQ
                0x000000000800507c       0xca Drivers/STM32H7xx_HAL_Driver/Src/stm32h7xx_hal_i2c.o
 .text.HAL_I2CEx_ConfigAnalogFilter
                0x0000000008005146       0x96 Drivers/STM32H7xx_HAL_Driver/Src/stm32h7xx_hal_i2c_ex.o
                0x0000000008005146                HAL_I2CEx_ConfigAnalogFilter
 .text.HAL_I2CEx_ConfigDigitalFilter
                0x00000000080051dc       0x98 Drivers/STM32H7xx_HAL_Driver/Src/stm32h7xx_hal_i2c_ex.o
                0x00000000080051dc                HAL_I2CEx_ConfigDigitalFilter
 .text.HAL_JPEG_Init
                0x0000000008005274      0x104 Drivers/STM32H7xx_HAL_Driver/Src/stm32h7xx_hal_jpeg.o
                0x0000000008005274                HAL_JPEG_Init
 .text.HAL_JPEG_GetInfo
                0x0000000008005378      0x12a Drivers/STM32H7xx_HAL_Driver/Src/stm32h7xx_hal_jpeg.o
                0x0000000008005378                HAL_JPEG_GetInfo
 .text.HAL_JPEG_Decode
                0x00000000080054a2      0x110 Drivers/STM32H7xx_HAL_Driver/Src/stm32h7xx_hal_jpeg.o
                0x00000000080054a2                HAL_JPEG_Decode
 .text.HAL_JPEG_Pause
                0x00000000080055b2       0xb0 Drivers/STM32H7xx_HAL_Driver/Src/stm32h7xx_hal_jpeg.o
                0x00000000080055b2                HAL_JPEG_Pause
 .text.HAL_JPEG_InfoReadyCallback
                0x0000000008005662       0x16 Drivers/STM32H7xx_HAL_Driver/Src/stm32h7xx_hal_jpeg.o
                0x0000000008005662                HAL_JPEG_InfoReadyCallback
 .text.HAL_JPEG_EncodeCpltCallback
                0x0000000008005678       0x14 Drivers/STM32H7xx_HAL_Driver/Src/stm32h7xx_hal_jpeg.o
                0x0000000008005678                HAL_JPEG_EncodeCpltCallback
 .text.HAL_JPEG_DecodeCpltCallback
                0x000000000800568c       0x14 Drivers/STM32H7xx_HAL_Driver/Src/stm32h7xx_hal_jpeg.o
                0x000000000800568c                HAL_JPEG_DecodeCpltCallback
 .text.HAL_JPEG_GetDataCallback
                0x00000000080056a0       0x16 Drivers/STM32H7xx_HAL_Driver/Src/stm32h7xx_hal_jpeg.o
                0x00000000080056a0                HAL_JPEG_GetDataCallback
 .text.HAL_JPEG_DataReadyCallback
                0x00000000080056b6       0x18 Drivers/STM32H7xx_HAL_Driver/Src/stm32h7xx_hal_jpeg.o
                0x00000000080056b6                HAL_JPEG_DataReadyCallback
 .text.JPEG_Bits_To_SizeCodes
                0x00000000080056ce       0xea Drivers/STM32H7xx_HAL_Driver/Src/stm32h7xx_hal_jpeg.o
 .text.JPEG_ACHuff_BitsVals_To_SizeCodes
                0x00000000080057b8      0x110 Drivers/STM32H7xx_HAL_Driver/Src/stm32h7xx_hal_jpeg.o
 .text.JPEG_DCHuff_BitsVals_To_SizeCodes
                0x00000000080058c8       0xba Drivers/STM32H7xx_HAL_Driver/Src/stm32h7xx_hal_jpeg.o
 .text.JPEG_Set_HuffDC_Mem
                0x0000000008005982      0x108 Drivers/STM32H7xx_HAL_Driver/Src/stm32h7xx_hal_jpeg.o
 *fill*         0x0000000008005a8a        0x2 
 .text.JPEG_Set_HuffAC_Mem
                0x0000000008005a8c      0x1c4 Drivers/STM32H7xx_HAL_Driver/Src/stm32h7xx_hal_jpeg.o
 .text.JPEG_Set_HuffEnc_Mem
                0x0000000008005c50       0xa8 Drivers/STM32H7xx_HAL_Driver/Src/stm32h7xx_hal_jpeg.o
 .text.JPEG_Set_Huff_DHTMem
                0x0000000008005cf8      0x45c Drivers/STM32H7xx_HAL_Driver/Src/stm32h7xx_hal_jpeg.o
 .text.JPEG_Init_Process
                0x0000000008006154       0xe8 Drivers/STM32H7xx_HAL_Driver/Src/stm32h7xx_hal_jpeg.o
 .text.JPEG_Process
                0x000000000800623c      0x184 Drivers/STM32H7xx_HAL_Driver/Src/stm32h7xx_hal_jpeg.o
 .text.JPEG_StoreOutputData
                0x00000000080063c0      0x20e Drivers/STM32H7xx_HAL_Driver/Src/stm32h7xx_hal_jpeg.o
 .text.JPEG_ReadInputData
                0x00000000080065ce      0x1cc Drivers/STM32H7xx_HAL_Driver/Src/stm32h7xx_hal_jpeg.o
 *fill*         0x000000000800679a        0x2 
 .text.JPEG_GetQuality
                0x000000000800679c       0xbc Drivers/STM32H7xx_HAL_Driver/Src/stm32h7xx_hal_jpeg.o
 .text.HAL_PWREx_ConfigSupply
                0x0000000008006858       0x70 Drivers/STM32H7xx_HAL_Driver/Src/stm32h7xx_hal_pwr_ex.o
                0x0000000008006858                HAL_PWREx_ConfigSupply
 .text.HAL_RCC_OscConfig
                0x00000000080068c8      0x770 Drivers/STM32H7xx_HAL_Driver/Src/stm32h7xx_hal_rcc.o
                0x00000000080068c8                HAL_RCC_OscConfig
 .text.HAL_RCC_ClockConfig
                0x0000000008007038      0x348 Drivers/STM32H7xx_HAL_Driver/Src/stm32h7xx_hal_rcc.o
                0x0000000008007038                HAL_RCC_ClockConfig
 .text.HAL_RCC_GetSysClockFreq
                0x0000000008007380      0x2e4 Drivers/STM32H7xx_HAL_Driver/Src/stm32h7xx_hal_rcc.o
                0x0000000008007380                HAL_RCC_GetSysClockFreq
 .text.HAL_RCC_GetHCLKFreq
                0x0000000008007664       0x38 Drivers/STM32H7xx_HAL_Driver/Src/stm32h7xx_hal_rcc.o
                0x0000000008007664                HAL_RCC_GetHCLKFreq
 .text.HAL_RCC_GetPCLK1Freq
                0x000000000800769c       0x2c Drivers/STM32H7xx_HAL_Driver/Src/stm32h7xx_hal_rcc.o
                0x000000000800769c                HAL_RCC_GetPCLK1Freq
 .text.HAL_RCC_GetPCLK2Freq
                0x00000000080076c8       0x2c Drivers/STM32H7xx_HAL_Driver/Src/stm32h7xx_hal_rcc.o
                0x00000000080076c8                HAL_RCC_GetPCLK2Freq
 .text.HAL_RCCEx_PeriphCLKConfig
                0x00000000080076f4      0xde0 Drivers/STM32H7xx_HAL_Driver/Src/stm32h7xx_hal_rcc_ex.o
                0x00000000080076f4                HAL_RCCEx_PeriphCLKConfig
 .text.HAL_RCCEx_GetD3PCLK1Freq
                0x00000000080084d4       0x2c Drivers/STM32H7xx_HAL_Driver/Src/stm32h7xx_hal_rcc_ex.o
                0x00000000080084d4                HAL_RCCEx_GetD3PCLK1Freq
 .text.HAL_RCCEx_GetPLL2ClockFreq
                0x0000000008008500      0x298 Drivers/STM32H7xx_HAL_Driver/Src/stm32h7xx_hal_rcc_ex.o
                0x0000000008008500                HAL_RCCEx_GetPLL2ClockFreq
 .text.HAL_RCCEx_GetPLL3ClockFreq
                0x0000000008008798      0x298 Drivers/STM32H7xx_HAL_Driver/Src/stm32h7xx_hal_rcc_ex.o
                0x0000000008008798                HAL_RCCEx_GetPLL3ClockFreq
 .text.HAL_RCCEx_GetD1SysClockFreq
                0x0000000008008a30       0x38 Drivers/STM32H7xx_HAL_Driver/Src/stm32h7xx_hal_rcc_ex.o
                0x0000000008008a30                HAL_RCCEx_GetD1SysClockFreq
 .text.RCCEx_PLL2_Config
                0x0000000008008a68      0x164 Drivers/STM32H7xx_HAL_Driver/Src/stm32h7xx_hal_rcc_ex.o
 .text.RCCEx_PLL3_Config
                0x0000000008008bcc      0x164 Drivers/STM32H7xx_HAL_Driver/Src/stm32h7xx_hal_rcc_ex.o
 .text.HAL_UART_Init
                0x0000000008008d30       0xa0 Drivers/STM32H7xx_HAL_Driver/Src/stm32h7xx_hal_uart.o
                0x0000000008008d30                HAL_UART_Init
 .text.HAL_UART_DeInit
                0x0000000008008dd0       0x72 Drivers/STM32H7xx_HAL_Driver/Src/stm32h7xx_hal_uart.o
                0x0000000008008dd0                HAL_UART_DeInit
 .text.HAL_UART_Receive
                0x0000000008008e42      0x1a0 Drivers/STM32H7xx_HAL_Driver/Src/stm32h7xx_hal_uart.o
                0x0000000008008e42                HAL_UART_Receive
 *fill*         0x0000000008008fe2        0x2 
 .text.HAL_UART_IRQHandler
                0x0000000008008fe4      0x300 Drivers/STM32H7xx_HAL_Driver/Src/stm32h7xx_hal_uart.o
                0x0000000008008fe4                HAL_UART_IRQHandler
 .text.HAL_UART_TxCpltCallback
                0x00000000080092e4       0x14 Drivers/STM32H7xx_HAL_Driver/Src/stm32h7xx_hal_uart.o
                0x00000000080092e4                HAL_UART_TxCpltCallback
 .text.HAL_UART_ErrorCallback
                0x00000000080092f8       0x14 Drivers/STM32H7xx_HAL_Driver/Src/stm32h7xx_hal_uart.o
                0x00000000080092f8                HAL_UART_ErrorCallback
 *fill*         0x000000000800930c        0x4 
 .text.UART_SetConfig
                0x0000000008009310     0x22fc Drivers/STM32H7xx_HAL_Driver/Src/stm32h7xx_hal_uart.o
                0x0000000008009310                UART_SetConfig
 .text.UART_AdvFeatureConfig
                0x000000000800b60c      0x144 Drivers/STM32H7xx_HAL_Driver/Src/stm32h7xx_hal_uart.o
                0x000000000800b60c                UART_AdvFeatureConfig
 .text.UART_CheckIdleState
                0x000000000800b750       0x90 Drivers/STM32H7xx_HAL_Driver/Src/stm32h7xx_hal_uart.o
                0x000000000800b750                UART_CheckIdleState
 .text.UART_WaitOnFlagUntilTimeout
                0x000000000800b7e0      0x100 Drivers/STM32H7xx_HAL_Driver/Src/stm32h7xx_hal_uart.o
                0x000000000800b7e0                UART_WaitOnFlagUntilTimeout
 .text.UART_EndRxTransfer
                0x000000000800b8e0       0x48 Drivers/STM32H7xx_HAL_Driver/Src/stm32h7xx_hal_uart.o
 .text.UART_DMAAbortOnError
                0x000000000800b928       0x2c Drivers/STM32H7xx_HAL_Driver/Src/stm32h7xx_hal_uart.o
 .text.UART_EndTransmit_IT
                0x000000000800b954       0x34 Drivers/STM32H7xx_HAL_Driver/Src/stm32h7xx_hal_uart.o
 .text.HAL_UARTEx_WakeupCallback
                0x000000000800b988       0x14 Drivers/STM32H7xx_HAL_Driver/Src/stm32h7xx_hal_uart_ex.o
                0x000000000800b988                HAL_UARTEx_WakeupCallback
 .text.HAL_UARTEx_RxFifoFullCallback
                0x000000000800b99c       0x14 Drivers/STM32H7xx_HAL_Driver/Src/stm32h7xx_hal_uart_ex.o
                0x000000000800b99c                HAL_UARTEx_RxFifoFullCallback
 .text.HAL_UARTEx_TxFifoEmptyCallback
                0x000000000800b9b0       0x14 Drivers/STM32H7xx_HAL_Driver/Src/stm32h7xx_hal_uart_ex.o
                0x000000000800b9b0                HAL_UARTEx_TxFifoEmptyCallback
 .text.HAL_UARTEx_EnableFifoMode
                0x000000000800b9c4       0x76 Drivers/STM32H7xx_HAL_Driver/Src/stm32h7xx_hal_uart_ex.o
                0x000000000800b9c4                HAL_UARTEx_EnableFifoMode
 .text.HAL_UARTEx_SetTxFifoThreshold
                0x000000000800ba3a       0x7c Drivers/STM32H7xx_HAL_Driver/Src/stm32h7xx_hal_uart_ex.o
                0x000000000800ba3a                HAL_UARTEx_SetTxFifoThreshold
 .text.HAL_UARTEx_SetRxFifoThreshold
                0x000000000800bab6       0x7c Drivers/STM32H7xx_HAL_Driver/Src/stm32h7xx_hal_uart_ex.o
                0x000000000800bab6                HAL_UARTEx_SetRxFifoThreshold
 *fill*         0x000000000800bb32        0x2 
 .text.UARTEx_SetNbDataToProcess
                0x000000000800bb34       0xd0 Drivers/STM32H7xx_HAL_Driver/Src/stm32h7xx_hal_uart_ex.o
 .text._ZN11HAL_VL53L0X27getSingleRangingMeasurementEP32VL53L0X_RangingMeasurementData_tb
                0x000000000800bc04       0x5e Drivers/VL53L0X_HAL_Compatible_API/src/HAL_VL53L0X.o
                0x000000000800bc04                HAL_VL53L0X::getSingleRangingMeasurement(VL53L0X_RangingMeasurementData_t*, bool)
 *fill*         0x000000000800bc62        0x2 
 .text._ZN11HAL_VL53L0X16printRangeStatusEP32VL53L0X_RangingMeasurementData_t
                0x000000000800bc64       0x3c Drivers/VL53L0X_HAL_Compatible_API/src/HAL_VL53L0X.o
                0x000000000800bc64                HAL_VL53L0X::printRangeStatus(VL53L0X_RangingMeasurementData_t*)
 .text.VL53L0X_GetRangeStatusString
                0x000000000800bca0       0x2a Drivers/VL53L0X_HAL_Compatible_API/src/core/src/vl53l0x_api.o
                0x000000000800bca0                VL53L0X_GetRangeStatusString
 *fill*         0x000000000800bcca        0x2 
 .text.VL53L0X_SetDeviceMode
                0x000000000800bccc       0x90 Drivers/VL53L0X_HAL_Compatible_API/src/core/src/vl53l0x_api.o
                0x000000000800bccc                VL53L0X_SetDeviceMode
 .text.VL53L0X_GetDeviceMode
                0x000000000800bd5c       0x26 Drivers/VL53L0X_HAL_Compatible_API/src/core/src/vl53l0x_api.o
                0x000000000800bd5c                VL53L0X_GetDeviceMode
 .text.VL53L0X_GetXTalkCompensationEnable
                0x000000000800bd82       0x2a Drivers/VL53L0X_HAL_Compatible_API/src/core/src/vl53l0x_api.o
                0x000000000800bd82                VL53L0X_GetXTalkCompensationEnable
 .text.VL53L0X_GetLimitCheckEnable
                0x000000000800bdac       0x46 Drivers/VL53L0X_HAL_Compatible_API/src/core/src/vl53l0x_api.o
                0x000000000800bdac                VL53L0X_GetLimitCheckEnable
 *fill*         0x000000000800bdf2        0x2 
 .text.VL53L0X_GetLimitCheckValue
                0x000000000800bdf4      0x11c Drivers/VL53L0X_HAL_Compatible_API/src/core/src/vl53l0x_api.o
                0x000000000800bdf4                VL53L0X_GetLimitCheckValue
 .text.VL53L0X_GetLimitCheckCurrent
                0x000000000800bf10       0xec Drivers/VL53L0X_HAL_Compatible_API/src/core/src/vl53l0x_api.o
                0x000000000800bf10                VL53L0X_GetLimitCheckCurrent
 .text.VL53L0X_PerformSingleMeasurement
                0x000000000800bffc       0x68 Drivers/VL53L0X_HAL_Compatible_API/src/core/src/vl53l0x_api.o
                0x000000000800bffc                VL53L0X_PerformSingleMeasurement
 .text._Z37VL53L0X_CheckAndLoadInterruptSettingsP13VL53L0X_Dev_th
                0x000000000800c064       0xcc Drivers/VL53L0X_HAL_Compatible_API/src/core/src/vl53l0x_api.o
                0x000000000800c064                VL53L0X_CheckAndLoadInterruptSettings(VL53L0X_Dev_t*, unsigned char)
 .text.VL53L0X_StartMeasurement
                0x000000000800c130      0x17c Drivers/VL53L0X_HAL_Compatible_API/src/core/src/vl53l0x_api.o
                0x000000000800c130                VL53L0X_StartMeasurement
 .text.VL53L0X_GetMeasurementDataReady
                0x000000000800c2ac       0x80 Drivers/VL53L0X_HAL_Compatible_API/src/core/src/vl53l0x_api.o
                0x000000000800c2ac                VL53L0X_GetMeasurementDataReady
 .text.VL53L0X_GetRangingMeasurementData
                0x000000000800c32c      0x230 Drivers/VL53L0X_HAL_Compatible_API/src/core/src/vl53l0x_api.o
                0x000000000800c32c                VL53L0X_GetRangingMeasurementData
 .text.VL53L0X_PerformSingleRangingMeasurement
                0x000000000800c55c       0x60 Drivers/VL53L0X_HAL_Compatible_API/src/core/src/vl53l0x_api.o
                0x000000000800c55c                VL53L0X_PerformSingleRangingMeasurement
 .text.VL53L0X_GetInterruptThresholds
                0x000000000800c5bc       0x6c Drivers/VL53L0X_HAL_Compatible_API/src/core/src/vl53l0x_api.o
                0x000000000800c5bc                VL53L0X_GetInterruptThresholds
 .text.VL53L0X_ClearInterruptMask
                0x000000000800c628       0x82 Drivers/VL53L0X_HAL_Compatible_API/src/core/src/vl53l0x_api.o
                0x000000000800c628                VL53L0X_ClearInterruptMask
 .text.VL53L0X_GetInterruptMaskStatus
                0x000000000800c6aa       0x44 Drivers/VL53L0X_HAL_Compatible_API/src/core/src/vl53l0x_api.o
                0x000000000800c6aa                VL53L0X_GetInterruptMaskStatus
 .text._ZSt3absd
                0x000000000800c6ee       0x20 Drivers/VL53L0X_HAL_Compatible_API/src/core/src/vl53l0x_api_core.o
                0x000000000800c6ee                std::abs(double)
 .text.VL53L0X_measurement_poll_for_completion
                0x000000000800c70e       0x5e Drivers/VL53L0X_HAL_Compatible_API/src/core/src/vl53l0x_api_core.o
                0x000000000800c70e                VL53L0X_measurement_poll_for_completion
 .text.VL53L0X_isqrt
                0x000000000800c76c       0x68 Drivers/VL53L0X_HAL_Compatible_API/src/core/src/vl53l0x_api_core.o
                0x000000000800c76c                VL53L0X_isqrt
 .text._Z28VL53L0X_calc_macro_period_psP13VL53L0X_Dev_th
                0x000000000800c7d4       0x3a Drivers/VL53L0X_HAL_Compatible_API/src/core/src/vl53l0x_api_core.o
                0x000000000800c7d4                VL53L0X_calc_macro_period_ps(VL53L0X_Dev_t*, unsigned char)
 *fill*         0x000000000800c80e        0x2 
 .text.VL53L0X_calc_timeout_mclks
                0x000000000800c810       0x54 Drivers/VL53L0X_HAL_Compatible_API/src/core/src/vl53l0x_api_core.o
                0x000000000800c810                VL53L0X_calc_timeout_mclks
 .text.VL53L0X_load_tuning_settings
                0x000000000800c864      0x1dc Drivers/VL53L0X_HAL_Compatible_API/src/core/src/vl53l0x_api_core.o
                0x000000000800c864                VL53L0X_load_tuning_settings
 .text.VL53L0X_get_total_xtalk_rate
                0x000000000800ca40       0x5e Drivers/VL53L0X_HAL_Compatible_API/src/core/src/vl53l0x_api_core.o
                0x000000000800ca40                VL53L0X_get_total_xtalk_rate
 .text.VL53L0X_get_total_signal_rate
                0x000000000800ca9e       0x4a Drivers/VL53L0X_HAL_Compatible_API/src/core/src/vl53l0x_api_core.o
                0x000000000800ca9e                VL53L0X_get_total_signal_rate
 .text._Z17VL53L0X_calc_dmaxP13VL53L0X_Dev_tmmmmmmPm
                0x000000000800cae8      0x22c Drivers/VL53L0X_HAL_Compatible_API/src/core/src/vl53l0x_api_core.o
                0x000000000800cae8                VL53L0X_calc_dmax(VL53L0X_Dev_t*, unsigned long, unsigned long, unsigned long, unsigned long, unsigned long, unsigned long, unsigned long*)
 .text.VL53L0X_calc_sigma_estimate
                0x000000000800cd14      0x43c Drivers/VL53L0X_HAL_Compatible_API/src/core/src/vl53l0x_api_core.o
                0x000000000800cd14                VL53L0X_calc_sigma_estimate
 .text.VL53L0X_get_pal_range_status
                0x000000000800d150      0x39e Drivers/VL53L0X_HAL_Compatible_API/src/core/src/vl53l0x_api_core.o
                0x000000000800d150                VL53L0X_get_pal_range_status
 *fill*         0x000000000800d4ee        0x2 
 .text.VL53L0X_get_range_status_string
                0x000000000800d4f0       0xf4 Drivers/VL53L0X_HAL_Compatible_API/src/core/src/vl53l0x_api_strings.o
                0x000000000800d4f0                VL53L0X_get_range_status_string
 .text._Z19VL53L0X_write_multihhPhmP19__I2C_HandleTypeDef
                0x000000000800d5e4       0x56 Drivers/VL53L0X_HAL_Compatible_API/src/platform/src/vl53l0x_i2c_comms.o
                0x000000000800d5e4                VL53L0X_write_multi(unsigned char, unsigned char, unsigned char*, unsigned long, __I2C_HandleTypeDef*)
 .text._Z18VL53L0X_read_multihhPhmP19__I2C_HandleTypeDef
                0x000000000800d63a       0x5c Drivers/VL53L0X_HAL_Compatible_API/src/platform/src/vl53l0x_i2c_comms.o
                0x000000000800d63a                VL53L0X_read_multi(unsigned char, unsigned char, unsigned char*, unsigned long, __I2C_HandleTypeDef*)
 .text._Z18VL53L0X_write_bytehhhP19__I2C_HandleTypeDef
                0x000000000800d696       0x2e Drivers/VL53L0X_HAL_Compatible_API/src/platform/src/vl53l0x_i2c_comms.o
                0x000000000800d696                VL53L0X_write_byte(unsigned char, unsigned char, unsigned char, __I2C_HandleTypeDef*)
 .text._Z17VL53L0X_read_bytehhPhP19__I2C_HandleTypeDef
                0x000000000800d6c4       0x2c Drivers/VL53L0X_HAL_Compatible_API/src/platform/src/vl53l0x_i2c_comms.o
                0x000000000800d6c4                VL53L0X_read_byte(unsigned char, unsigned char, unsigned char*, __I2C_HandleTypeDef*)
 .text._Z17VL53L0X_read_wordhhPtP19__I2C_HandleTypeDef
                0x000000000800d6f0       0x4a Drivers/VL53L0X_HAL_Compatible_API/src/platform/src/vl53l0x_i2c_comms.o
                0x000000000800d6f0                VL53L0X_read_word(unsigned char, unsigned char, unsigned short*, __I2C_HandleTypeDef*)
 .text.VL53L0X_WriteMulti
                0x000000000800d73a       0x56 Drivers/VL53L0X_HAL_Compatible_API/src/platform/src/vl53l0x_platform.o
                0x000000000800d73a                VL53L0X_WriteMulti
 .text.VL53L0X_ReadMulti
                0x000000000800d790       0x52 Drivers/VL53L0X_HAL_Compatible_API/src/platform/src/vl53l0x_platform.o
                0x000000000800d790                VL53L0X_ReadMulti
 .text.VL53L0X_WrByte
                0x000000000800d7e2       0x44 Drivers/VL53L0X_HAL_Compatible_API/src/platform/src/vl53l0x_platform.o
                0x000000000800d7e2                VL53L0X_WrByte
 .text.VL53L0X_RdByte
                0x000000000800d826       0x42 Drivers/VL53L0X_HAL_Compatible_API/src/platform/src/vl53l0x_platform.o
                0x000000000800d826                VL53L0X_RdByte
 .text.VL53L0X_RdWord
                0x000000000800d868       0x42 Drivers/VL53L0X_HAL_Compatible_API/src/platform/src/vl53l0x_platform.o
                0x000000000800d868                VL53L0X_RdWord
 .text.VL53L0X_PollingDelay
                0x000000000800d8aa       0x3a Drivers/VL53L0X_HAL_Compatible_API/src/platform/src/vl53l0x_platform.o
                0x000000000800d8aa                VL53L0X_PollingDelay
 .text.__errno  0x000000000800d8e4        0xc c:/st/stm32cubeide_1.1.0/stm32cubeide/plugins/com.st.stm32cube.ide.mcu.externaltools.gnu-tools-for-stm32.7-2018-q2-update.win32_1.0.0.201904181610/tools/bin/../lib/gcc/arm-none-eabi/7.3.1/../../../../arm-none-eabi/lib/thumb/v7e-m/fpv5/hard\libc_nano.a(lib_a-errno.o)
                0x000000000800d8e4                __errno
 .text.__libc_init_array
                0x000000000800d8f0       0x48 c:/st/stm32cubeide_1.1.0/stm32cubeide/plugins/com.st.stm32cube.ide.mcu.externaltools.gnu-tools-for-stm32.7-2018-q2-update.win32_1.0.0.201904181610/tools/bin/../lib/gcc/arm-none-eabi/7.3.1/../../../../arm-none-eabi/lib/thumb/v7e-m/fpv5/hard\libc_nano.a(lib_a-init.o)
                0x000000000800d8f0                __libc_init_array
 .text.memset   0x000000000800d938       0x10 c:/st/stm32cubeide_1.1.0/stm32cubeide/plugins/com.st.stm32cube.ide.mcu.externaltools.gnu-tools-for-stm32.7-2018-q2-update.win32_1.0.0.201904181610/tools/bin/../lib/gcc/arm-none-eabi/7.3.1/../../../../arm-none-eabi/lib/thumb/v7e-m/fpv5/hard\libc_nano.a(lib_a-memset.o)
                0x000000000800d938                memset
 .text.printf   0x000000000800d948       0x30 c:/st/stm32cubeide_1.1.0/stm32cubeide/plugins/com.st.stm32cube.ide.mcu.externaltools.gnu-tools-for-stm32.7-2018-q2-update.win32_1.0.0.201904181610/tools/bin/../lib/gcc/arm-none-eabi/7.3.1/../../../../arm-none-eabi/lib/thumb/v7e-m/fpv5/hard\libc_nano.a(lib_a-printf.o)
                0x000000000800d948                iprintf
                0x000000000800d948                printf
 .text.putchar  0x000000000800d978       0x28 c:/st/stm32cubeide_1.1.0/stm32cubeide/plugins/com.st.stm32cube.ide.mcu.externaltools.gnu-tools-for-stm32.7-2018-q2-update.win32_1.0.0.201904181610/tools/bin/../lib/gcc/arm-none-eabi/7.3.1/../../../../arm-none-eabi/lib/thumb/v7e-m/fpv5/hard\libc_nano.a(lib_a-putchar.o)
                0x000000000800d978                putchar
 .text._puts_r  0x000000000800d9a0       0xb8 c:/st/stm32cubeide_1.1.0/stm32cubeide/plugins/com.st.stm32cube.ide.mcu.externaltools.gnu-tools-for-stm32.7-2018-q2-update.win32_1.0.0.201904181610/tools/bin/../lib/gcc/arm-none-eabi/7.3.1/../../../../arm-none-eabi/lib/thumb/v7e-m/fpv5/hard\libc_nano.a(lib_a-puts.o)
                0x000000000800d9a0                _puts_r
 .text.puts     0x000000000800da58       0x10 c:/st/stm32cubeide_1.1.0/stm32cubeide/plugins/com.st.stm32cube.ide.mcu.externaltools.gnu-tools-for-stm32.7-2018-q2-update.win32_1.0.0.201904181610/tools/bin/../lib/gcc/arm-none-eabi/7.3.1/../../../../arm-none-eabi/lib/thumb/v7e-m/fpv5/hard\libc_nano.a(lib_a-puts.o)
                0x000000000800da58                puts
 .text.__swbuf_r
                0x000000000800da68       0xa4 c:/st/stm32cubeide_1.1.0/stm32cubeide/plugins/com.st.stm32cube.ide.mcu.externaltools.gnu-tools-for-stm32.7-2018-q2-update.win32_1.0.0.201904181610/tools/bin/../lib/gcc/arm-none-eabi/7.3.1/../../../../arm-none-eabi/lib/thumb/v7e-m/fpv5/hard\libc_nano.a(lib_a-wbuf.o)
                0x000000000800da68                __swbuf_r
 .text.__swsetup_r
                0x000000000800db0c       0xdc c:/st/stm32cubeide_1.1.0/stm32cubeide/plugins/com.st.stm32cube.ide.mcu.externaltools.gnu-tools-for-stm32.7-2018-q2-update.win32_1.0.0.201904181610/tools/bin/../lib/gcc/arm-none-eabi/7.3.1/../../../../arm-none-eabi/lib/thumb/v7e-m/fpv5/hard\libc_nano.a(lib_a-wsetup.o)
                0x000000000800db0c                __swsetup_r
 .text.__sflush_r
                0x000000000800dbe8      0x10c c:/st/stm32cubeide_1.1.0/stm32cubeide/plugins/com.st.stm32cube.ide.mcu.externaltools.gnu-tools-for-stm32.7-2018-q2-update.win32_1.0.0.201904181610/tools/bin/../lib/gcc/arm-none-eabi/7.3.1/../../../../arm-none-eabi/lib/thumb/v7e-m/fpv5/hard\libc_nano.a(lib_a-fflush.o)
                0x000000000800dbe8                __sflush_r
 .text._fflush_r
                0x000000000800dcf4       0x54 c:/st/stm32cubeide_1.1.0/stm32cubeide/plugins/com.st.stm32cube.ide.mcu.externaltools.gnu-tools-for-stm32.7-2018-q2-update.win32_1.0.0.201904181610/tools/bin/../lib/gcc/arm-none-eabi/7.3.1/../../../../arm-none-eabi/lib/thumb/v7e-m/fpv5/hard\libc_nano.a(lib_a-fflush.o)
                0x000000000800dcf4                _fflush_r
 .text.std      0x000000000800dd48       0x48 c:/st/stm32cubeide_1.1.0/stm32cubeide/plugins/com.st.stm32cube.ide.mcu.externaltools.gnu-tools-for-stm32.7-2018-q2-update.win32_1.0.0.201904181610/tools/bin/../lib/gcc/arm-none-eabi/7.3.1/../../../../arm-none-eabi/lib/thumb/v7e-m/fpv5/hard\libc_nano.a(lib_a-findfp.o)
 .text._cleanup_r
                0x000000000800dd90        0xc c:/st/stm32cubeide_1.1.0/stm32cubeide/plugins/com.st.stm32cube.ide.mcu.externaltools.gnu-tools-for-stm32.7-2018-q2-update.win32_1.0.0.201904181610/tools/bin/../lib/gcc/arm-none-eabi/7.3.1/../../../../arm-none-eabi/lib/thumb/v7e-m/fpv5/hard\libc_nano.a(lib_a-findfp.o)
                0x000000000800dd90                _cleanup_r
 .text.__sfmoreglue
                0x000000000800dd9c       0x2c c:/st/stm32cubeide_1.1.0/stm32cubeide/plugins/com.st.stm32cube.ide.mcu.externaltools.gnu-tools-for-stm32.7-2018-q2-update.win32_1.0.0.201904181610/tools/bin/../lib/gcc/arm-none-eabi/7.3.1/../../../../arm-none-eabi/lib/thumb/v7e-m/fpv5/hard\libc_nano.a(lib_a-findfp.o)
                0x000000000800dd9c                __sfmoreglue
 .text.__sinit  0x000000000800ddc8       0x60 c:/st/stm32cubeide_1.1.0/stm32cubeide/plugins/com.st.stm32cube.ide.mcu.externaltools.gnu-tools-for-stm32.7-2018-q2-update.win32_1.0.0.201904181610/tools/bin/../lib/gcc/arm-none-eabi/7.3.1/../../../../arm-none-eabi/lib/thumb/v7e-m/fpv5/hard\libc_nano.a(lib_a-findfp.o)
                0x000000000800ddc8                __sinit
 .text.__sfp    0x000000000800de28       0x78 c:/st/stm32cubeide_1.1.0/stm32cubeide/plugins/com.st.stm32cube.ide.mcu.externaltools.gnu-tools-for-stm32.7-2018-q2-update.win32_1.0.0.201904181610/tools/bin/../lib/gcc/arm-none-eabi/7.3.1/../../../../arm-none-eabi/lib/thumb/v7e-m/fpv5/hard\libc_nano.a(lib_a-findfp.o)
                0x000000000800de28                __sfp
 .text._fwalk_reent
                0x000000000800dea0       0x3c c:/st/stm32cubeide_1.1.0/stm32cubeide/plugins/com.st.stm32cube.ide.mcu.externaltools.gnu-tools-for-stm32.7-2018-q2-update.win32_1.0.0.201904181610/tools/bin/../lib/gcc/arm-none-eabi/7.3.1/../../../../arm-none-eabi/lib/thumb/v7e-m/fpv5/hard\libc_nano.a(lib_a-fwalk.o)
                0x000000000800dea0                _fwalk_reent
 .text.__swhatbuf_r
                0x000000000800dedc       0x48 c:/st/stm32cubeide_1.1.0/stm32cubeide/plugins/com.st.stm32cube.ide.mcu.externaltools.gnu-tools-for-stm32.7-2018-q2-update.win32_1.0.0.201904181610/tools/bin/../lib/gcc/arm-none-eabi/7.3.1/../../../../arm-none-eabi/lib/thumb/v7e-m/fpv5/hard\libc_nano.a(lib_a-makebuf.o)
                0x000000000800dedc                __swhatbuf_r
 .text.__smakebuf_r
                0x000000000800df24       0x80 c:/st/stm32cubeide_1.1.0/stm32cubeide/plugins/com.st.stm32cube.ide.mcu.externaltools.gnu-tools-for-stm32.7-2018-q2-update.win32_1.0.0.201904181610/tools/bin/../lib/gcc/arm-none-eabi/7.3.1/../../../../arm-none-eabi/lib/thumb/v7e-m/fpv5/hard\libc_nano.a(lib_a-makebuf.o)
                0x000000000800df24                __smakebuf_r
 .text._free_r  0x000000000800dfa4       0x9c c:/st/stm32cubeide_1.1.0/stm32cubeide/plugins/com.st.stm32cube.ide.mcu.externaltools.gnu-tools-for-stm32.7-2018-q2-update.win32_1.0.0.201904181610/tools/bin/../lib/gcc/arm-none-eabi/7.3.1/../../../../arm-none-eabi/lib/thumb/v7e-m/fpv5/hard\libc_nano.a(lib_a-nano-freer.o)
                0x000000000800dfa4                _free_r
 .text._malloc_r
                0x000000000800e040       0xb4 c:/st/stm32cubeide_1.1.0/stm32cubeide/plugins/com.st.stm32cube.ide.mcu.externaltools.gnu-tools-for-stm32.7-2018-q2-update.win32_1.0.0.201904181610/tools/bin/../lib/gcc/arm-none-eabi/7.3.1/../../../../arm-none-eabi/lib/thumb/v7e-m/fpv5/hard\libc_nano.a(lib_a-nano-mallocr.o)
                0x000000000800e040                _malloc_r
 .text.__sfputc_r
                0x000000000800e0f4       0x2e c:/st/stm32cubeide_1.1.0/stm32cubeide/plugins/com.st.stm32cube.ide.mcu.externaltools.gnu-tools-for-stm32.7-2018-q2-update.win32_1.0.0.201904181610/tools/bin/../lib/gcc/arm-none-eabi/7.3.1/../../../../arm-none-eabi/lib/thumb/v7e-m/fpv5/hard\libc_nano.a(lib_a-nano-vfprintf.o)
 .text.__sfputs_r
                0x000000000800e122       0x24 c:/st/stm32cubeide_1.1.0/stm32cubeide/plugins/com.st.stm32cube.ide.mcu.externaltools.gnu-tools-for-stm32.7-2018-q2-update.win32_1.0.0.201904181610/tools/bin/../lib/gcc/arm-none-eabi/7.3.1/../../../../arm-none-eabi/lib/thumb/v7e-m/fpv5/hard\libc_nano.a(lib_a-nano-vfprintf.o)
                0x000000000800e122                __sfputs_r
 *fill*         0x000000000800e146        0x2 
 .text._vfprintf_r
                0x000000000800e148      0x22c c:/st/stm32cubeide_1.1.0/stm32cubeide/plugins/com.st.stm32cube.ide.mcu.externaltools.gnu-tools-for-stm32.7-2018-q2-update.win32_1.0.0.201904181610/tools/bin/../lib/gcc/arm-none-eabi/7.3.1/../../../../arm-none-eabi/lib/thumb/v7e-m/fpv5/hard\libc_nano.a(lib_a-nano-vfprintf.o)
                0x000000000800e148                _vfprintf_r
                0x000000000800e148                _vfiprintf_r
 .text._printf_common
                0x000000000800e374       0xea c:/st/stm32cubeide_1.1.0/stm32cubeide/plugins/com.st.stm32cube.ide.mcu.externaltools.gnu-tools-for-stm32.7-2018-q2-update.win32_1.0.0.201904181610/tools/bin/../lib/gcc/arm-none-eabi/7.3.1/../../../../arm-none-eabi/lib/thumb/v7e-m/fpv5/hard\libc_nano.a(lib_a-nano-vfprintf_i.o)
                0x000000000800e374                _printf_common
 *fill*         0x000000000800e45e        0x2 
 .text._printf_i
                0x000000000800e460      0x224 c:/st/stm32cubeide_1.1.0/stm32cubeide/plugins/com.st.stm32cube.ide.mcu.externaltools.gnu-tools-for-stm32.7-2018-q2-update.win32_1.0.0.201904181610/tools/bin/../lib/gcc/arm-none-eabi/7.3.1/../../../../arm-none-eabi/lib/thumb/v7e-m/fpv5/hard\libc_nano.a(lib_a-nano-vfprintf_i.o)
                0x000000000800e460                _printf_i
 .text._putc_r  0x000000000800e684       0x6c c:/st/stm32cubeide_1.1.0/stm32cubeide/plugins/com.st.stm32cube.ide.mcu.externaltools.gnu-tools-for-stm32.7-2018-q2-update.win32_1.0.0.201904181610/tools/bin/../lib/gcc/arm-none-eabi/7.3.1/../../../../arm-none-eabi/lib/thumb/v7e-m/fpv5/hard\libc_nano.a(lib_a-putc.o)
                0x000000000800e684                _putc_r
 .text._sbrk_r  0x000000000800e6f0       0x20 c:/st/stm32cubeide_1.1.0/stm32cubeide/plugins/com.st.stm32cube.ide.mcu.externaltools.gnu-tools-for-stm32.7-2018-q2-update.win32_1.0.0.201904181610/tools/bin/../lib/gcc/arm-none-eabi/7.3.1/../../../../arm-none-eabi/lib/thumb/v7e-m/fpv5/hard\libc_nano.a(lib_a-sbrkr.o)
                0x000000000800e6f0                _sbrk_r
 .text.__sread  0x000000000800e710       0x22 c:/st/stm32cubeide_1.1.0/stm32cubeide/plugins/com.st.stm32cube.ide.mcu.externaltools.gnu-tools-for-stm32.7-2018-q2-update.win32_1.0.0.201904181610/tools/bin/../lib/gcc/arm-none-eabi/7.3.1/../../../../arm-none-eabi/lib/thumb/v7e-m/fpv5/hard\libc_nano.a(lib_a-stdio.o)
                0x000000000800e710                __sread
 .text.__swrite
                0x000000000800e732       0x38 c:/st/stm32cubeide_1.1.0/stm32cubeide/plugins/com.st.stm32cube.ide.mcu.externaltools.gnu-tools-for-stm32.7-2018-q2-update.win32_1.0.0.201904181610/tools/bin/../lib/gcc/arm-none-eabi/7.3.1/../../../../arm-none-eabi/lib/thumb/v7e-m/fpv5/hard\libc_nano.a(lib_a-stdio.o)
                0x000000000800e732                __swrite
 .text.__sseek  0x000000000800e76a       0x24 c:/st/stm32cubeide_1.1.0/stm32cubeide/plugins/com.st.stm32cube.ide.mcu.externaltools.gnu-tools-for-stm32.7-2018-q2-update.win32_1.0.0.201904181610/tools/bin/../lib/gcc/arm-none-eabi/7.3.1/../../../../arm-none-eabi/lib/thumb/v7e-m/fpv5/hard\libc_nano.a(lib_a-stdio.o)
                0x000000000800e76a                __sseek
 .text.__sclose
                0x000000000800e78e        0x8 c:/st/stm32cubeide_1.1.0/stm32cubeide/plugins/com.st.stm32cube.ide.mcu.externaltools.gnu-tools-for-stm32.7-2018-q2-update.win32_1.0.0.201904181610/tools/bin/../lib/gcc/arm-none-eabi/7.3.1/../../../../arm-none-eabi/lib/thumb/v7e-m/fpv5/hard\libc_nano.a(lib_a-stdio.o)
                0x000000000800e78e                __sclose
 *fill*         0x000000000800e796        0x2 
 .text._write_r
                0x000000000800e798       0x24 c:/st/stm32cubeide_1.1.0/stm32cubeide/plugins/com.st.stm32cube.ide.mcu.externaltools.gnu-tools-for-stm32.7-2018-q2-update.win32_1.0.0.201904181610/tools/bin/../lib/gcc/arm-none-eabi/7.3.1/../../../../arm-none-eabi/lib/thumb/v7e-m/fpv5/hard\libc_nano.a(lib_a-writer.o)
                0x000000000800e798                _write_r
 .text._close_r
                0x000000000800e7bc       0x20 c:/st/stm32cubeide_1.1.0/stm32cubeide/plugins/com.st.stm32cube.ide.mcu.externaltools.gnu-tools-for-stm32.7-2018-q2-update.win32_1.0.0.201904181610/tools/bin/../lib/gcc/arm-none-eabi/7.3.1/../../../../arm-none-eabi/lib/thumb/v7e-m/fpv5/hard\libc_nano.a(lib_a-closer.o)
                0x000000000800e7bc                _close_r
 .text._fstat_r
                0x000000000800e7dc       0x24 c:/st/stm32cubeide_1.1.0/stm32cubeide/plugins/com.st.stm32cube.ide.mcu.externaltools.gnu-tools-for-stm32.7-2018-q2-update.win32_1.0.0.201904181610/tools/bin/../lib/gcc/arm-none-eabi/7.3.1/../../../../arm-none-eabi/lib/thumb/v7e-m/fpv5/hard\libc_nano.a(lib_a-fstatr.o)
                0x000000000800e7dc                _fstat_r
 .text._isatty_r
                0x000000000800e800       0x20 c:/st/stm32cubeide_1.1.0/stm32cubeide/plugins/com.st.stm32cube.ide.mcu.externaltools.gnu-tools-for-stm32.7-2018-q2-update.win32_1.0.0.201904181610/tools/bin/../lib/gcc/arm-none-eabi/7.3.1/../../../../arm-none-eabi/lib/thumb/v7e-m/fpv5/hard\libc_nano.a(lib_a-isattyr.o)
                0x000000000800e800                _isatty_r
 .text._lseek_r
                0x000000000800e820       0x24 c:/st/stm32cubeide_1.1.0/stm32cubeide/plugins/com.st.stm32cube.ide.mcu.externaltools.gnu-tools-for-stm32.7-2018-q2-update.win32_1.0.0.201904181610/tools/bin/../lib/gcc/arm-none-eabi/7.3.1/../../../../arm-none-eabi/lib/thumb/v7e-m/fpv5/hard\libc_nano.a(lib_a-lseekr.o)
                0x000000000800e820                _lseek_r
 .text.__malloc_lock
                0x000000000800e844        0x2 c:/st/stm32cubeide_1.1.0/stm32cubeide/plugins/com.st.stm32cube.ide.mcu.externaltools.gnu-tools-for-stm32.7-2018-q2-update.win32_1.0.0.201904181610/tools/bin/../lib/gcc/arm-none-eabi/7.3.1/../../../../arm-none-eabi/lib/thumb/v7e-m/fpv5/hard\libc_nano.a(lib_a-mlock.o)
                0x000000000800e844                __malloc_lock
 .text.__malloc_unlock
                0x000000000800e846        0x2 c:/st/stm32cubeide_1.1.0/stm32cubeide/plugins/com.st.stm32cube.ide.mcu.externaltools.gnu-tools-for-stm32.7-2018-q2-update.win32_1.0.0.201904181610/tools/bin/../lib/gcc/arm-none-eabi/7.3.1/../../../../arm-none-eabi/lib/thumb/v7e-m/fpv5/hard\libc_nano.a(lib_a-mlock.o)
                0x000000000800e846                __malloc_unlock
 .text._read_r  0x000000000800e848       0x24 c:/st/stm32cubeide_1.1.0/stm32cubeide/plugins/com.st.stm32cube.ide.mcu.externaltools.gnu-tools-for-stm32.7-2018-q2-update.win32_1.0.0.201904181610/tools/bin/../lib/gcc/arm-none-eabi/7.3.1/../../../../arm-none-eabi/lib/thumb/v7e-m/fpv5/hard\libc_nano.a(lib_a-readr.o)
                0x000000000800e848                _read_r
 *(.glue_7)
 .glue_7        0x000000000800e86c        0x0 linker stubs
 *(.glue_7t)
 .glue_7t       0x000000000800e86c        0x0 linker stubs
 *(.eh_frame)
 .eh_frame      0x000000000800e86c        0x0 c:/st/stm32cubeide_1.1.0/stm32cubeide/plugins/com.st.stm32cube.ide.mcu.externaltools.gnu-tools-for-stm32.7-2018-q2-update.win32_1.0.0.201904181610/tools/bin/../lib/gcc/arm-none-eabi/7.3.1/thumb/v7e-m/fpv5/hard/crtbegin.o
 *(.init)
 .init          0x000000000800e86c        0x4 c:/st/stm32cubeide_1.1.0/stm32cubeide/plugins/com.st.stm32cube.ide.mcu.externaltools.gnu-tools-for-stm32.7-2018-q2-update.win32_1.0.0.201904181610/tools/bin/../lib/gcc/arm-none-eabi/7.3.1/thumb/v7e-m/fpv5/hard/crti.o
                0x000000000800e86c                _init
 .init          0x000000000800e870        0x8 c:/st/stm32cubeide_1.1.0/stm32cubeide/plugins/com.st.stm32cube.ide.mcu.externaltools.gnu-tools-for-stm32.7-2018-q2-update.win32_1.0.0.201904181610/tools/bin/../lib/gcc/arm-none-eabi/7.3.1/thumb/v7e-m/fpv5/hard/crtn.o
 *(.fini)
 .fini          0x000000000800e878        0x4 c:/st/stm32cubeide_1.1.0/stm32cubeide/plugins/com.st.stm32cube.ide.mcu.externaltools.gnu-tools-for-stm32.7-2018-q2-update.win32_1.0.0.201904181610/tools/bin/../lib/gcc/arm-none-eabi/7.3.1/thumb/v7e-m/fpv5/hard/crti.o
                0x000000000800e878                _fini
 .fini          0x000000000800e87c        0x8 c:/st/stm32cubeide_1.1.0/stm32cubeide/plugins/com.st.stm32cube.ide.mcu.externaltools.gnu-tools-for-stm32.7-2018-q2-update.win32_1.0.0.201904181610/tools/bin/../lib/gcc/arm-none-eabi/7.3.1/thumb/v7e-m/fpv5/hard/crtn.o
                0x000000000800e884                . = ALIGN (0x4)
                0x000000000800e884                _etext = .

.vfp11_veneer   0x000000000800e884        0x0
 .vfp11_veneer  0x000000000800e884        0x0 linker stubs

.v4_bx          0x000000000800e884        0x0
 .v4_bx         0x000000000800e884        0x0 linker stubs

.iplt           0x000000000800e884        0x0
 .iplt          0x000000000800e884        0x0 c:/st/stm32cubeide_1.1.0/stm32cubeide/plugins/com.st.stm32cube.ide.mcu.externaltools.gnu-tools-for-stm32.7-2018-q2-update.win32_1.0.0.201904181610/tools/bin/../lib/gcc/arm-none-eabi/7.3.1/thumb/v7e-m/fpv5/hard/crtbegin.o

.rodata         0x000000000800e884      0xb34
                0x000000000800e884                . = ALIGN (0x4)
 *(.rodata)
 .rodata        0x000000000800e884      0x122 Core/Src/VC0706_comm.o
 *fill*         0x000000000800e9a6        0x2 
 .rodata        0x000000000800e9a8      0x23e Core/Src/main.o
 *fill*         0x000000000800ebe6        0x2 
 .rodata        0x000000000800ebe8       0x10 Drivers/STM32H7xx_HAL_Driver/Src/stm32h7xx_hal_uart_ex.o
 .rodata        0x000000000800ebf8       0x12 Drivers/VL53L0X_HAL_Compatible_API/src/HAL_VL53L0X.o
 *fill*         0x000000000800ec0a        0x2 
 .rodata        0x000000000800ec0c      0x4a2 Drivers/VL53L0X_HAL_Compatible_API/src/core/src/vl53l0x_api_strings.o
 *(.rodata*)
 *fill*         0x000000000800f0ae        0x2 
 .rodata.D1CorePrescTable
                0x000000000800f0b0       0x10 Core/Src/system_stm32h7xx.o
                0x000000000800f0b0                D1CorePrescTable
 .rodata.JPEG_DCLUM_HuffTable
                0x000000000800f0c0       0x1c Drivers/STM32H7xx_HAL_Driver/Src/stm32h7xx_hal_jpeg.o
 .rodata.JPEG_DCCHROM_HuffTable
                0x000000000800f0dc       0x1c Drivers/STM32H7xx_HAL_Driver/Src/stm32h7xx_hal_jpeg.o
 .rodata.JPEG_ACLUM_HuffTable
                0x000000000800f0f8       0xb2 Drivers/STM32H7xx_HAL_Driver/Src/stm32h7xx_hal_jpeg.o
 *fill*         0x000000000800f1aa        0x2 
 .rodata.JPEG_ACCHROM_HuffTable
                0x000000000800f1ac       0xb2 Drivers/STM32H7xx_HAL_Driver/Src/stm32h7xx_hal_jpeg.o
 *fill*         0x000000000800f25e        0x2 
 .rodata.JPEG_ZIGZAG_ORDER
                0x000000000800f260       0x40 Drivers/STM32H7xx_HAL_Driver/Src/stm32h7xx_hal_jpeg.o
 .rodata.JPEG_LUM_QuantTable.10256
                0x000000000800f2a0       0x40 Drivers/STM32H7xx_HAL_Driver/Src/stm32h7xx_hal_jpeg.o
 .rodata.JPEG_CHROM_QuantTable.10257
                0x000000000800f2e0       0x40 Drivers/STM32H7xx_HAL_Driver/Src/stm32h7xx_hal_jpeg.o
 .rodata._global_impure_ptr
                0x000000000800f320        0x4 c:/st/stm32cubeide_1.1.0/stm32cubeide/plugins/com.st.stm32cube.ide.mcu.externaltools.gnu-tools-for-stm32.7-2018-q2-update.win32_1.0.0.201904181610/tools/bin/../lib/gcc/arm-none-eabi/7.3.1/../../../../arm-none-eabi/lib/thumb/v7e-m/fpv5/hard\libc_nano.a(lib_a-impure.o)
                0x000000000800f320                _global_impure_ptr
 .rodata.__sf_fake_stderr
                0x000000000800f324       0x20 c:/st/stm32cubeide_1.1.0/stm32cubeide/plugins/com.st.stm32cube.ide.mcu.externaltools.gnu-tools-for-stm32.7-2018-q2-update.win32_1.0.0.201904181610/tools/bin/../lib/gcc/arm-none-eabi/7.3.1/../../../../arm-none-eabi/lib/thumb/v7e-m/fpv5/hard\libc_nano.a(lib_a-findfp.o)
                0x000000000800f324                __sf_fake_stderr
 .rodata.__sf_fake_stdin
                0x000000000800f344       0x20 c:/st/stm32cubeide_1.1.0/stm32cubeide/plugins/com.st.stm32cube.ide.mcu.externaltools.gnu-tools-for-stm32.7-2018-q2-update.win32_1.0.0.201904181610/tools/bin/../lib/gcc/arm-none-eabi/7.3.1/../../../../arm-none-eabi/lib/thumb/v7e-m/fpv5/hard\libc_nano.a(lib_a-findfp.o)
                0x000000000800f344                __sf_fake_stdin
 .rodata.__sf_fake_stdout
                0x000000000800f364       0x20 c:/st/stm32cubeide_1.1.0/stm32cubeide/plugins/com.st.stm32cube.ide.mcu.externaltools.gnu-tools-for-stm32.7-2018-q2-update.win32_1.0.0.201904181610/tools/bin/../lib/gcc/arm-none-eabi/7.3.1/../../../../arm-none-eabi/lib/thumb/v7e-m/fpv5/hard\libc_nano.a(lib_a-findfp.o)
                0x000000000800f364                __sf_fake_stdout
 .rodata._vfprintf_r.str1.1
                0x000000000800f384       0x11 c:/st/stm32cubeide_1.1.0/stm32cubeide/plugins/com.st.stm32cube.ide.mcu.externaltools.gnu-tools-for-stm32.7-2018-q2-update.win32_1.0.0.201904181610/tools/bin/../lib/gcc/arm-none-eabi/7.3.1/../../../../arm-none-eabi/lib/thumb/v7e-m/fpv5/hard\libc_nano.a(lib_a-nano-vfprintf.o)
 .rodata._printf_i.str1.1
                0x000000000800f395       0x22 c:/st/stm32cubeide_1.1.0/stm32cubeide/plugins/com.st.stm32cube.ide.mcu.externaltools.gnu-tools-for-stm32.7-2018-q2-update.win32_1.0.0.201904181610/tools/bin/../lib/gcc/arm-none-eabi/7.3.1/../../../../arm-none-eabi/lib/thumb/v7e-m/fpv5/hard\libc_nano.a(lib_a-nano-vfprintf_i.o)
                0x000000000800f3b8                . = ALIGN (0x4)
 *fill*         0x000000000800f3b7        0x1 

.ARM.extab      0x000000000800f3b8        0x0
                0x000000000800f3b8                . = ALIGN (0x4)
 *(.ARM.extab* .gnu.linkonce.armextab.*)
                0x000000000800f3b8                . = ALIGN (0x4)

.ARM            0x000000000800f3b8        0x8
                0x000000000800f3b8                . = ALIGN (0x4)
                0x000000000800f3b8                __exidx_start = .
 *(.ARM.exidx*)
 .ARM.exidx     0x000000000800f3b8        0x8 c:/st/stm32cubeide_1.1.0/stm32cubeide/plugins/com.st.stm32cube.ide.mcu.externaltools.gnu-tools-for-stm32.7-2018-q2-update.win32_1.0.0.201904181610/tools/bin/../lib/gcc/arm-none-eabi/7.3.1/thumb/v7e-m/fpv5/hard\libgcc.a(_udivmoddi4.o)
                0x000000000800f3c0                __exidx_end = .
                0x000000000800f3c0                . = ALIGN (0x4)

.rel.dyn        0x000000000800f3c0        0x0
 .rel.iplt      0x000000000800f3c0        0x0 c:/st/stm32cubeide_1.1.0/stm32cubeide/plugins/com.st.stm32cube.ide.mcu.externaltools.gnu-tools-for-stm32.7-2018-q2-update.win32_1.0.0.201904181610/tools/bin/../lib/gcc/arm-none-eabi/7.3.1/thumb/v7e-m/fpv5/hard/crtbegin.o

.preinit_array  0x000000000800f3c0        0x0
                0x000000000800f3c0                . = ALIGN (0x4)
                0x000000000800f3c0                PROVIDE (__preinit_array_start = .)
 *(.preinit_array*)
                0x000000000800f3c0                PROVIDE (__preinit_array_end = .)
                0x000000000800f3c0                . = ALIGN (0x4)

.init_array     0x000000000800f3c0        0x8
                0x000000000800f3c0                . = ALIGN (0x4)
                0x000000000800f3c0                PROVIDE (__init_array_start = .)
 *(SORT_BY_NAME(.init_array.*))
 *(.init_array*)
 .init_array    0x000000000800f3c0        0x4 c:/st/stm32cubeide_1.1.0/stm32cubeide/plugins/com.st.stm32cube.ide.mcu.externaltools.gnu-tools-for-stm32.7-2018-q2-update.win32_1.0.0.201904181610/tools/bin/../lib/gcc/arm-none-eabi/7.3.1/thumb/v7e-m/fpv5/hard/crtbegin.o
 .init_array    0x000000000800f3c4        0x4 Core/Src/main.o
                0x000000000800f3c8                PROVIDE (__init_array_end = .)
                0x000000000800f3c8                . = ALIGN (0x4)

.fini_array     0x000000000800f3c8        0x4
                0x000000000800f3c8                . = ALIGN (0x4)
                [!provide]                        PROVIDE (__fini_array_start = .)
 *(SORT_BY_NAME(.fini_array.*))
 *(.fini_array*)
 .fini_array    0x000000000800f3c8        0x4 c:/st/stm32cubeide_1.1.0/stm32cubeide/plugins/com.st.stm32cube.ide.mcu.externaltools.gnu-tools-for-stm32.7-2018-q2-update.win32_1.0.0.201904181610/tools/bin/../lib/gcc/arm-none-eabi/7.3.1/thumb/v7e-m/fpv5/hard/crtbegin.o
                [!provide]                        PROVIDE (__fini_array_end = .)
                0x000000000800f3cc                . = ALIGN (0x4)
                0x000000000800f3cc                _sidata = LOADADDR (.data)

.data           0x0000000024000000      0x2b4 load address 0x000000000800f3cc
                0x0000000024000000                . = ALIGN (0x4)
                0x0000000024000000                _sdata = .
 *(.data)
 *(.data*)
 .data.CAM_RESET
                0x0000000024000000        0x5 Core/Src/VC0706_comm.o
                0x0000000024000000                CAM_RESET
 *fill*         0x0000000024000005        0x3 
 .data.CAM_RES_640_480
                0x0000000024000008        0x9 Core/Src/VC0706_comm.o
                0x0000000024000008                CAM_RES_640_480
 *fill*         0x0000000024000011        0x3 
 .data.CAM_RES_320_240
                0x0000000024000014        0x9 Core/Src/VC0706_comm.o
                0x0000000024000014                CAM_RES_320_240
 *fill*         0x000000002400001d        0x3 
 .data.CAM_RES_160_120
                0x0000000024000020        0x9 Core/Src/VC0706_comm.o
                0x0000000024000020                CAM_RES_160_120
 *fill*         0x0000000024000029        0x3 
 .data.CAM_COMPRESS
                0x000000002400002c        0x9 Core/Src/VC0706_comm.o
                0x000000002400002c                CAM_COMPRESS
 *fill*         0x0000000024000035        0x3 
 .data.CAM_BAUD_9600
                0x0000000024000038        0x7 Core/Src/VC0706_comm.o
                0x0000000024000038                CAM_BAUD_9600
 *fill*         0x000000002400003f        0x1 
 .data.CAM_BAUD_19200
                0x0000000024000040        0x7 Core/Src/VC0706_comm.o
                0x0000000024000040                CAM_BAUD_19200
 *fill*         0x0000000024000047        0x1 
 .data.CAM_BAUD_38400
                0x0000000024000048        0x7 Core/Src/VC0706_comm.o
                0x0000000024000048                CAM_BAUD_38400
 *fill*         0x000000002400004f        0x1 
 .data.CAM_BAUD_57600
                0x0000000024000050        0x7 Core/Src/VC0706_comm.o
                0x0000000024000050                CAM_BAUD_57600
 *fill*         0x0000000024000057        0x1 
 .data.CAM_BAUD_115200
                0x0000000024000058        0x7 Core/Src/VC0706_comm.o
                0x0000000024000058                CAM_BAUD_115200
 *fill*         0x000000002400005f        0x1 
 .data.CAM_CAPTURE
                0x0000000024000060        0x5 Core/Src/VC0706_comm.o
                0x0000000024000060                CAM_CAPTURE
 *fill*         0x0000000024000065        0x3 
 .data.CAM_IMG_LENGTH
                0x0000000024000068        0x5 Core/Src/VC0706_comm.o
                0x0000000024000068                CAM_IMG_LENGTH
 *fill*         0x000000002400006d        0x3 
 .data.CAM_READ_IMG
                0x0000000024000070       0x10 Core/Src/VC0706_comm.o
                0x0000000024000070                CAM_READ_IMG
 .data.CAM_STOP_CAP
                0x0000000024000080        0x5 Core/Src/VC0706_comm.o
                0x0000000024000080                CAM_STOP_CAP
 .data.buff_list_size
                0x0000000024000085        0x1 Core/Src/main.o
                0x0000000024000085                buff_list_size
 *fill*         0x0000000024000086        0x2 
 .data.SystemCoreClock
                0x0000000024000088        0x4 Core/Src/system_stm32h7xx.o
                0x0000000024000088                SystemCoreClock
 .data.SystemD2Clock
                0x000000002400008c        0x4 Core/Src/system_stm32h7xx.o
                0x000000002400008c                SystemD2Clock
 .data.uwTickPrio
                0x0000000024000090        0x4 Drivers/STM32H7xx_HAL_Driver/Src/stm32h7xx_hal.o
                0x0000000024000090                uwTickPrio
 .data.uwTickFreq
                0x0000000024000094        0x1 Drivers/STM32H7xx_HAL_Driver/Src/stm32h7xx_hal.o
                0x0000000024000094                uwTickFreq
 *fill*         0x0000000024000095        0x3 
 .data.InterruptThresholdSettings
                0x0000000024000098      0x1b6 Drivers/VL53L0X_HAL_Compatible_API/src/core/src/vl53l0x_api.o
                0x0000000024000098                InterruptThresholdSettings
 *fill*         0x000000002400024e        0x2 
 .data._impure_ptr
                0x0000000024000250        0x4 c:/st/stm32cubeide_1.1.0/stm32cubeide/plugins/com.st.stm32cube.ide.mcu.externaltools.gnu-tools-for-stm32.7-2018-q2-update.win32_1.0.0.201904181610/tools/bin/../lib/gcc/arm-none-eabi/7.3.1/../../../../arm-none-eabi/lib/thumb/v7e-m/fpv5/hard\libc_nano.a(lib_a-impure.o)
                0x0000000024000250                _impure_ptr
 .data.impure_data
                0x0000000024000254       0x60 c:/st/stm32cubeide_1.1.0/stm32cubeide/plugins/com.st.stm32cube.ide.mcu.externaltools.gnu-tools-for-stm32.7-2018-q2-update.win32_1.0.0.201904181610/tools/bin/../lib/gcc/arm-none-eabi/7.3.1/../../../../arm-none-eabi/lib/thumb/v7e-m/fpv5/hard\libc_nano.a(lib_a-impure.o)
                0x00000000240002b4                . = ALIGN (0x4)
                0x00000000240002b4                _edata = .

.igot.plt       0x00000000240002b4        0x0 load address 0x000000000800f680
 .igot.plt      0x00000000240002b4        0x0 c:/st/stm32cubeide_1.1.0/stm32cubeide/plugins/com.st.stm32cube.ide.mcu.externaltools.gnu-tools-for-stm32.7-2018-q2-update.win32_1.0.0.201904181610/tools/bin/../lib/gcc/arm-none-eabi/7.3.1/thumb/v7e-m/fpv5/hard/crtbegin.o
                0x00000000240002b4                . = ALIGN (0x4)

.bss            0x00000000240002b4    0x66f50 load address 0x000000000800f680
                0x00000000240002b4                _sbss = .
                0x00000000240002b4                __bss_start__ = _sbss
 *(.bss)
 .bss           0x00000000240002b4       0x1c c:/st/stm32cubeide_1.1.0/stm32cubeide/plugins/com.st.stm32cube.ide.mcu.externaltools.gnu-tools-for-stm32.7-2018-q2-update.win32_1.0.0.201904181610/tools/bin/../lib/gcc/arm-none-eabi/7.3.1/thumb/v7e-m/fpv5/hard/crtbegin.o
 *(.bss*)
 .bss.hi2c1     0x00000000240002d0       0x4c Core/Src/main.o
                0x00000000240002d0                hi2c1
 .bss.hi2c3     0x000000002400031c       0x4c Core/Src/main.o
                0x000000002400031c                hi2c3
 .bss.hjpeg     0x0000000024000368       0x58 Core/Src/main.o
                0x0000000024000368                hjpeg
 .bss.huart8    0x00000000240003c0       0x8c Core/Src/main.o
                0x00000000240003c0                huart8
 .bss.sensor    0x000000002400044c      0xd04 Core/Src/main.o
                0x000000002400044c                sensor
 .bss.master_comm_buff
                0x0000000024001150        0x9 Core/Src/main.o
                0x0000000024001150                master_comm_buff
 *fill*         0x0000000024001159        0x3 
 .bss.buffer_list
                0x000000002400115c    0x558e0 Core/Src/main.o
                0x000000002400115c                buffer_list
 .bss.object_list
                0x0000000024056a3c       0x30 Core/Src/main.o
                0x0000000024056a3c                object_list
 .bss.object_num
                0x0000000024056a6c        0x1 Core/Src/main.o
                0x0000000024056a6c                object_num
 *fill*         0x0000000024056a6d        0x3 
 .bss.heap_end.6424
                0x0000000024056a70        0x4 Core/Src/sysmem.o
 .bss.__malloc_free_list
                0x0000000024056a74        0x4 c:/st/stm32cubeide_1.1.0/stm32cubeide/plugins/com.st.stm32cube.ide.mcu.externaltools.gnu-tools-for-stm32.7-2018-q2-update.win32_1.0.0.201904181610/tools/bin/../lib/gcc/arm-none-eabi/7.3.1/../../../../arm-none-eabi/lib/thumb/v7e-m/fpv5/hard\libc_nano.a(lib_a-nano-mallocr.o)
                0x0000000024056a74                __malloc_free_list
 .bss.__malloc_sbrk_start
                0x0000000024056a78        0x4 c:/st/stm32cubeide_1.1.0/stm32cubeide/plugins/com.st.stm32cube.ide.mcu.externaltools.gnu-tools-for-stm32.7-2018-q2-update.win32_1.0.0.201904181610/tools/bin/../lib/gcc/arm-none-eabi/7.3.1/../../../../arm-none-eabi/lib/thumb/v7e-m/fpv5/hard\libc_nano.a(lib_a-nano-mallocr.o)
                0x0000000024056a78                __malloc_sbrk_start
 *(COMMON)
 COMMON         0x0000000024056a7c    0x1077f Core/Src/VC0706_comm.o
                0x0000000024056a7c                img_buf
                0x00000000240670fc                junk
 *fill*         0x00000000240671fb        0x1 
 COMMON         0x00000000240671fc        0x4 Drivers/STM32H7xx_HAL_Driver/Src/stm32h7xx_hal.o
                0x00000000240671fc                uwTick
 COMMON         0x0000000024067200        0x4 c:/st/stm32cubeide_1.1.0/stm32cubeide/plugins/com.st.stm32cube.ide.mcu.externaltools.gnu-tools-for-stm32.7-2018-q2-update.win32_1.0.0.201904181610/tools/bin/../lib/gcc/arm-none-eabi/7.3.1/../../../../arm-none-eabi/lib/thumb/v7e-m/fpv5/hard\libc_nano.a(lib_a-reent.o)
                0x0000000024067200                errno
                0x0000000024067204                . = ALIGN (0x4)
                0x0000000024067204                _ebss = .
                0x0000000024067204                __bss_end__ = _ebss

._user_heap_stack
                0x0000000024067204      0x604 load address 0x000000000800f680
                0x0000000024067208                . = ALIGN (0x8)
 *fill*         0x0000000024067204        0x4 
                0x0000000024067208                PROVIDE (end = .)
                [!provide]                        PROVIDE (_end = .)
                0x0000000024067408                . = (. + _Min_Heap_Size)
 *fill*         0x0000000024067208      0x200 
                0x0000000024067808                . = (. + _Min_Stack_Size)
 *fill*         0x0000000024067408      0x400 
                0x0000000024067808                . = ALIGN (0x8)

/DISCARD/
 libc.a(*)
 libm.a(*)
 libgcc.a(*)

.ARM.attributes
                0x0000000000000000       0x2e
 *(.ARM.attributes)
 .ARM.attributes
                0x0000000000000000       0x20 c:/st/stm32cubeide_1.1.0/stm32cubeide/plugins/com.st.stm32cube.ide.mcu.externaltools.gnu-tools-for-stm32.7-2018-q2-update.win32_1.0.0.201904181610/tools/bin/../lib/gcc/arm-none-eabi/7.3.1/thumb/v7e-m/fpv5/hard/crti.o
 .ARM.attributes
                0x0000000000000020       0x32 c:/st/stm32cubeide_1.1.0/stm32cubeide/plugins/com.st.stm32cube.ide.mcu.externaltools.gnu-tools-for-stm32.7-2018-q2-update.win32_1.0.0.201904181610/tools/bin/../lib/gcc/arm-none-eabi/7.3.1/thumb/v7e-m/fpv5/hard/crtbegin.o
 .ARM.attributes
                0x0000000000000052       0x37 Core/Src/VC0706_comm.o
 .ARM.attributes
                0x0000000000000089       0x37 Core/Src/main.o
 .ARM.attributes
                0x00000000000000c0       0x37 Core/Src/stm32h7xx_hal_msp.o
 .ARM.attributes
                0x00000000000000f7       0x37 Core/Src/stm32h7xx_it.o
 .ARM.attributes
                0x000000000000012e       0x37 Core/Src/syscalls.o
 .ARM.attributes
                0x0000000000000165       0x37 Core/Src/sysmem.o
 .ARM.attributes
                0x000000000000019c       0x37 Core/Src/system_stm32h7xx.o
 .ARM.attributes
                0x00000000000001d3       0x37 Core/Src/tof_data_filtering.o
 .ARM.attributes
                0x000000000000020a       0x21 Core/Startup/startup_stm32h743vitx.o
 .ARM.attributes
                0x000000000000022b       0x37 Drivers/STM32H7xx_HAL_Driver/Src/stm32h7xx_hal.o
 .ARM.attributes
                0x0000000000000262       0x37 Drivers/STM32H7xx_HAL_Driver/Src/stm32h7xx_hal_cortex.o
 .ARM.attributes
                0x0000000000000299       0x37 Drivers/STM32H7xx_HAL_Driver/Src/stm32h7xx_hal_dma.o
 .ARM.attributes
                0x00000000000002d0       0x37 Drivers/STM32H7xx_HAL_Driver/Src/stm32h7xx_hal_gpio.o
 .ARM.attributes
                0x0000000000000307       0x37 Drivers/STM32H7xx_HAL_Driver/Src/stm32h7xx_hal_i2c.o
 .ARM.attributes