stm32h7xx_hal_spi.c:3431:13:SPI_RxISR_16BIT	0	static
stm32h7xx_hal_spi.c:3468:13:SPI_RxISR_32BIT	4	static
stm32h7xx_hal_spi.c:3541:13:SPI_TxISR_16BIT	0	static
stm32h7xx_hal_spi.c:3577:13:SPI_TxISR_32BIT	0	static
stm32h7xx_hal_spi.c:3651:13:SPI_CloseTransfer	4	static
stm32h7xx_hal_spi.c:3394:13:SPI_RxISR_8BIT	0	static
stm32h7xx_hal_spi.c:3505:13:SPI_TxISR_8BIT	0	static
stm32h7xx_hal_spi.c:490:13:HAL_SPI_MspInit	0	static
stm32h7xx_hal_spi.c:234:19:HAL_SPI_Init	24	static
stm32h7xx_hal_spi.c:506:13:HAL_SPI_MspDeInit	0	static
stm32h7xx_hal_spi.c:446:19:HAL_SPI_DeInit	8	static
stm32h7xx_hal_spi.c:777:19:HAL_SPI_Transmit	24	static
stm32h7xx_hal_spi.c:984:19:HAL_SPI_Receive	24	static
stm32h7xx_hal_spi.c:1205:19:HAL_SPI_TransmitReceive	24	static
stm32h7xx_hal_spi.c:1473:19:HAL_SPI_Transmit_IT	8	static
stm32h7xx_hal_spi.c:1654:19:HAL_SPI_TransmitReceive_IT	12	static
stm32h7xx_hal_spi.c:1557:19:HAL_SPI_Receive_IT	12	static
stm32h7xx_hal_spi.c:1947:19:HAL_SPI_Transmit_DMA	24	static
stm32h7xx_hal_spi.c:2240:19:HAL_SPI_TransmitReceive_DMA	24	static
stm32h7xx_hal_spi.c:2090:19:HAL_SPI_Receive_DMA	24	static
stm32h7xx_hal_spi.c:2434:19:HAL_SPI_Abort	24	static
stm32h7xx_hal_spi.c:2664:19:HAL_SPI_DMAPause	0	static
stm32h7xx_hal_spi.c:2679:19:HAL_SPI_DMAResume	0	static
stm32h7xx_hal_spi.c:2694:19:HAL_SPI_DMAStop	0	static
stm32h7xx_hal_spi.c:2951:13:HAL_SPI_TxCpltCallback	0	static
stm32h7xx_hal_spi.c:3137:13:SPI_DMATransmitCplt	8	static
stm32h7xx_hal_spi.c:2967:13:HAL_SPI_RxCpltCallback	0	static
stm32h7xx_hal_spi.c:3165:13:SPI_DMAReceiveCplt	8	static
stm32h7xx_hal_spi.c:2983:13:HAL_SPI_TxRxCpltCallback	0	static
stm32h7xx_hal_spi.c:3193:13:SPI_DMATransmitReceiveCplt	8	static
stm32h7xx_hal_spi.c:2999:13:HAL_SPI_TxHalfCpltCallback	0	static
stm32h7xx_hal_spi.c:3221:13:SPI_DMAHalfTransmitCplt	8	static
stm32h7xx_hal_spi.c:3015:13:HAL_SPI_RxHalfCpltCallback	0	static
stm32h7xx_hal_spi.c:3238:13:SPI_DMAHalfReceiveCplt	8	static
stm32h7xx_hal_spi.c:3031:13:HAL_SPI_TxRxHalfCpltCallback	0	static
stm32h7xx_hal_spi.c:3255:13:SPI_DMAHalfTransmitReceiveCplt	8	static
stm32h7xx_hal_spi.c:3047:13:HAL_SPI_ErrorCallback	0	static
stm32h7xx_hal_spi.c:3272:13:SPI_DMAError	8	static
stm32h7xx_hal_spi.c:2708:6:HAL_SPI_IRQHandler	24	static
stm32h7xx_hal_spi.c:3298:13:SPI_DMAAbortOnError	8	static
stm32h7xx_hal_spi.c:3065:13:HAL_SPI_AbortCpltCallback	0	static
stm32h7xx_hal_spi.c:2543:19:HAL_SPI_Abort_IT	24	static
stm32h7xx_hal_spi.c:3359:13:SPI_DMARxAbortCallback	16	static
stm32h7xx_hal_spi.c:3322:13:SPI_DMATxAbortCallback	16	static
stm32h7xx_hal_spi.c:3100:22:HAL_SPI_GetState	0	static
stm32h7xx_hal_spi.c:3112:10:HAL_SPI_GetError	0	static
