stm32h7xx_hal_sd.c:3370:17:SD_FindSCR	64	static
stm32h7xx_hal_sd.c:3535:10:SD_HighSpeed	120	static
stm32h7xx_hal_sd.c:596:13:HAL_SD_MspInit	0	static
stm32h7xx_hal_sd.c:611:13:HAL_SD_MspDeInit	0	static
stm32h7xx_hal_sd.c:652:19:HAL_SD_ReadBlocks	56	static
stm32h7xx_hal_sd.c:845:19:HAL_SD_WriteBlocks	64	static
stm32h7xx_hal_sd.c:1039:19:HAL_SD_ReadBlocks_IT	48	static
stm32h7xx_hal_sd.c:1143:19:HAL_SD_WriteBlocks_IT	48	static
stm32h7xx_hal_sd.c:1249:19:HAL_SD_ReadBlocks_DMA	48	static
stm32h7xx_hal_sd.c:1358:19:HAL_SD_WriteBlocks_DMA	56	static
stm32h7xx_hal_sd.c:1463:19:HAL_SD_Erase	32	static
stm32h7xx_hal_sd.c:1799:21:HAL_SD_GetState	0	static
stm32h7xx_hal_sd.c:1810:10:HAL_SD_GetError	0	static
stm32h7xx_hal_sd.c:1820:13:HAL_SD_TxCpltCallback	0	static
stm32h7xx_hal_sd.c:1835:13:HAL_SD_RxCpltCallback	0	static
stm32h7xx_hal_sd.c:1850:13:HAL_SD_ErrorCallback	0	static
stm32h7xx_hal_sd.c:1865:13:HAL_SD_AbortCallback	0	static
stm32h7xx_hal_sd.c:1881:14:HAL_SD_DriveTransceiver_1_8V_Callback	0	static
stm32h7xx_hal_sd.c:539:19:HAL_SD_DeInit	8	static
stm32h7xx_hal_sd.c:3651:17:SD_UltraHighSpeed	120	static
stm32h7xx_hal_sd.c:2194:19:HAL_SD_GetCardCID	12	static
stm32h7xx_hal_sd.c:2227:19:HAL_SD_GetCardCSD	20	static
stm32h7xx_hal_sd.c:464:19:HAL_SD_InitCard	120	static
stm32h7xx_hal_sd.c:2341:19:HAL_SD_GetCardStatus	112	static
stm32h7xx_hal_sd.c:2393:19:HAL_SD_GetCardInfo	8	static
stm32h7xx_hal_sd.c:2418:19:HAL_SD_ConfigWideBusOperation	56	static
stm32h7xx_hal_sd.c:334:19:HAL_SD_Init	120	static
stm32h7xx_hal_sd.c:2516:19:HAL_SD_ConfigSpeedBusOperation	120	static
stm32h7xx_hal_sd.c:2756:25:HAL_SD_GetCardState	8	static
stm32h7xx_hal_sd.c:2779:19:HAL_SD_Abort	24	static
stm32h7xx_hal_sd.c:2816:19:HAL_SD_Abort_IT	16	static
stm32h7xx_hal_sd.c:3910:13:HAL_SDEx_Read_DMADoubleBuf0CpltCallback	0	static
stm32h7xx_hal_sd.c:3925:13:HAL_SDEx_Read_DMADoubleBuf1CpltCallback	0	static
stm32h7xx_hal_sd.c:3940:13:HAL_SDEx_Write_DMADoubleBuf0CpltCallback	0	static
stm32h7xx_hal_sd.c:3955:13:HAL_SDEx_Write_DMADoubleBuf1CpltCallback	0	static
stm32h7xx_hal_sd.c:1565:6:HAL_SD_IRQHandler	32	static
