stm32h7xx_hal_flash_ex.c:750:13:FLASH_MassErase	0	static
stm32h7xx_hal_flash_ex.c:161:19:HAL_FLASHEx_Erase	40	static
stm32h7xx_hal_flash_ex.c:271:19:HAL_FLASHEx_Erase_IT	16	static
stm32h7xx_hal_flash_ex.c:371:19:HAL_FLASHEx_OBProgram	24	static
stm32h7xx_hal_flash_ex.c:488:6:HAL_FLASHEx_OBGetConfig	8	static
stm32h7xx_hal_flash_ex.c:531:19:HAL_FLASHEx_Unlock_Bank1	0	static
stm32h7xx_hal_flash_ex.c:553:19:HAL_FLASHEx_Lock_Bank1	0	static
stm32h7xx_hal_flash_ex.c:564:19:HAL_FLASHEx_Unlock_Bank2	0	static
stm32h7xx_hal_flash_ex.c:586:19:HAL_FLASHEx_Lock_Bank2	0	static
stm32h7xx_hal_flash_ex.c:604:19:HAL_FLASHEx_ComputeCRC	16	static
stm32h7xx_hal_flash_ex.c:812:6:FLASH_Erase_Sector	4	static
