stm32h7xx_hal_dma.c:1796:17:DMA_CalcBaseAndBitshift	8	static
stm32h7xx_hal_dma.c:198:19:HAL_DMA_Init	24	static
stm32h7xx_hal_dma.c:430:19:HAL_DMA_DeInit	16	static
stm32h7xx_hal_dma.c:581:19:HAL_DMA_Start	32	static
stm32h7xx_hal_dma.c:637:19:HAL_DMA_Start_IT	32	static
stm32h7xx_hal_dma.c:734:19:HAL_DMA_Abort	16	static
stm32h7xx_hal_dma.c:844:19:HAL_DMA_Abort_IT	24	static
stm32h7xx_hal_dma.c:925:19:HAL_DMA_PollForTransfer	48	static
stm32h7xx_hal_dma.c:1148:6:HAL_DMA_IRQHandler	56	static
stm32h7xx_hal_dma.c:1518:19:HAL_DMA_RegisterCallback	4	static
stm32h7xx_hal_dma.c:1584:19:HAL_DMA_UnRegisterCallback	0	static
stm32h7xx_hal_dma.c:1675:22:HAL_DMA_GetState	0	static
stm32h7xx_hal_dma.c:1686:10:HAL_DMA_GetError	0	static
