stm32h7xx_hal_usart.c:3040:13:USART_TxISR_16BIT	0	static
stm32h7xx_hal_usart.c:3121:13:USART_TxISR_16BIT_FIFOEN	4	static
stm32h7xx_hal_usart.c:3005:13:USART_TxISR_8BIT	0	static
stm32h7xx_hal_usart.c:3076:13:USART_TxISR_8BIT_FIFOEN	4	static
stm32h7xx_hal_usart.c:379:13:HAL_USART_MspInit	0	static
stm32h7xx_hal_usart.c:275:19:HAL_USART_Init	40	static
stm32h7xx_hal_usart.c:394:13:HAL_USART_MspDeInit	0	static
stm32h7xx_hal_usart.c:336:19:HAL_USART_DeInit	16	static
stm32h7xx_hal_usart.c:746:19:HAL_USART_Transmit	40	static
stm32h7xx_hal_usart.c:843:19:HAL_USART_Receive	40	static
stm32h7xx_hal_usart.c:955:19:HAL_USART_TransmitReceive	48	static
stm32h7xx_hal_usart.c:1102:19:HAL_USART_Transmit_IT	8	static
stm32h7xx_hal_usart.c:1185:19:HAL_USART_Receive_IT	12	static
stm32h7xx_hal_usart.c:1289:19:HAL_USART_TransmitReceive_IT	12	static
stm32h7xx_hal_usart.c:1387:19:HAL_USART_Transmit_DMA	24	static
stm32h7xx_hal_usart.c:1472:19:HAL_USART_Receive_DMA	24	static
stm32h7xx_hal_usart.c:1589:19:HAL_USART_TransmitReceive_DMA	24	static
stm32h7xx_hal_usart.c:1706:19:HAL_USART_DMAPause	4	static
stm32h7xx_hal_usart.c:1753:19:HAL_USART_DMAResume	0	static
stm32h7xx_hal_usart.c:1797:19:HAL_USART_DMAStop	16	static
stm32h7xx_hal_usart.c:1857:19:HAL_USART_Abort	16	static
stm32h7xx_hal_usart.c:2314:13:HAL_USART_TxCpltCallback	0	static
stm32h7xx_hal_usart.c:2511:13:USART_DMATransmitCplt	8	static
stm32h7xx_hal_usart.c:2329:13:HAL_USART_TxHalfCpltCallback	0	static
stm32h7xx_hal_usart.c:2551:13:USART_DMATxHalfCplt	8	static
stm32h7xx_hal_usart.c:2344:13:HAL_USART_RxCpltCallback	0	static
stm32h7xx_hal_usart.c:2359:13:HAL_USART_RxHalfCpltCallback	0	static
stm32h7xx_hal_usart.c:2644:13:USART_DMARxHalfCplt	8	static
stm32h7xx_hal_usart.c:2374:13:HAL_USART_TxRxCpltCallback	0	static
stm32h7xx_hal_usart.c:3221:13:USART_RxISR_8BIT	16	static
stm32h7xx_hal_usart.c:3312:13:USART_RxISR_16BIT	16	static
stm32h7xx_hal_usart.c:3405:13:USART_RxISR_8BIT_FIFOEN	24	static
stm32h7xx_hal_usart.c:3537:13:USART_RxISR_16BIT_FIFOEN	24	static
stm32h7xx_hal_usart.c:2569:13:USART_DMAReceiveCplt	8	static
stm32h7xx_hal_usart.c:2389:13:HAL_USART_ErrorCallback	0	static
stm32h7xx_hal_usart.c:2662:13:USART_DMAError	16	static
stm32h7xx_hal_usart.c:2084:6:HAL_USART_IRQHandler	24	static
stm32h7xx_hal_usart.c:2688:13:USART_DMAAbortOnError	8	static
stm32h7xx_hal_usart.c:2404:13:HAL_USART_AbortCpltCallback	0	static
stm32h7xx_hal_usart.c:1953:19:HAL_USART_Abort_IT	8	static
stm32h7xx_hal_usart.c:2759:13:USART_DMARxAbortCallback	16	static
stm32h7xx_hal_usart.c:2711:13:USART_DMATxAbortCallback	16	static
stm32h7xx_hal_usart.c:2441:24:HAL_USART_GetState	0	static
stm32h7xx_hal_usart.c:2452:10:HAL_USART_GetError	0	static
