stm32h7xx_hal_uart.c:3723:13:UART_TxISR_16BIT	0	static
stm32h7xx_hal_uart.c:3795:13:UART_TxISR_16BIT_FIFOEN	4	static
stm32h7xx_hal_uart.c:3694:13:UART_TxISR_8BIT	0	static
stm32h7xx_hal_uart.c:3755:13:UART_TxISR_8BIT_FIFOEN	4	static
stm32h7xx_hal_uart.c:657:13:HAL_UART_MspInit	0	static
stm32h7xx_hal_uart.c:672:13:HAL_UART_MspDeInit	0	static
stm32h7xx_hal_uart.c:612:19:HAL_UART_DeInit	16	static
stm32h7xx_hal_uart.c:1031:19:HAL_UART_Transmit	40	static
stm32h7xx_hal_uart.c:1120:19:HAL_UART_Receive	40	static
stm32h7xx_hal_uart.c:1205:19:HAL_UART_Transmit_IT	8	static
stm32h7xx_hal_uart.c:1279:19:HAL_UART_Receive_IT	12	static
stm32h7xx_hal_uart.c:1360:19:HAL_UART_Transmit_DMA	24	static
stm32h7xx_hal_uart.c:1436:19:HAL_UART_Receive_DMA	24	static
stm32h7xx_hal_uart.c:1507:19:HAL_UART_DMAPause	8	static
stm32h7xx_hal_uart.c:1541:19:HAL_UART_DMAResume	0	static
stm32h7xx_hal_uart.c:1573:19:HAL_UART_DMAStop	16	static
stm32h7xx_hal_uart.c:1648:19:HAL_UART_Abort	16	static
stm32h7xx_hal_uart.c:1741:19:HAL_UART_AbortTransmit	8	static
stm32h7xx_hal_uart.c:1799:19:HAL_UART_AbortReceive	8	static
stm32h7xx_hal_uart.c:2409:13:HAL_UART_TxCpltCallback	0	static
stm32h7xx_hal_uart.c:3356:13:UART_DMATransmitCplt	8	static
stm32h7xx_hal_uart.c:2424:13:HAL_UART_TxHalfCpltCallback	0	static
stm32h7xx_hal_uart.c:3390:13:UART_DMATxHalfCplt	8	static
stm32h7xx_hal_uart.c:2439:13:HAL_UART_RxCpltCallback	0	static
stm32h7xx_hal_uart.c:3861:13:UART_RxISR_8BIT	16	static
stm32h7xx_hal_uart.c:3911:13:UART_RxISR_16BIT	16	static
stm32h7xx_hal_uart.c:3963:13:UART_RxISR_8BIT_FIFOEN	24	static
stm32h7xx_hal_uart.c:4035:13:UART_RxISR_16BIT_FIFOEN	24	static
stm32h7xx_hal_uart.c:3408:13:UART_DMAReceiveCplt	8	static
stm32h7xx_hal_uart.c:2454:13:HAL_UART_RxHalfCpltCallback	0	static
stm32h7xx_hal_uart.c:3443:13:UART_DMARxHalfCplt	8	static
stm32h7xx_hal_uart.c:2469:13:HAL_UART_ErrorCallback	0	static
stm32h7xx_hal_uart.c:3461:13:UART_DMAError	16	static
stm32h7xx_hal_uart.c:2177:6:HAL_UART_IRQHandler	24	static
stm32h7xx_hal_uart.c:3501:13:UART_DMAAbortOnError	8	static
stm32h7xx_hal_uart.c:2484:13:HAL_UART_AbortCpltCallback	0	static
stm32h7xx_hal_uart.c:1859:19:HAL_UART_Abort_IT	8	static
stm32h7xx_hal_uart.c:3578:13:UART_DMARxAbortCallback	16	static
stm32h7xx_hal_uart.c:3524:13:UART_DMATxAbortCallback	8	static
stm32h7xx_hal_uart.c:2499:13:HAL_UART_AbortTransmitCpltCallback	0	static
stm32h7xx_hal_uart.c:2003:19:HAL_UART_AbortTransmit_IT	8	static
stm32h7xx_hal_uart.c:3629:13:UART_DMATxOnlyAbortCallback	8	static
stm32h7xx_hal_uart.c:2514:13:HAL_UART_AbortReceiveCpltCallback	0	static
stm32h7xx_hal_uart.c:2093:19:HAL_UART_AbortReceive_IT	16	static
stm32h7xx_hal_uart.c:3662:13:UART_DMARxOnlyAbortCallback	16	static
stm32h7xx_hal_uart.c:2561:6:HAL_UART_ReceiverTimeout_Config	0	static
stm32h7xx_hal_uart.c:2576:19:HAL_UART_EnableReceiverTimeout	8	static
stm32h7xx_hal_uart.c:2614:19:HAL_UART_DisableReceiverTimeout	8	static
stm32h7xx_hal_uart.c:2652:19:HAL_MultiProcessor_EnableMuteMode	16	static
stm32h7xx_hal_uart.c:2672:19:HAL_MultiProcessor_DisableMuteMode	16	static
stm32h7xx_hal_uart.c:2692:6:HAL_MultiProcessor_EnterMuteMode	0	static
stm32h7xx_hal_uart.c:2702:19:HAL_HalfDuplex_EnableTransmitter	8	static
stm32h7xx_hal_uart.c:2725:19:HAL_HalfDuplex_EnableReceiver	8	static
stm32h7xx_hal_uart.c:2749:19:HAL_LIN_SendBreak	8	static
stm32h7xx_hal_uart.c:2794:23:HAL_UART_GetState	0	static
stm32h7xx_hal_uart.c:2810:10:HAL_UART_GetError	0	static
stm32h7xx_hal_uart.c:2855:19:UART_SetConfig	56	static
stm32h7xx_hal_uart.c:3142:6:UART_AdvFeatureConfig	4	static
stm32h7xx_hal_uart.c:295:19:HAL_UART_Init	48	static
stm32h7xx_hal_uart.c:368:19:HAL_HalfDuplex_Init	48	static
stm32h7xx_hal_uart.c:441:19:HAL_LIN_Init	56	static
stm32h7xx_hal_uart.c:538:19:HAL_MultiProcessor_Init	56	static
stm32h7xx_hal_uart.c:3216:19:UART_CheckIdleState	16	static
stm32h7xx_hal_uart.c:3266:19:UART_WaitOnFlagUntilTimeout	32	static
