stm32h7xx_hal_dma_ex.c:121:19:HAL_DMAEx_MultiBufferStart	24	static
stm32h7xx_hal_dma_ex.c:215:19:HAL_DMAEx_MultiBufferStart_IT	24	static
stm32h7xx_hal_dma_ex.c:349:19:HAL_DMAEx_ChangeMemory	8	static
stm32h7xx_hal_dma_ex.c:388:19:HAL_DMAEx_ConfigMuxSync	20	static
stm32h7xx_hal_dma_ex.c:456:19:HAL_DMAEx_ConfigMuxRequestGenerator	12	static
stm32h7xx_hal_dma_ex.c:522:19:HAL_DMAEx_EnableMuxRequestGenerator	0	static
stm32h7xx_hal_dma_ex.c:548:19:HAL_DMAEx_DisableMuxRequestGenerator	0	static
stm32h7xx_hal_dma_ex.c:574:6:HAL_DMAEx_MUX_IRQHandler	16	static
