Archive member included to satisfy reference by file (symbol)

c:/st/stm32cubeide_1.1.0/stm32cubeide/plugins/com.st.stm32cube.ide.mcu.externaltools.gnu-tools-for-stm32.7-2018-q2-update.win32_1.0.0.201904181610/tools/bin/../lib/gcc/arm-none-eabi/7.3.1/../../../../arm-none-eabi/lib/thumb/v7e-m/fpv5/hard\libc_nano.a(lib_a-errno.o)
                              Core/Src/syscalls.o (__errno)
c:/st/stm32cubeide_1.1.0/stm32cubeide/plugins/com.st.stm32cube.ide.mcu.externaltools.gnu-tools-for-stm32.7-2018-q2-update.win32_1.0.0.201904181610/tools/bin/../lib/gcc/arm-none-eabi/7.3.1/../../../../arm-none-eabi/lib/thumb/v7e-m/fpv5/hard\libc_nano.a(lib_a-exit.o)
                              c:/st/stm32cubeide_1.1.0/stm32cubeide/plugins/com.st.stm32cube.ide.mcu.externaltools.gnu-tools-for-stm32.7-2018-q2-update.win32_1.0.0.201904181610/tools/bin/../lib/gcc/arm-none-eabi/7.3.1/../../../../arm-none-eabi/lib/thumb/v7e-m/fpv5/hard/crt0.o (exit)
c:/st/stm32cubeide_1.1.0/stm32cubeide/plugins/com.st.stm32cube.ide.mcu.externaltools.gnu-tools-for-stm32.7-2018-q2-update.win32_1.0.0.201904181610/tools/bin/../lib/gcc/arm-none-eabi/7.3.1/../../../../arm-none-eabi/lib/thumb/v7e-m/fpv5/hard\libc_nano.a(lib_a-impure.o)
                              c:/st/stm32cubeide_1.1.0/stm32cubeide/plugins/com.st.stm32cube.ide.mcu.externaltools.gnu-tools-for-stm32.7-2018-q2-update.win32_1.0.0.201904181610/tools/bin/../lib/gcc/arm-none-eabi/7.3.1/../../../../arm-none-eabi/lib/thumb/v7e-m/fpv5/hard\libc_nano.a(lib_a-exit.o) (_global_impure_ptr)
c:/st/stm32cubeide_1.1.0/stm32cubeide/plugins/com.st.stm32cube.ide.mcu.externaltools.gnu-tools-for-stm32.7-2018-q2-update.win32_1.0.0.201904181610/tools/bin/../lib/gcc/arm-none-eabi/7.3.1/../../../../arm-none-eabi/lib/thumb/v7e-m/fpv5/hard\libc_nano.a(lib_a-init.o)
                              c:/st/stm32cubeide_1.1.0/stm32cubeide/plugins/com.st.stm32cube.ide.mcu.externaltools.gnu-tools-for-stm32.7-2018-q2-update.win32_1.0.0.201904181610/tools/bin/../lib/gcc/arm-none-eabi/7.3.1/../../../../arm-none-eabi/lib/thumb/v7e-m/fpv5/hard/crt0.o (__libc_init_array)
c:/st/stm32cubeide_1.1.0/stm32cubeide/plugins/com.st.stm32cube.ide.mcu.externaltools.gnu-tools-for-stm32.7-2018-q2-update.win32_1.0.0.201904181610/tools/bin/../lib/gcc/arm-none-eabi/7.3.1/../../../../arm-none-eabi/lib/thumb/v7e-m/fpv5/hard\libc_nano.a(lib_a-memset.o)
                              c:/st/stm32cubeide_1.1.0/stm32cubeide/plugins/com.st.stm32cube.ide.mcu.externaltools.gnu-tools-for-stm32.7-2018-q2-update.win32_1.0.0.201904181610/tools/bin/../lib/gcc/arm-none-eabi/7.3.1/../../../../arm-none-eabi/lib/thumb/v7e-m/fpv5/hard/crt0.o (memset)
c:/st/stm32cubeide_1.1.0/stm32cubeide/plugins/com.st.stm32cube.ide.mcu.externaltools.gnu-tools-for-stm32.7-2018-q2-update.win32_1.0.0.201904181610/tools/bin/../lib/gcc/arm-none-eabi/7.3.1/../../../../arm-none-eabi/lib/thumb/v7e-m/fpv5/hard\libc_nano.a(lib_a-printf.o)
                              Core/Src/main.o (printf)
c:/st/stm32cubeide_1.1.0/stm32cubeide/plugins/com.st.stm32cube.ide.mcu.externaltools.gnu-tools-for-stm32.7-2018-q2-update.win32_1.0.0.201904181610/tools/bin/../lib/gcc/arm-none-eabi/7.3.1/../../../../arm-none-eabi/lib/thumb/v7e-m/fpv5/hard\libc_nano.a(lib_a-putchar.o)
                              Core/Src/main.o (putchar)
c:/st/stm32cubeide_1.1.0/stm32cubeide/plugins/com.st.stm32cube.ide.mcu.externaltools.gnu-tools-for-stm32.7-2018-q2-update.win32_1.0.0.201904181610/tools/bin/../lib/gcc/arm-none-eabi/7.3.1/../../../../arm-none-eabi/lib/thumb/v7e-m/fpv5/hard\libc_nano.a(lib_a-puts.o)
                              Core/Src/main.o (puts)
c:/st/stm32cubeide_1.1.0/stm32cubeide/plugins/com.st.stm32cube.ide.mcu.externaltools.gnu-tools-for-stm32.7-2018-q2-update.win32_1.0.0.201904181610/tools/bin/../lib/gcc/arm-none-eabi/7.3.1/../../../../arm-none-eabi/lib/thumb/v7e-m/fpv5/hard\libc_nano.a(lib_a-wbuf.o)
                              c:/st/stm32cubeide_1.1.0/stm32cubeide/plugins/com.st.stm32cube.ide.mcu.externaltools.gnu-tools-for-stm32.7-2018-q2-update.win32_1.0.0.201904181610/tools/bin/../lib/gcc/arm-none-eabi/7.3.1/../../../../arm-none-eabi/lib/thumb/v7e-m/fpv5/hard\libc_nano.a(lib_a-puts.o) (__swbuf_r)
c:/st/stm32cubeide_1.1.0/stm32cubeide/plugins/com.st.stm32cube.ide.mcu.externaltools.gnu-tools-for-stm32.7-2018-q2-update.win32_1.0.0.201904181610/tools/bin/../lib/gcc/arm-none-eabi/7.3.1/../../../../arm-none-eabi/lib/thumb/v7e-m/fpv5/hard\libc_nano.a(lib_a-wsetup.o)
                              c:/st/stm32cubeide_1.1.0/stm32cubeide/plugins/com.st.stm32cube.ide.mcu.externaltools.gnu-tools-for-stm32.7-2018-q2-update.win32_1.0.0.201904181610/tools/bin/../lib/gcc/arm-none-eabi/7.3.1/../../../../arm-none-eabi/lib/thumb/v7e-m/fpv5/hard\libc_nano.a(lib_a-puts.o) (__swsetup_r)
[...]
Memory Configuration

Name             Origin             Length             Attributes
DTCMRAM          0x0000000020000000 0x0000000000020000 xrw
ITCMRAM          0x0000000000000000 0x0000000000010000 xrw
RAM_D1           0x0000000024000000 0x0000000000080000 xrw
RAM_D2           0x0000000030000000 0x0000000000048000 xrw
RAM_D3           0x0000000038000000 0x0000000000010000 xrw
FLASH            0x0000000008000000 0x0000000000200000 xr
*default*        0x0000000000000000 0xffffffffffffffff

Linker script and memory map

LOAD c:/st/stm32cubeide_1.1.0/stm32cubeide/plugins/com.st.stm32cube.ide.mcu.externaltools.gnu-tools-for-stm32.7-2018-q2-update.win32_1.0.0.201904181610/tools/bin/../lib/gcc/arm-none-eabi/7.3.1/thumb/v7e-m/fpv5/hard/crti.o
LOAD c:/st/stm32cubeide_1.1.0/stm32cubeide/plugins/com.st.stm32cube.ide.mcu.externaltools.gnu-tools-for-stm32.7-2018-q2-update.win32_1.0.0.201904181610/tools/bin/../lib/gcc/arm-none-eabi/7.3.1/thumb/v7e-m/fpv5/hard/crtbegin.o
LOAD c:/st/stm32cubeide_1.1.0/stm32cubeide/plugins/com.st.stm32cube.ide.mcu.externaltools.gnu-tools-for-stm32.7-2018-q2-update.win32_1.0.0.201904181610/tools/bin/../lib/gcc/arm-none-eabi/7.3.1/../../../../arm-none-eabi/lib/thumb/v7e-m/fpv5/hard/crt0.o
LOAD Core/Src/main.o
LOAD Core/Src/stm32h7xx_hal_msp.o
LOAD Core/Src/stm32h7xx_it.o
LOAD Core/Src/syscalls.o
LOAD Core/Src/sysmem.o
LOAD Core/Src/system_stm32h7xx.o
LOAD Core/Startup/startup_stm32h743iitx.o
LOAD Drivers/STM32H7xx_HAL_Driver/Src/stm32h7xx_hal.o
LOAD Drivers/STM32H7xx_HAL_Driver/Src/stm32h7xx_hal_cortex.o
LOAD Drivers/STM32H7xx_HAL_Driver/Src/stm32h7xx_hal_dma.o
LOAD Drivers/STM32H7xx_HAL_Driver/Src/stm32h7xx_hal_dma_ex.o
LOAD Drivers/STM32H7xx_HAL_Driver/Src/stm32h7xx_hal_exti.o
LOAD Drivers/STM32H7xx_HAL_Driver/Src/stm32h7xx_hal_flash.o
LOAD Drivers/STM32H7xx_HAL_Driver/Src/stm32h7xx_hal_flash_ex.o
LOAD Drivers/STM32H7xx_HAL_Driver/Src/stm32h7xx_hal_gpio.o
LOAD Drivers/STM32H7xx_HAL_Driver/Src/stm32h7xx_hal_hsem.o
LOAD Drivers/STM32H7xx_HAL_Driver/Src/stm32h7xx_hal_i2c.o
LOAD Drivers/STM32H7xx_HAL_Driver/Src/stm32h7xx_hal_i2c_ex.o
LOAD Drivers/STM32H7xx_HAL_Driver/Src/stm32h7xx_hal_jpeg.o
LOAD Drivers/STM32H7xx_HAL_Driver/Src/stm32h7xx_hal_mdma.o
LOAD Drivers/STM32H7xx_HAL_Driver/Src/stm32h7xx_hal_pwr.o
LOAD Drivers/STM32H7xx_HAL_Driver/Src/stm32h7xx_hal_pwr_ex.o
LOAD Drivers/STM32H7xx_HAL_Driver/Src/stm32h7xx_hal_rcc.o
LOAD Drivers/STM32H7xx_HAL_Driver/Src/stm32h7xx_hal_rcc_ex.o
LOAD Drivers/STM32H7xx_HAL_Driver/Src/stm32h7xx_hal_tim.o
LOAD Drivers/STM32H7xx_HAL_Driver/Src/stm32h7xx_hal_tim_ex.o
LOAD Drivers/STM32H7xx_HAL_Driver/Src/stm32h7xx_hal_uart.o
LOAD Drivers/STM32H7xx_HAL_Driver/Src/stm32h7xx_hal_uart_ex.o
START GROUP
LOAD c:/st/stm32cubeide_1.1.0/stm32cubeide/plugins/com.st.stm32cube.ide.mcu.externaltools.gnu-tools-for-stm32.7-2018-q2-update.win32_1.0.0.201904181610/tools/bin/../lib/gcc/arm-none-eabi/7.3.1/../../../../arm-none-eabi/lib/thumb/v7e-m/fpv5/hard\libstdc++_nano.a
LOAD c:/st/stm32cubeide_1.1.0/stm32cubeide/plugins/com.st.stm32cube.ide.mcu.externaltools.gnu-tools-for-stm32.7-2018-q2-update.win32_1.0.0.201904181610/tools/bin/../lib/gcc/arm-none-eabi/7.3.1/../../../../arm-none-eabi/lib/thumb/v7e-m/fpv5/hard\libsupc++_nano.a
END GROUP
LOAD c:/st/stm32cubeide_1.1.0/stm32cubeide/plugins/com.st.stm32cube.ide.mcu.externaltools.gnu-tools-for-stm32.7-2018-q2-update.win32_1.0.0.201904181610/tools/bin/../lib/gcc/arm-none-eabi/7.3.1/../../../../arm-none-eabi/lib/thumb/v7e-m/fpv5/hard\libstdc++_nano.a
LOAD c:/st/stm32cubeide_1.1.0/stm32cubeide/plugins/com.st.stm32cube.ide.mcu.externaltools.gnu-tools-for-stm32.7-2018-q2-update.win32_1.0.0.201904181610/tools/bin/../lib/gcc/arm-none-eabi/7.3.1/../../../../arm-none-eabi/lib/thumb/v7e-m/fpv5/hard\libm.a
LOAD c:/st/stm32cubeide_1.1.0/stm32cubeide/plugins/com.st.stm32cube.ide.mcu.externaltools.gnu-tools-for-stm32.7-2018-q2-update.win32_1.0.0.201904181610/tools/bin/../lib/gcc/arm-none-eabi/7.3.1/../../../../arm-none-eabi/lib/thumb/v7e-m/fpv5/hard\libc_nano.a
START GROUP
LOAD c:/st/stm32cubeide_1.1.0/stm32cubeide/plugins/com.st.stm32cube.ide.mcu.externaltools.gnu-tools-for-stm32.7-2018-q2-update.win32_1.0.0.201904181610/tools/bin/../lib/gcc/arm-none-eabi/7.3.1/thumb/v7e-m/fpv5/hard\libgcc.a
LOAD c:/st/stm32cubeide_1.1.0/stm32cubeide/plugins/com.st.stm32cube.ide.mcu.externaltools.gnu-tools-for-stm32.7-2018-q2-update.win32_1.0.0.201904181610/tools/bin/../lib/gcc/arm-none-eabi/7.3.1/../../../../arm-none-eabi/lib/thumb/v7e-m/fpv5/hard\libc_nano.a
END GROUP
START GROUP
LOAD c:/st/stm32cubeide_1.1.0/stm32cubeide/plugins/com.st.stm32cube.ide.mcu.externaltools.gnu-tools-for-stm32.7-2018-q2-update.win32_1.0.0.201904181610/tools/bin/../lib/gcc/arm-none-eabi/7.3.1/thumb/v7e-m/fpv5/hard\libgcc.a
LOAD c:/st/stm32cubeide_1.1.0/stm32cubeide/plugins/com.st.stm32cube.ide.mcu.externaltools.gnu-tools-for-stm32.7-2018-q2-update.win32_1.0.0.201904181610/tools/bin/../lib/gcc/arm-none-eabi/7.3.1/../../../../arm-none-eabi/lib/thumb/v7e-m/fpv5/hard\libc_nano.a
LOAD c:/st/stm32cubeide_1.1.0/stm32cubeide/plugins/com.st.stm32cube.ide.mcu.externaltools.gnu-tools-for-stm32.7-2018-q2-update.win32_1.0.0.201904181610/tools/bin/../lib/gcc/arm-none-eabi/7.3.1/../../../../arm-none-eabi/lib/thumb/v7e-m/fpv5/hard\libnosys.a
END GROUP
START GROUP
LOAD c:/st/stm32cubeide_1.1.0/stm32cubeide/plugins/com.st.stm32cube.ide.mcu.externaltools.gnu-tools-for-stm32.7-2018-q2-update.win32_1.0.0.201904181610/tools/bin/../lib/gcc/arm-none-eabi/7.3.1/thumb/v7e-m/fpv5/hard\libgcc.a
LOAD c:/st/stm32cubeide_1.1.0/stm32cubeide/plugins/com.st.stm32cube.ide.mcu.externaltools.gnu-tools-for-stm32.7-2018-q2-update.win32_1.0.0.201904181610/tools/bin/../lib/gcc/arm-none-eabi/7.3.1/../../../../arm-none-eabi/lib/thumb/v7e-m/fpv5/hard\libc_nano.a
LOAD c:/st/stm32cubeide_1.1.0/stm32cubeide/plugins/com.st.stm32cube.ide.mcu.externaltools.gnu-tools-for-stm32.7-2018-q2-update.win32_1.0.0.201904181610/tools/bin/../lib/gcc/arm-none-eabi/7.3.1/../../../../arm-none-eabi/lib/thumb/v7e-m/fpv5/hard\libnosys.a
END GROUP
LOAD c:/st/stm32cubeide_1.1.0/stm32cubeide/plugins/com.st.stm32cube.ide.mcu.externaltools.gnu-tools-for-stm32.7-2018-q2-update.win32_1.0.0.201904181610/tools/bin/../lib/gcc/arm-none-eabi/7.3.1/thumb/v7e-m/fpv5/hard/crtend.o
LOAD c:/st/stm32cubeide_1.1.0/stm32cubeide/plugins/com.st.stm32cube.ide.mcu.externaltools.gnu-tools-for-stm32.7-2018-q2-update.win32_1.0.0.201904181610/tools/bin/../lib/gcc/arm-none-eabi/7.3.1/thumb/v7e-m/fpv5/hard/crtn.o
                0x0000000024080000                _estack = (ORIGIN (RAM_D1) + LENGTH (RAM_D1))
                0x0000000000002000                _Min_Heap_Size = 0x2000
                0x0000000000004000                _Min_Stack_Size = 0x4000

.isr_vector     0x0000000008000000      0x298
                0x0000000008000000                . = ALIGN (0x4)
 *(.isr_vector)
 .isr_vector    0x0000000008000000      0x298 Core/Startup/startup_stm32h743iitx.o
                0x0000000008000000                g_pfnVectors
                0x0000000008000298                . = ALIGN (0x4)

.text           0x00000000080002a0     0x9c44
                0x00000000080002a0                . = ALIGN (0x4)
 *(.text)
 .text          0x00000000080002a0       0x40 c:/st/stm32cubeide_1.1.0/stm32cubeide/plugins/com.st.stm32cube.ide.mcu.externaltools.gnu-tools-for-stm32.7-2018-q2-update.win32_1.0.0.201904181610/tools/bin/../lib/gcc/arm-none-eabi/7.3.1/thumb/v7e-m/fpv5/hard/crtbegin.o
 .text          0x00000000080002e0       0xa0 c:/st/stm32cubeide_1.1.0/stm32cubeide/plugins/com.st.stm32cube.ide.mcu.externaltools.gnu-tools-for-stm32.7-2018-q2-update.win32_1.0.0.201904181610/tools/bin/../lib/gcc/arm-none-eabi/7.3.1/../../../../arm-none-eabi/lib/thumb/v7e-m/fpv5/hard\libc_nano.a(lib_a-memchr.o)
                0x00000000080002e0                memchr
 .text          0x0000000008000380       0x30 c:/st/stm32cubeide_1.1.0/stm32cubeide/plugins/com.st.stm32cube.ide.mcu.externaltools.gnu-tools-for-stm32.7-2018-q2-update.win32_1.0.0.201904181610/tools/bin/../lib/gcc/arm-none-eabi/7.3.1/thumb/v7e-m/fpv5/hard\libgcc.a(_aeabi_uldivmod.o)
                0x0000000008000380                __aeabi_uldivmod
 .text          0x00000000080003b0      0x2cc c:/st/stm32cubeide_1.1.0/stm32cubeide/plugins/com.st.stm32cube.ide.mcu.externaltools.gnu-tools-for-stm32.7-2018-q2-update.win32_1.0.0.201904181610/tools/bin/../lib/gcc/arm-none-eabi/7.3.1/thumb/v7e-m/fpv5/hard\libgcc.a(_udivmoddi4.o)
                0x00000000080003b0                __udivmoddi4
 .text          0x000000000800067c        0x4 c:/st/stm32cubeide_1.1.0/stm32cubeide/plugins/com.st.stm32cube.ide.mcu.externaltools.gnu-tools-for-stm32.7-2018-q2-update.win32_1.0.0.201904181610/tools/bin/../lib/gcc/arm-none-eabi/7.3.1/thumb/v7e-m/fpv5/hard\libgcc.a(_dvmd_tls.o)
                0x000000000800067c                __aeabi_idiv0
                0x000000000800067c                __aeabi_ldiv0
 *(.text*)
 .text.ITM_SendChar
                0x0000000008000680       0x4e Core/Src/main.o
 *fill*         0x00000000080006ce        0x2 
 .text.main     0x00000000080006d0      0x370 Core/Src/main.o
                0x00000000080006d0                main
 .text.SystemClock_Config
                0x0000000008000a40      0x164 Core/Src/main.o
                0x0000000008000a40                SystemClock_Config
 .text.MX_JPEG_Init
                0x0000000008000ba4       0x28 Core/Src/main.o
 .text.MX_UART4_Init
                0x0000000008000bcc       0x9c Core/Src/main.o
 .text.MX_GPIO_Init
                0x0000000008000c68       0xc0 Core/Src/main.o
 .text.Camera_Reset
                0x0000000008000d28       0x7c Core/Src/main.o
                0x0000000008000d28                Camera_Reset
 .text.send_UART
                0x0000000008000da4      0x1e0 Core/Src/main.o
                0x0000000008000da4                send_UART
 .text.Camera_Snapshot
                0x0000000008000f84       0x64 Core/Src/main.o
                0x0000000008000f84                Camera_Snapshot
 .text.Camera_Get_IMG_Length
                0x0000000008000fe8       0x5c Core/Src/main.o
                0x0000000008000fe8                Camera_Get_IMG_Length
 .text.Camera_Get_IMG
                0x0000000008001044       0x54 Core/Src/main.o
                0x0000000008001044                Camera_Get_IMG
 .text.Camera_Set_Res
                0x0000000008001098       0xa4 Core/Src/main.o
                0x0000000008001098                Camera_Set_Res
 .text.Camera_Set_Compress
                0x000000000800113c       0x68 Core/Src/main.o
                0x000000000800113c                Camera_Set_Compress
 .text.Camera_Set_Baud
                0x00000000080011a4      0x144 Core/Src/main.o
                0x00000000080011a4                Camera_Set_Baud
 .text.Camera_Initialize
                0x00000000080012e8       0xd0 Core/Src/main.o
                0x00000000080012e8                Camera_Initialize
 .text.UART_Init_Baud
                0x00000000080013b8       0x9c Core/Src/main.o
                0x00000000080013b8                UART_Init_Baud
 .text.get_TOF_Data
                0x0000000008001454       0x14 Core/Src/main.o
                0x0000000008001454                get_TOF_Data
 .text._write   0x0000000008001468       0x38 Core/Src/main.o
                0x0000000008001468                _write
 .text.Error_Handler
                0x00000000080014a0        0xe Core/Src/main.o
                0x00000000080014a0                Error_Handler
 *fill*         0x00000000080014ae        0x2 
 .text.HAL_MspInit
                0x00000000080014b0       0x34 Core/Src/stm32h7xx_hal_msp.o
                0x00000000080014b0                HAL_MspInit
 .text.HAL_JPEG_MspInit
                0x00000000080014e4       0x44 Core/Src/stm32h7xx_hal_msp.o
                0x00000000080014e4                HAL_JPEG_MspInit
 .text.HAL_UART_MspInit
                0x0000000008001528       0xe8 Core/Src/stm32h7xx_hal_msp.o
                0x0000000008001528                HAL_UART_MspInit
 .text.HAL_UART_MspDeInit
                0x0000000008001610       0x54 Core/Src/stm32h7xx_hal_msp.o
                0x0000000008001610                HAL_UART_MspDeInit
 .text.NMI_Handler
                0x0000000008001664        0xe Core/Src/stm32h7xx_it.o
                0x0000000008001664                NMI_Handler
 .text.HardFault_Handler
                0x0000000008001672        0x6 Core/Src/stm32h7xx_it.o
                0x0000000008001672                HardFault_Handler
 .text.MemManage_Handler
                0x0000000008001678        0x6 Core/Src/stm32h7xx_it.o
                0x0000000008001678                MemManage_Handler
 .text.BusFault_Handler
                0x000000000800167e        0x6 Core/Src/stm32h7xx_it.o
                0x000000000800167e                BusFault_Handler
 .text.UsageFault_Handler
                0x0000000008001684        0x6 Core/Src/stm32h7xx_it.o
                0x0000000008001684                UsageFault_Handler
 .text.SVC_Handler
                0x000000000800168a        0xe Core/Src/stm32h7xx_it.o
                0x000000000800168a                SVC_Handler
 .text.DebugMon_Handler
                0x0000000008001698        0xe Core/Src/stm32h7xx_it.o
                0x0000000008001698                DebugMon_Handler
 .text.PendSV_Handler
                0x00000000080016a6        0xe Core/Src/stm32h7xx_it.o
                0x00000000080016a6                PendSV_Handler
 .text.SysTick_Handler
                0x00000000080016b4        0xc Core/Src/stm32h7xx_it.o
                0x00000000080016b4                SysTick_Handler
 .text.UART4_IRQHandler
                0x00000000080016c0       0x14 Core/Src/stm32h7xx_it.o
                0x00000000080016c0                UART4_IRQHandler
 .text._read    0x00000000080016d4       0x3a Core/Src/syscalls.o
                0x00000000080016d4                _read
 .text._close   0x000000000800170e       0x18 Core/Src/syscalls.o
                0x000000000800170e                _close
 .text._fstat   0x0000000008001726       0x20 Core/Src/syscalls.o
                0x0000000008001726                _fstat
 .text._isatty  0x0000000008001746       0x16 Core/Src/syscalls.o
                0x0000000008001746                _isatty
 .text._lseek   0x000000000800175c       0x1a Core/Src/syscalls.o
                0x000000000800175c                _lseek
 *fill*         0x0000000008001776        0x2 
 .text._sbrk    0x0000000008001778       0x58 Core/Src/sysmem.o
                0x0000000008001778                _sbrk
 .text.SystemInit
                0x00000000080017d0       0xc4 Core/Src/system_stm32h7xx.o
                0x00000000080017d0                SystemInit
 .text.Reset_Handler
                0x0000000008001894       0x50 Core/Startup/startup_stm32h743iitx.o
                0x0000000008001894                Reset_Handler
 .text.Default_Handler
                0x00000000080018e4        0x2 Core/Startup/startup_stm32h743iitx.o
                0x00000000080018e4                RTC_Alarm_IRQHandler
                0x00000000080018e4                EXTI2_IRQHandler
                0x00000000080018e4                TIM8_CC_IRQHandler
                0x00000000080018e4                HRTIM1_Master_IRQHandler
                0x00000000080018e4                UART8_IRQHandler
                0x00000000080018e4                SPI4_IRQHandler
                0x00000000080018e4                TIM1_CC_IRQHandler
                0x00000000080018e4                BDMA_Channel6_IRQHandler
                0x00000000080018e4                DMA2_Stream5_IRQHandler
                0x00000000080018e4                HRTIM1_FLT_IRQHandler
                0x00000000080018e4                JPEG_IRQHandler
                0x00000000080018e4                DMA1_Stream5_IRQHandler
                0x00000000080018e4                BDMA_Channel1_IRQHandler
                0x00000000080018e4                HRTIM1_TIMD_IRQHandler
                0x00000000080018e4                TAMP_STAMP_IRQHandler
                0x00000000080018e4                EXTI3_IRQHandler
                0x00000000080018e4                LPTIM4_IRQHandler
                0x00000000080018e4                TIM8_TRG_COM_TIM14_IRQHandler
                0x00000000080018e4                LPTIM2_IRQHandler
                0x00000000080018e4                DFSDM1_FLT1_IRQHandler
                0x00000000080018e4                DMAMUX2_OVR_IRQHandler
                0x00000000080018e4                TIM8_UP_TIM13_IRQHandler
                0x00000000080018e4                I2C3_ER_IRQHandler
                0x00000000080018e4                DFSDM1_FLT2_IRQHandler
                0x00000000080018e4                MDMA_IRQHandler
                0x00000000080018e4                LPTIM3_IRQHandler
                0x00000000080018e4                HSEM1_IRQHandler
                0x00000000080018e4                EXTI0_IRQHandler
                0x00000000080018e4                I2C2_EV_IRQHandler
                0x00000000080018e4                DMA1_Stream2_IRQHandler
                0x00000000080018e4                FPU_IRQHandler
                0x00000000080018e4                OTG_HS_WKUP_IRQHandler
                0x00000000080018e4                FDCAN1_IT1_IRQHandler
                0x00000000080018e4                LTDC_ER_IRQHandler
                0x00000000080018e4                DMA2_Stream2_IRQHandler
                0x00000000080018e4                HRTIM1_TIME_IRQHandler
                0x00000000080018e4                SPI1_IRQHandler
                0x00000000080018e4                TIM6_DAC_IRQHandler
                0x00000000080018e4                DCMI_IRQHandler
                0x00000000080018e4                HRTIM1_TIMC_IRQHandler
                0x00000000080018e4                DMA2_Stream3_IRQHandler
                0x00000000080018e4                SAI2_IRQHandler
                0x00000000080018e4                DFSDM1_FLT3_IRQHandler
                0x00000000080018e4                USART6_IRQHandler
                0x00000000080018e4                TIM17_IRQHandler
                0x00000000080018e4                USART3_IRQHandler
                0x00000000080018e4                BDMA_Channel7_IRQHandler
                0x00000000080018e4                LPTIM5_IRQHandler
                0x00000000080018e4                UART5_IRQHandler
                0x00000000080018e4                ADC3_IRQHandler
                0x00000000080018e4                DMA2_Stream0_IRQHandler
                0x00000000080018e4                TIM4_IRQHandler
                0x00000000080018e4                BDMA_Channel2_IRQHandler
                0x00000000080018e4                QUADSPI_IRQHandler
                0x00000000080018e4                I2C1_EV_IRQHandler
                0x00000000080018e4                DMA1_Stream6_IRQHandler
                0x00000000080018e4                DMAMUX1_OVR_IRQHandler
                0x00000000080018e4                DMA1_Stream1_IRQHandler
                0x00000000080018e4                TIM16_IRQHandler
                0x00000000080018e4                BDMA_Channel5_IRQHandler
                0x00000000080018e4                TIM3_IRQHandler
                0x00000000080018e4                RCC_IRQHandler
                0x00000000080018e4                TIM8_BRK_TIM12_IRQHandler
                0x00000000080018e4                TIM1_TRG_COM_IRQHandler
                0x00000000080018e4                Default_Handler
                0x00000000080018e4                ECC_IRQHandler
                0x00000000080018e4                CEC_IRQHandler
                0x00000000080018e4                EXTI15_10_IRQHandler
                0x00000000080018e4                BDMA_Channel0_IRQHandler
                0x00000000080018e4                ADC_IRQHandler
                0x00000000080018e4                DMA1_Stream7_IRQHandler
                0x00000000080018e4                HRTIM1_TIMA_IRQHandler
                0x00000000080018e4                SPI5_IRQHandler
                0x00000000080018e4                TIM7_IRQHandler
                0x00000000080018e4                SDMMC1_IRQHandler
                0x00000000080018e4                TIM5_IRQHandler
                0x00000000080018e4                DMA2_Stream7_IRQHandler
                0x00000000080018e4                TIM15_IRQHandler
                0x00000000080018e4                PVD_AVD_IRQHandler
                0x00000000080018e4                I2C3_EV_IRQHandler
                0x00000000080018e4                EXTI9_5_IRQHandler
                0x00000000080018e4                RTC_WKUP_IRQHandler
                0x00000000080018e4                LTDC_IRQHandler
                0x00000000080018e4                SAI3_IRQHandler
                0x00000000080018e4                ETH_WKUP_IRQHandler
                0x00000000080018e4                SPDIF_RX_IRQHandler
                0x00000000080018e4                SPI2_IRQHandler
                0x00000000080018e4                OTG_HS_EP1_IN_IRQHandler
                0x00000000080018e4                DMA1_Stream0_IRQHandler
                0x00000000080018e4                CRS_IRQHandler
                0x00000000080018e4                EXTI4_IRQHandler
                0x00000000080018e4                RNG_IRQHandler
                0x00000000080018e4                HRTIM1_TIMB_IRQHandler
                0x00000000080018e4                FDCAN2_IT1_IRQHandler
                0x00000000080018e4                ETH_IRQHandler
                0x00000000080018e4                TIM1_UP_IRQHandler
                0x00000000080018e4                BDMA_Channel4_IRQHandler
                0x00000000080018e4                OTG_HS_EP1_OUT_IRQHandler
                0x00000000080018e4                WWDG_IRQHandler
                0x00000000080018e4                SPI6_IRQHandler
                0x00000000080018e4                MDIOS_IRQHandler
                0x00000000080018e4                I2C4_EV_IRQHandler
                0x00000000080018e4                FDCAN2_IT0_IRQHandler
                0x00000000080018e4                LPUART1_IRQHandler
                0x00000000080018e4                FDCAN1_IT0_IRQHandler
                0x00000000080018e4                TIM2_IRQHandler
                0x00000000080018e4                OTG_FS_WKUP_IRQHandler
                0x00000000080018e4                OTG_HS_IRQHandler
                0x00000000080018e4                DMA2D_IRQHandler
                0x00000000080018e4                TIM1_BRK_IRQHandler
                0x00000000080018e4                EXTI1_IRQHandler
                0x00000000080018e4                SDMMC2_IRQHandler
                0x00000000080018e4                OTG_FS_EP1_OUT_IRQHandler
                0x00000000080018e4                BDMA_Channel3_IRQHandler
                0x00000000080018e4                UART7_IRQHandler
                0x00000000080018e4                MDIOS_WKUP_IRQHandler
                0x00000000080018e4                USART2_IRQHandler
                0x00000000080018e4                DFSDM1_FLT0_IRQHandler
                0x00000000080018e4                SAI4_IRQHandler
                0x00000000080018e4                I2C2_ER_IRQHandler
                0x00000000080018e4                DMA2_Stream1_IRQHandler
                0x00000000080018e4                FLASH_IRQHandler
                0x00000000080018e4                DMA2_Stream4_IRQHandler
                0x00000000080018e4                USART1_IRQHandler
                0x00000000080018e4                OTG_FS_IRQHandler
                0x00000000080018e4                SPI3_IRQHandler
                0x00000000080018e4                WAKEUP_PIN_IRQHandler
                0x00000000080018e4                DMA1_Stream4_IRQHandler
                0x00000000080018e4                OTG_FS_EP1_IN_IRQHandler
                0x00000000080018e4                I2C1_ER_IRQHandler
                0x00000000080018e4                FMC_IRQHandler
                0x00000000080018e4                FDCAN_CAL_IRQHandler
                0x00000000080018e4                SWPMI1_IRQHandler
                0x00000000080018e4                COMP1_IRQHandler
                0x00000000080018e4                LPTIM1_IRQHandler
                0x00000000080018e4                I2C4_ER_IRQHandler
                0x00000000080018e4                DMA2_Stream6_IRQHandler
                0x00000000080018e4                SAI1_IRQHandler
                0x00000000080018e4                DMA1_Stream3_IRQHandler
 *fill*         0x00000000080018e6        0x2 
 .text.HAL_Init
                0x00000000080018e8       0x70 Drivers/STM32H7xx_HAL_Driver/Src/stm32h7xx_hal.o
                0x00000000080018e8                HAL_Init
 .text.HAL_InitTick
                0x0000000008001958       0x6c Drivers/STM32H7xx_HAL_Driver/Src/stm32h7xx_hal.o
                0x0000000008001958                HAL_InitTick
 .text.HAL_IncTick
                0x00000000080019c4       0x28 Drivers/STM32H7xx_HAL_Driver/Src/stm32h7xx_hal.o
                0x00000000080019c4                HAL_IncTick
 .text.HAL_GetTick
                0x00000000080019ec       0x18 Drivers/STM32H7xx_HAL_Driver/Src/stm32h7xx_hal.o
                0x00000000080019ec                HAL_GetTick
 .text.HAL_Delay
                0x0000000008001a04       0x44 Drivers/STM32H7xx_HAL_Driver/Src/stm32h7xx_hal.o
                0x0000000008001a04                HAL_Delay
 .text.HAL_GetREVID
                0x0000000008001a48       0x18 Drivers/STM32H7xx_HAL_Driver/Src/stm32h7xx_hal.o
                0x0000000008001a48                HAL_GetREVID
 .text.__NVIC_SetPriorityGrouping
                0x0000000008001a60       0x48 Drivers/STM32H7xx_HAL_Driver/Src/stm32h7xx_hal_cortex.o
 .text.__NVIC_GetPriorityGrouping
                0x0000000008001aa8       0x1c Drivers/STM32H7xx_HAL_Driver/Src/stm32h7xx_hal_cortex.o
 .text.__NVIC_EnableIRQ
                0x0000000008001ac4       0x3c Drivers/STM32H7xx_HAL_Driver/Src/stm32h7xx_hal_cortex.o
 .text.__NVIC_DisableIRQ
                0x0000000008001b00       0x44 Drivers/STM32H7xx_HAL_Driver/Src/stm32h7xx_hal_cortex.o
 .text.__NVIC_SetPriority
                0x0000000008001b44       0x54 Drivers/STM32H7xx_HAL_Driver/Src/stm32h7xx_hal_cortex.o
 .text.NVIC_EncodePriority
                0x0000000008001b98       0x66 Drivers/STM32H7xx_HAL_Driver/Src/stm32h7xx_hal_cortex.o
 *fill*         0x0000000008001bfe        0x2 
 .text.SysTick_Config
                0x0000000008001c00       0x44 Drivers/STM32H7xx_HAL_Driver/Src/stm32h7xx_hal_cortex.o
 .text.HAL_NVIC_SetPriorityGrouping
                0x0000000008001c44       0x16 Drivers/STM32H7xx_HAL_Driver/Src/stm32h7xx_hal_cortex.o
                0x0000000008001c44                HAL_NVIC_SetPriorityGrouping
 .text.HAL_NVIC_SetPriority
                0x0000000008001c5a       0x34 Drivers/STM32H7xx_HAL_Driver/Src/stm32h7xx_hal_cortex.o
                0x0000000008001c5a                HAL_NVIC_SetPriority
 .text.HAL_NVIC_EnableIRQ
                0x0000000008001c8e       0x1c Drivers/STM32H7xx_HAL_Driver/Src/stm32h7xx_hal_cortex.o
                0x0000000008001c8e                HAL_NVIC_EnableIRQ
 .text.HAL_NVIC_DisableIRQ
                0x0000000008001caa       0x1c Drivers/STM32H7xx_HAL_Driver/Src/stm32h7xx_hal_cortex.o
                0x0000000008001caa                HAL_NVIC_DisableIRQ
 .text.HAL_SYSTICK_Config
                0x0000000008001cc6       0x18 Drivers/STM32H7xx_HAL_Driver/Src/stm32h7xx_hal_cortex.o
                0x0000000008001cc6                HAL_SYSTICK_Config
 *fill*         0x0000000008001cde        0x2 
 .text.HAL_DMA_Abort_IT
                0x0000000008001ce0      0x32c Drivers/STM32H7xx_HAL_Driver/Src/stm32h7xx_hal_dma.o
                0x0000000008001ce0                HAL_DMA_Abort_IT
 .text.HAL_GPIO_Init
                0x000000000800200c      0x360 Drivers/STM32H7xx_HAL_Driver/Src/stm32h7xx_hal_gpio.o
                0x000000000800200c                HAL_GPIO_Init
 .text.HAL_GPIO_DeInit
                0x000000000800236c      0x214 Drivers/STM32H7xx_HAL_Driver/Src/stm32h7xx_hal_gpio.o
                0x000000000800236c                HAL_GPIO_DeInit
 .text.HAL_GPIO_WritePin
                0x0000000008002580       0x32 Drivers/STM32H7xx_HAL_Driver/Src/stm32h7xx_hal_gpio.o
                0x0000000008002580                HAL_GPIO_WritePin
 *fill*         0x00000000080025b2        0x2 
 .text.HAL_JPEG_Init
                0x00000000080025b4      0x104 Drivers/STM32H7xx_HAL_Driver/Src/stm32h7xx_hal_jpeg.o
                0x00000000080025b4                HAL_JPEG_Init
 .text.HAL_JPEG_GetInfo
                0x00000000080026b8      0x12a Drivers/STM32H7xx_HAL_Driver/Src/stm32h7xx_hal_jpeg.o
                0x00000000080026b8                HAL_JPEG_GetInfo
 .text.HAL_JPEG_Decode
                0x00000000080027e2      0x110 Drivers/STM32H7xx_HAL_Driver/Src/stm32h7xx_hal_jpeg.o
                0x00000000080027e2                HAL_JPEG_Decode
 .text.HAL_JPEG_Pause
                0x00000000080028f2       0xb0 Drivers/STM32H7xx_HAL_Driver/Src/stm32h7xx_hal_jpeg.o
                0x00000000080028f2                HAL_JPEG_Pause
 .text.HAL_JPEG_InfoReadyCallback
                0x00000000080029a2       0x16 Drivers/STM32H7xx_HAL_Driver/Src/stm32h7xx_hal_jpeg.o
                0x00000000080029a2                HAL_JPEG_InfoReadyCallback
 .text.HAL_JPEG_EncodeCpltCallback
                0x00000000080029b8       0x14 Drivers/STM32H7xx_HAL_Driver/Src/stm32h7xx_hal_jpeg.o
                0x00000000080029b8                HAL_JPEG_EncodeCpltCallback
 .text.HAL_JPEG_DecodeCpltCallback
                0x00000000080029cc       0x14 Drivers/STM32H7xx_HAL_Driver/Src/stm32h7xx_hal_jpeg.o
                0x00000000080029cc                HAL_JPEG_DecodeCpltCallback
 .text.HAL_JPEG_GetDataCallback
                0x00000000080029e0       0x16 Drivers/STM32H7xx_HAL_Driver/Src/stm32h7xx_hal_jpeg.o
                0x00000000080029e0                HAL_JPEG_GetDataCallback
 .text.HAL_JPEG_DataReadyCallback
                0x00000000080029f6       0x18 Drivers/STM32H7xx_HAL_Driver/Src/stm32h7xx_hal_jpeg.o
                0x00000000080029f6                HAL_JPEG_DataReadyCallback
 .text.JPEG_Bits_To_SizeCodes
                0x0000000008002a0e       0xea Drivers/STM32H7xx_HAL_Driver/Src/stm32h7xx_hal_jpeg.o
 .text.JPEG_ACHuff_BitsVals_To_SizeCodes
                0x0000000008002af8      0x110 Drivers/STM32H7xx_HAL_Driver/Src/stm32h7xx_hal_jpeg.o
 .text.JPEG_DCHuff_BitsVals_To_SizeCodes
                0x0000000008002c08       0xba Drivers/STM32H7xx_HAL_Driver/Src/stm32h7xx_hal_jpeg.o
 .text.JPEG_Set_HuffDC_Mem
                0x0000000008002cc2      0x108 Drivers/STM32H7xx_HAL_Driver/Src/stm32h7xx_hal_jpeg.o
 *fill*         0x0000000008002dca        0x2 
 .text.JPEG_Set_HuffAC_Mem
                0x0000000008002dcc      0x1c4 Drivers/STM32H7xx_HAL_Driver/Src/stm32h7xx_hal_jpeg.o
 .text.JPEG_Set_HuffEnc_Mem
                0x0000000008002f90       0xa8 Drivers/STM32H7xx_HAL_Driver/Src/stm32h7xx_hal_jpeg.o
 .text.JPEG_Set_Huff_DHTMem
                0x0000000008003038      0x45c Drivers/STM32H7xx_HAL_Driver/Src/stm32h7xx_hal_jpeg.o
 .text.JPEG_Init_Process
                0x0000000008003494       0xe8 Drivers/STM32H7xx_HAL_Driver/Src/stm32h7xx_hal_jpeg.o
 .text.JPEG_Process
                0x000000000800357c      0x184 Drivers/STM32H7xx_HAL_Driver/Src/stm32h7xx_hal_jpeg.o
 .text.JPEG_StoreOutputData
                0x0000000008003700      0x20e Drivers/STM32H7xx_HAL_Driver/Src/stm32h7xx_hal_jpeg.o
 .text.JPEG_ReadInputData
                0x000000000800390e      0x1cc Drivers/STM32H7xx_HAL_Driver/Src/stm32h7xx_hal_jpeg.o
 *fill*         0x0000000008003ada        0x2 
 .text.JPEG_GetQuality
                0x0000000008003adc       0xbc Drivers/STM32H7xx_HAL_Driver/Src/stm32h7xx_hal_jpeg.o
 .text.HAL_PWREx_ConfigSupply
                0x0000000008003b98       0x70 Drivers/STM32H7xx_HAL_Driver/Src/stm32h7xx_hal_pwr_ex.o
                0x0000000008003b98                HAL_PWREx_ConfigSupply
 .text.HAL_RCC_OscConfig
                0x0000000008003c08      0x770 Drivers/STM32H7xx_HAL_Driver/Src/stm32h7xx_hal_rcc.o
                0x0000000008003c08                HAL_RCC_OscConfig
 .text.HAL_RCC_ClockConfig
                0x0000000008004378      0x348 Drivers/STM32H7xx_HAL_Driver/Src/stm32h7xx_hal_rcc.o
                0x0000000008004378                HAL_RCC_ClockConfig
 .text.HAL_RCC_GetSysClockFreq
                0x00000000080046c0      0x2e4 Drivers/STM32H7xx_HAL_Driver/Src/stm32h7xx_hal_rcc.o
                0x00000000080046c0                HAL_RCC_GetSysClockFreq
 .text.HAL_RCC_GetHCLKFreq
                0x00000000080049a4       0x38 Drivers/STM32H7xx_HAL_Driver/Src/stm32h7xx_hal_rcc.o
                0x00000000080049a4                HAL_RCC_GetHCLKFreq
 .text.HAL_RCC_GetPCLK1Freq
                0x00000000080049dc       0x2c Drivers/STM32H7xx_HAL_Driver/Src/stm32h7xx_hal_rcc.o
                0x00000000080049dc                HAL_RCC_GetPCLK1Freq
 .text.HAL_RCC_GetPCLK2Freq
                0x0000000008004a08       0x2c Drivers/STM32H7xx_HAL_Driver/Src/stm32h7xx_hal_rcc.o
                0x0000000008004a08                HAL_RCC_GetPCLK2Freq
 .text.HAL_RCCEx_PeriphCLKConfig
                0x0000000008004a34      0xde0 Drivers/STM32H7xx_HAL_Driver/Src/stm32h7xx_hal_rcc_ex.o
                0x0000000008004a34                HAL_RCCEx_PeriphCLKConfig
 .text.HAL_RCCEx_GetD3PCLK1Freq
                0x0000000008005814       0x2c Drivers/STM32H7xx_HAL_Driver/Src/stm32h7xx_hal_rcc_ex.o
                0x0000000008005814                HAL_RCCEx_GetD3PCLK1Freq
 .text.HAL_RCCEx_GetPLL2ClockFreq
                0x0000000008005840      0x298 Drivers/STM32H7xx_HAL_Driver/Src/stm32h7xx_hal_rcc_ex.o
                0x0000000008005840                HAL_RCCEx_GetPLL2ClockFreq
 .text.HAL_RCCEx_GetPLL3ClockFreq
                0x0000000008005ad8      0x298 Drivers/STM32H7xx_HAL_Driver/Src/stm32h7xx_hal_rcc_ex.o
                0x0000000008005ad8                HAL_RCCEx_GetPLL3ClockFreq
 .text.HAL_RCCEx_GetD1SysClockFreq
                0x0000000008005d70       0x38 Drivers/STM32H7xx_HAL_Driver/Src/stm32h7xx_hal_rcc_ex.o
                0x0000000008005d70                HAL_RCCEx_GetD1SysClockFreq
 .text.RCCEx_PLL2_Config
                0x0000000008005da8      0x164 Drivers/STM32H7xx_HAL_Driver/Src/stm32h7xx_hal_rcc_ex.o
 .text.RCCEx_PLL3_Config
                0x0000000008005f0c      0x164 Drivers/STM32H7xx_HAL_Driver/Src/stm32h7xx_hal_rcc_ex.o
 .text.HAL_UART_Init
                0x0000000008006070       0xa0 Drivers/STM32H7xx_HAL_Driver/Src/stm32h7xx_hal_uart.o
                0x0000000008006070                HAL_UART_Init
 .text.HAL_UART_DeInit
                0x0000000008006110       0x72 Drivers/STM32H7xx_HAL_Driver/Src/stm32h7xx_hal_uart.o
                0x0000000008006110                HAL_UART_DeInit
 .text.HAL_UART_Receive
                0x0000000008006182      0x1a0 Drivers/STM32H7xx_HAL_Driver/Src/stm32h7xx_hal_uart.o
                0x0000000008006182                HAL_UART_Receive
 *fill*         0x0000000008006322        0x2 
 .text.HAL_UART_IRQHandler
                0x0000000008006324      0x300 Drivers/STM32H7xx_HAL_Driver/Src/stm32h7xx_hal_uart.o
                0x0000000008006324                HAL_UART_IRQHandler
 .text.HAL_UART_TxCpltCallback
                0x0000000008006624       0x14 Drivers/STM32H7xx_HAL_Driver/Src/stm32h7xx_hal_uart.o
                0x0000000008006624                HAL_UART_TxCpltCallback
 .text.HAL_UART_ErrorCallback
                0x0000000008006638       0x14 Drivers/STM32H7xx_HAL_Driver/Src/stm32h7xx_hal_uart.o
                0x0000000008006638                HAL_UART_ErrorCallback
 *fill*         0x000000000800664c        0x4 
 .text.UART_SetConfig
                0x0000000008006650     0x22fc Drivers/STM32H7xx_HAL_Driver/Src/stm32h7xx_hal_uart.o
                0x0000000008006650                UART_SetConfig
 .text.UART_AdvFeatureConfig
                0x000000000800894c      0x144 Drivers/STM32H7xx_HAL_Driver/Src/stm32h7xx_hal_uart.o
                0x000000000800894c                UART_AdvFeatureConfig
 .text.UART_CheckIdleState
                0x0000000008008a90       0x90 Drivers/STM32H7xx_HAL_Driver/Src/stm32h7xx_hal_uart.o
                0x0000000008008a90                UART_CheckIdleState
 .text.UART_WaitOnFlagUntilTimeout
                0x0000000008008b20      0x100 Drivers/STM32H7xx_HAL_Driver/Src/stm32h7xx_hal_uart.o
                0x0000000008008b20                UART_WaitOnFlagUntilTimeout
 .text.UART_EndRxTransfer
                0x0000000008008c20       0x48 Drivers/STM32H7xx_HAL_Driver/Src/stm32h7xx_hal_uart.o
 .text.UART_DMAAbortOnError
                0x0000000008008c68       0x2c Drivers/STM32H7xx_HAL_Driver/Src/stm32h7xx_hal_uart.o
 .text.UART_EndTransmit_IT
                0x0000000008008c94       0x34 Drivers/STM32H7xx_HAL_Driver/Src/stm32h7xx_hal_uart.o
 .text.HAL_UARTEx_WakeupCallback
                0x0000000008008cc8       0x14 Drivers/STM32H7xx_HAL_Driver/Src/stm32h7xx_hal_uart_ex.o
                0x0000000008008cc8                HAL_UARTEx_WakeupCallback
 .text.HAL_UARTEx_RxFifoFullCallback
                0x0000000008008cdc       0x14 Drivers/STM32H7xx_HAL_Driver/Src/stm32h7xx_hal_uart_ex.o
                0x0000000008008cdc                HAL_UARTEx_RxFifoFullCallback
 .text.HAL_UARTEx_TxFifoEmptyCallback
                0x0000000008008cf0       0x14 Drivers/STM32H7xx_HAL_Driver/Src/stm32h7xx_hal_uart_ex.o
                0x0000000008008cf0                HAL_UARTEx_TxFifoEmptyCallback
 .text.HAL_UARTEx_EnableFifoMode
                0x0000000008008d04       0x76 Drivers/STM32H7xx_HAL_Driver/Src/stm32h7xx_hal_uart_ex.o
                0x0000000008008d04                HAL_UARTEx_EnableFifoMode
 .text.HAL_UARTEx_SetTxFifoThreshold
                0x0000000008008d7a       0x7c Drivers/STM32H7xx_HAL_Driver/Src/stm32h7xx_hal_uart_ex.o
                0x0000000008008d7a                HAL_UARTEx_SetTxFifoThreshold
 .text.HAL_UARTEx_SetRxFifoThreshold
                0x0000000008008df6       0x7c Drivers/STM32H7xx_HAL_Driver/Src/stm32h7xx_hal_uart_ex.o
                0x0000000008008df6                HAL_UARTEx_SetRxFifoThreshold
 *fill*         0x0000000008008e72        0x2 
 .text.UARTEx_SetNbDataToProcess
                0x0000000008008e74       0xd0 Drivers/STM32H7xx_HAL_Driver/Src/stm32h7xx_hal_uart_ex.o
 .text.__errno  0x0000000008008f44        0xc c:/st/stm32cubeide_1.1.0/stm32cubeide/plugins/com.st.stm32cube.ide.mcu.externaltools.gnu-tools-for-stm32.7-2018-q2-update.win32_1.0.0.201904181610/tools/bin/../lib/gcc/arm-none-eabi/7.3.1/../../../../arm-none-eabi/lib/thumb/v7e-m/fpv5/hard\libc_nano.a(lib_a-errno.o)
                0x0000000008008f44                __errno
 .text.__libc_init_array
                0x0000000008008f50       0x48 c:/st/stm32cubeide_1.1.0/stm32cubeide/plugins/com.st.stm32cube.ide.mcu.externaltools.gnu-tools-for-stm32.7-2018-q2-update.win32_1.0.0.201904181610/tools/bin/../lib/gcc/arm-none-eabi/7.3.1/../../../../arm-none-eabi/lib/thumb/v7e-m/fpv5/hard\libc_nano.a(lib_a-init.o)
                0x0000000008008f50                __libc_init_array
 .text.memset   0x0000000008008f98       0x10 c:/st/stm32cubeide_1.1.0/stm32cubeide/plugins/com.st.stm32cube.ide.mcu.externaltools.gnu-tools-for-stm32.7-2018-q2-update.win32_1.0.0.201904181610/tools/bin/../lib/gcc/arm-none-eabi/7.3.1/../../../../arm-none-eabi/lib/thumb/v7e-m/fpv5/hard\libc_nano.a(lib_a-memset.o)
                0x0000000008008f98                memset
 .text.printf   0x0000000008008fa8       0x30 c:/st/stm32cubeide_1.1.0/stm32cubeide/plugins/com.st.stm32cube.ide.mcu.externaltools.gnu-tools-for-stm32.7-2018-q2-update.win32_1.0.0.201904181610/tools/bin/../lib/gcc/arm-none-eabi/7.3.1/../../../../arm-none-eabi/lib/thumb/v7e-m/fpv5/hard\libc_nano.a(lib_a-printf.o)
                0x0000000008008fa8                iprintf
                0x0000000008008fa8                printf
 .text.putchar  0x0000000008008fd8       0x28 c:/st/stm32cubeide_1.1.0/stm32cubeide/plugins/com.st.stm32cube.ide.mcu.externaltools.gnu-tools-for-stm32.7-2018-q2-update.win32_1.0.0.201904181610/tools/bin/../lib/gcc/arm-none-eabi/7.3.1/../../../../arm-none-eabi/lib/thumb/v7e-m/fpv5/hard\libc_nano.a(lib_a-putchar.o)
                0x0000000008008fd8                putchar
 .text._puts_r  0x0000000008009000       0xb8 c:/st/stm32cubeide_1.1.0/stm32cubeide/plugins/com.st.stm32cube.ide.mcu.externaltools.gnu-tools-for-stm32.7-2018-q2-update.win32_1.0.0.201904181610/tools/bin/../lib/gcc/arm-none-eabi/7.3.1/../../../../arm-none-eabi/lib/thumb/v7e-m/fpv5/hard\libc_nano.a(lib_a-puts.o)
                0x0000000008009000                _puts_r
 .text.puts     0x00000000080090b8       0x10 c:/st/stm32cubeide_1.1.0/stm32cubeide/plugins/com.st.stm32cube.ide.mcu.externaltools.gnu-tools-for-stm32.7-2018-q2-update.win32_1.0.0.201904181610/tools/bin/../lib/gcc/arm-none-eabi/7.3.1/../../../../arm-none-eabi/lib/thumb/v7e-m/fpv5/hard\libc_nano.a(lib_a-puts.o)
                0x00000000080090b8                puts
 .text.__swbuf_r
                0x00000000080090c8       0xa4 c:/st/stm32cubeide_1.1.0/stm32cubeide/plugins/com.st.stm32cube.ide.mcu.externaltools.gnu-tools-for-stm32.7-2018-q2-update.win32_1.0.0.201904181610/tools/bin/../lib/gcc/arm-none-eabi/7.3.1/../../../../arm-none-eabi/lib/thumb/v7e-m/fpv5/hard\libc_nano.a(lib_a-wbuf.o)
                0x00000000080090c8                __swbuf_r
 .text.__swsetup_r
                0x000000000800916c       0xdc c:/st/stm32cubeide_1.1.0/stm32cubeide/plugins/com.st.stm32cube.ide.mcu.externaltools.gnu-tools-for-stm32.7-2018-q2-update.win32_1.0.0.201904181610/tools/bin/../lib/gcc/arm-none-eabi/7.3.1/../../../../arm-none-eabi/lib/thumb/v7e-m/fpv5/hard\libc_nano.a(lib_a-wsetup.o)
                0x000000000800916c                __swsetup_r
 .text.__sflush_r
                0x0000000008009248      0x10c c:/st/stm32cubeide_1.1.0/stm32cubeide/plugins/com.st.stm32cube.ide.mcu.externaltools.gnu-tools-for-stm32.7-2018-q2-update.win32_1.0.0.201904181610/tools/bin/../lib/gcc/arm-none-eabi/7.3.1/../../../../arm-none-eabi/lib/thumb/v7e-m/fpv5/hard\libc_nano.a(lib_a-fflush.o)
                0x0000000008009248                __sflush_r
 .text._fflush_r
                0x0000000008009354       0x54 c:/st/stm32cubeide_1.1.0/stm32cubeide/plugins/com.st.stm32cube.ide.mcu.externaltools.gnu-tools-for-stm32.7-2018-q2-update.win32_1.0.0.201904181610/tools/bin/../lib/gcc/arm-none-eabi/7.3.1/../../../../arm-none-eabi/lib/thumb/v7e-m/fpv5/hard\libc_nano.a(lib_a-fflush.o)
                0x0000000008009354                _fflush_r
 .text.std      0x00000000080093a8       0x48 c:/st/stm32cubeide_1.1.0/stm32cubeide/plugins/com.st.stm32cube.ide.mcu.externaltools.gnu-tools-for-stm32.7-2018-q2-update.win32_1.0.0.201904181610/tools/bin/../lib/gcc/arm-none-eabi/7.3.1/../../../../arm-none-eabi/lib/thumb/v7e-m/fpv5/hard\libc_nano.a(lib_a-findfp.o)
 .text._cleanup_r
                0x00000000080093f0        0xc c:/st/stm32cubeide_1.1.0/stm32cubeide/plugins/com.st.stm32cube.ide.mcu.externaltools.gnu-tools-for-stm32.7-2018-q2-update.win32_1.0.0.201904181610/tools/bin/../lib/gcc/arm-none-eabi/7.3.1/../../../../arm-none-eabi/lib/thumb/v7e-m/fpv5/hard\libc_nano.a(lib_a-findfp.o)
                0x00000000080093f0                _cleanup_r
 .text.__sfmoreglue
                0x00000000080093fc       0x2c c:/st/stm32cubeide_1.1.0/stm32cubeide/plugins/com.st.stm32cube.ide.mcu.externaltools.gnu-tools-for-stm32.7-2018-q2-update.win32_1.0.0.201904181610/tools/bin/../lib/gcc/arm-none-eabi/7.3.1/../../../../arm-none-eabi/lib/thumb/v7e-m/fpv5/hard\libc_nano.a(lib_a-findfp.o)
                0x00000000080093fc                __sfmoreglue
 .text.__sinit  0x0000000008009428       0x60 c:/st/stm32cubeide_1.1.0/stm32cubeide/plugins/com.st.stm32cube.ide.mcu.externaltools.gnu-tools-for-stm32.7-2018-q2-update.win32_1.0.0.201904181610/tools/bin/../lib/gcc/arm-none-eabi/7.3.1/../../../../arm-none-eabi/lib/thumb/v7e-m/fpv5/hard\libc_nano.a(lib_a-findfp.o)
                0x0000000008009428                __sinit
 .text.__sfp    0x0000000008009488       0x78 c:/st/stm32cubeide_1.1.0/stm32cubeide/plugins/com.st.stm32cube.ide.mcu.externaltools.gnu-tools-for-stm32.7-2018-q2-update.win32_1.0.0.201904181610/tools/bin/../lib/gcc/arm-none-eabi/7.3.1/../../../../arm-none-eabi/lib/thumb/v7e-m/fpv5/hard\libc_nano.a(lib_a-findfp.o)
                0x0000000008009488                __sfp
 .text._fwalk_reent
                0x0000000008009500       0x3c c:/st/stm32cubeide_1.1.0/stm32cubeide/plugins/com.st.stm32cube.ide.mcu.externaltools.gnu-tools-for-stm32.7-2018-q2-update.win32_1.0.0.201904181610/tools/bin/../lib/gcc/arm-none-eabi/7.3.1/../../../../arm-none-eabi/lib/thumb/v7e-m/fpv5/hard\libc_nano.a(lib_a-fwalk.o)
                0x0000000008009500                _fwalk_reent
 .text.__swhatbuf_r
                0x000000000800953c       0x48 c:/st/stm32cubeide_1.1.0/stm32cubeide/plugins/com.st.stm32cube.ide.mcu.externaltools.gnu-tools-for-stm32.7-2018-q2-update.win32_1.0.0.201904181610/tools/bin/../lib/gcc/arm-none-eabi/7.3.1/../../../../arm-none-eabi/lib/thumb/v7e-m/fpv5/hard\libc_nano.a(lib_a-makebuf.o)
                0x000000000800953c                __swhatbuf_r
 .text.__smakebuf_r
                0x0000000008009584       0x80 c:/st/stm32cubeide_1.1.0/stm32cubeide/plugins/com.st.stm32cube.ide.mcu.externaltools.gnu-tools-for-stm32.7-2018-q2-update.win32_1.0.0.201904181610/tools/bin/../lib/gcc/arm-none-eabi/7.3.1/../../../../arm-none-eabi/lib/thumb/v7e-m/fpv5/hard\libc_nano.a(lib_a-makebuf.o)
                0x0000000008009584                __smakebuf_r
 .text._free_r  0x0000000008009604       0x9c c:/st/stm32cubeide_1.1.0/stm32cubeide/plugins/com.st.stm32cube.ide.mcu.externaltools.gnu-tools-for-stm32.7-2018-q2-update.win32_1.0.0.201904181610/tools/bin/../lib/gcc/arm-none-eabi/7.3.1/../../../../arm-none-eabi/lib/thumb/v7e-m/fpv5/hard\libc_nano.a(lib_a-nano-freer.o)
                0x0000000008009604                _free_r
 .text._malloc_r
                0x00000000080096a0       0xb4 c:/st/stm32cubeide_1.1.0/stm32cubeide/plugins/com.st.stm32cube.ide.mcu.externaltools.gnu-tools-for-stm32.7-2018-q2-update.win32_1.0.0.201904181610/tools/bin/../lib/gcc/arm-none-eabi/7.3.1/../../../../arm-none-eabi/lib/thumb/v7e-m/fpv5/hard\libc_nano.a(lib_a-nano-mallocr.o)
                0x00000000080096a0                _malloc_r
 .text.__sfputc_r
                0x0000000008009754       0x2e c:/st/stm32cubeide_1.1.0/stm32cubeide/plugins/com.st.stm32cube.ide.mcu.externaltools.gnu-tools-for-stm32.7-2018-q2-update.win32_1.0.0.201904181610/tools/bin/../lib/gcc/arm-none-eabi/7.3.1/../../../../arm-none-eabi/lib/thumb/v7e-m/fpv5/hard\libc_nano.a(lib_a-nano-vfprintf.o)
 .text.__sfputs_r
                0x0000000008009782       0x24 c:/st/stm32cubeide_1.1.0/stm32cubeide/plugins/com.st.stm32cube.ide.mcu.externaltools.gnu-tools-for-stm32.7-2018-q2-update.win32_1.0.0.201904181610/tools/bin/../lib/gcc/arm-none-eabi/7.3.1/../../../../arm-none-eabi/lib/thumb/v7e-m/fpv5/hard\libc_nano.a(lib_a-nano-vfprintf.o)
                0x0000000008009782                __sfputs_r
 *fill*         0x00000000080097a6        0x2 
 .text._vfprintf_r
                0x00000000080097a8      0x22c c:/st/stm32cubeide_1.1.0/stm32cubeide/plugins/com.st.stm32cube.ide.mcu.externaltools.gnu-tools-for-stm32.7-2018-q2-update.win32_1.0.0.201904181610/tools/bin/../lib/gcc/arm-none-eabi/7.3.1/../../../../arm-none-eabi/lib/thumb/v7e-m/fpv5/hard\libc_nano.a(lib_a-nano-vfprintf.o)
                0x00000000080097a8                _vfprintf_r
                0x00000000080097a8                _vfiprintf_r
 .text._printf_common
                0x00000000080099d4       0xea c:/st/stm32cubeide_1.1.0/stm32cubeide/plugins/com.st.stm32cube.ide.mcu.externaltools.gnu-tools-for-stm32.7-2018-q2-update.win32_1.0.0.201904181610/tools/bin/../lib/gcc/arm-none-eabi/7.3.1/../../../../arm-none-eabi/lib/thumb/v7e-m/fpv5/hard\libc_nano.a(lib_a-nano-vfprintf_i.o)
                0x00000000080099d4                _printf_common
 *fill*         0x0000000008009abe        0x2 
 .text._printf_i
                0x0000000008009ac0      0x224 c:/st/stm32cubeide_1.1.0/stm32cubeide/plugins/com.st.stm32cube.ide.mcu.externaltools.gnu-tools-for-stm32.7-2018-q2-update.win32_1.0.0.201904181610/tools/bin/../lib/gcc/arm-none-eabi/7.3.1/../../../../arm-none-eabi/lib/thumb/v7e-m/fpv5/hard\libc_nano.a(lib_a-nano-vfprintf_i.o)
                0x0000000008009ac0                _printf_i
 .text._putc_r  0x0000000008009ce4       0x6c c:/st/stm32cubeide_1.1.0/stm32cubeide/plugins/com.st.stm32cube.ide.mcu.externaltools.gnu-tools-for-stm32.7-2018-q2-update.win32_1.0.0.201904181610/tools/bin/../lib/gcc/arm-none-eabi/7.3.1/../../../../arm-none-eabi/lib/thumb/v7e-m/fpv5/hard\libc_nano.a(lib_a-putc.o)
                0x0000000008009ce4                _putc_r
 .text._sbrk_r  0x0000000008009d50       0x20 c:/st/stm32cubeide_1.1.0/stm32cubeide/plugins/com.st.stm32cube.ide.mcu.externaltools.gnu-tools-for-stm32.7-2018-q2-update.win32_1.0.0.201904181610/tools/bin/../lib/gcc/arm-none-eabi/7.3.1/../../../../arm-none-eabi/lib/thumb/v7e-m/fpv5/hard\libc_nano.a(lib_a-sbrkr.o)
                0x0000000008009d50                _sbrk_r
 .text.__sread  0x0000000008009d70       0x22 c:/st/stm32cubeide_1.1.0/stm32cubeide/plugins/com.st.stm32cube.ide.mcu.externaltools.gnu-tools-for-stm32.7-2018-q2-update.win32_1.0.0.201904181610/tools/bin/../lib/gcc/arm-none-eabi/7.3.1/../../../../arm-none-eabi/lib/thumb/v7e-m/fpv5/hard\libc_nano.a(lib_a-stdio.o)
                0x0000000008009d70                __sread
 .text.__swrite
                0x0000000008009d92       0x38 c:/st/stm32cubeide_1.1.0/stm32cubeide/plugins/com.st.stm32cube.ide.mcu.externaltools.gnu-tools-for-stm32.7-2018-q2-update.win32_1.0.0.201904181610/tools/bin/../lib/gcc/arm-none-eabi/7.3.1/../../../../arm-none-eabi/lib/thumb/v7e-m/fpv5/hard\libc_nano.a(lib_a-stdio.o)
                0x0000000008009d92                __swrite
 .text.__sseek  0x0000000008009dca       0x24 c:/st/stm32cubeide_1.1.0/stm32cubeide/plugins/com.st.stm32cube.ide.mcu.externaltools.gnu-tools-for-stm32.7-2018-q2-update.win32_1.0.0.201904181610/tools/bin/../lib/gcc/arm-none-eabi/7.3.1/../../../../arm-none-eabi/lib/thumb/v7e-m/fpv5/hard\libc_nano.a(lib_a-stdio.o)
                0x0000000008009dca                __sseek
 .text.__sclose
                0x0000000008009dee        0x8 c:/st/stm32cubeide_1.1.0/stm32cubeide/plugins/com.st.stm32cube.ide.mcu.externaltools.gnu-tools-for-stm32.7-2018-q2-update.win32_1.0.0.201904181610/tools/bin/../lib/gcc/arm-none-eabi/7.3.1/../../../../arm-none-eabi/lib/thumb/v7e-m/fpv5/hard\libc_nano.a(lib_a-stdio.o)
                0x0000000008009dee                __sclose
 *fill*         0x0000000008009df6        0x2 
 .text._write_r
                0x0000000008009df8       0x24 c:/st/stm32cubeide_1.1.0/stm32cubeide/plugins/com.st.stm32cube.ide.mcu.externaltools.gnu-tools-for-stm32.7-2018-q2-update.win32_1.0.0.201904181610/tools/bin/../lib/gcc/arm-none-eabi/7.3.1/../../../../arm-none-eabi/lib/thumb/v7e-m/fpv5/hard\libc_nano.a(lib_a-writer.o)
                0x0000000008009df8                _write_r
 .text._close_r
                0x0000000008009e1c       0x20 c:/st/stm32cubeide_1.1.0/stm32cubeide/plugins/com.st.stm32cube.ide.mcu.externaltools.gnu-tools-for-stm32.7-2018-q2-update.win32_1.0.0.201904181610/tools/bin/../lib/gcc/arm-none-eabi/7.3.1/../../../../arm-none-eabi/lib/thumb/v7e-m/fpv5/hard\libc_nano.a(lib_a-closer.o)
                0x0000000008009e1c                _close_r
 .text._fstat_r
                0x0000000008009e3c       0x24 c:/st/stm32cubeide_1.1.0/stm32cubeide/plugins/com.st.stm32cube.ide.mcu.externaltools.gnu-tools-for-stm32.7-2018-q2-update.win32_1.0.0.201904181610/tools/bin/../lib/gcc/arm-none-eabi/7.3.1/../../../../arm-none-eabi/lib/thumb/v7e-m/fpv5/hard\libc_nano.a(lib_a-fstatr.o)
                0x0000000008009e3c                _fstat_r
 .text._isatty_r
                0x0000000008009e60       0x20 c:/st/stm32cubeide_1.1.0/stm32cubeide/plugins/com.st.stm32cube.ide.mcu.externaltools.gnu-tools-for-stm32.7-2018-q2-update.win32_1.0.0.201904181610/tools/bin/../lib/gcc/arm-none-eabi/7.3.1/../../../../arm-none-eabi/lib/thumb/v7e-m/fpv5/hard\libc_nano.a(lib_a-isattyr.o)
                0x0000000008009e60                _isatty_r
 .text._lseek_r
                0x0000000008009e80       0x24 c:/st/stm32cubeide_1.1.0/stm32cubeide/plugins/com.st.stm32cube.ide.mcu.externaltools.gnu-tools-for-stm32.7-2018-q2-update.win32_1.0.0.201904181610/tools/bin/../lib/gcc/arm-none-eabi/7.3.1/../../../../arm-none-eabi/lib/thumb/v7e-m/fpv5/hard\libc_nano.a(lib_a-lseekr.o)
                0x0000000008009e80                _lseek_r
 .text.__malloc_lock
                0x0000000008009ea4        0x2 c:/st/stm32cubeide_1.1.0/stm32cubeide/plugins/com.st.stm32cube.ide.mcu.externaltools.gnu-tools-for-stm32.7-2018-q2-update.win32_1.0.0.201904181610/tools/bin/../lib/gcc/arm-none-eabi/7.3.1/../../../../arm-none-eabi/lib/thumb/v7e-m/fpv5/hard\libc_nano.a(lib_a-mlock.o)
                0x0000000008009ea4                __malloc_lock
 .text.__malloc_unlock
                0x0000000008009ea6        0x2 c:/st/stm32cubeide_1.1.0/stm32cubeide/plugins/com.st.stm32cube.ide.mcu.externaltools.gnu-tools-for-stm32.7-2018-q2-update.win32_1.0.0.201904181610/tools/bin/../lib/gcc/arm-none-eabi/7.3.1/../../../../arm-none-eabi/lib/thumb/v7e-m/fpv5/hard\libc_nano.a(lib_a-mlock.o)
                0x0000000008009ea6                __malloc_unlock
 .text._read_r  0x0000000008009ea8       0x24 c:/st/stm32cubeide_1.1.0/stm32cubeide/plugins/com.st.stm32cube.ide.mcu.externaltools.gnu-tools-for-stm32.7-2018-q2-update.win32_1.0.0.201904181610/tools/bin/../lib/gcc/arm-none-eabi/7.3.1/../../../../arm-none-eabi/lib/thumb/v7e-m/fpv5/hard\libc_nano.a(lib_a-readr.o)
                0x0000000008009ea8                _read_r
 *(.glue_7)
 .glue_7        0x0000000008009ecc        0x0 linker stubs
 *(.glue_7t)
 .glue_7t       0x0000000008009ecc        0x0 linker stubs
 *(.eh_frame)
 .eh_frame      0x0000000008009ecc        0x0 c:/st/stm32cubeide_1.1.0/stm32cubeide/plugins/com.st.stm32cube.ide.mcu.externaltools.gnu-tools-for-stm32.7-2018-q2-update.win32_1.0.0.201904181610/tools/bin/../lib/gcc/arm-none-eabi/7.3.1/thumb/v7e-m/fpv5/hard/crtbegin.o
 *(.init)
 .init          0x0000000008009ecc        0x4 c:/st/stm32cubeide_1.1.0/stm32cubeide/plugins/com.st.stm32cube.ide.mcu.externaltools.gnu-tools-for-stm32.7-2018-q2-update.win32_1.0.0.201904181610/tools/bin/../lib/gcc/arm-none-eabi/7.3.1/thumb/v7e-m/fpv5/hard/crti.o
                0x0000000008009ecc                _init
 .init          0x0000000008009ed0        0x8 c:/st/stm32cubeide_1.1.0/stm32cubeide/plugins/com.st.stm32cube.ide.mcu.externaltools.gnu-tools-for-stm32.7-2018-q2-update.win32_1.0.0.201904181610/tools/bin/../lib/gcc/arm-none-eabi/7.3.1/thumb/v7e-m/fpv5/hard/crtn.o
 *(.fini)
 .fini          0x0000000008009ed8        0x4 c:/st/stm32cubeide_1.1.0/stm32cubeide/plugins/com.st.stm32cube.ide.mcu.externaltools.gnu-tools-for-stm32.7-2018-q2-update.win32_1.0.0.201904181610/tools/bin/../lib/gcc/arm-none-eabi/7.3.1/thumb/v7e-m/fpv5/hard/crti.o
                0x0000000008009ed8                _fini
 .fini          0x0000000008009edc        0x8 c:/st/stm32cubeide_1.1.0/stm32cubeide/plugins/com.st.stm32cube.ide.mcu.externaltools.gnu-tools-for-stm32.7-2018-q2-update.win32_1.0.0.201904181610/tools/bin/../lib/gcc/arm-none-eabi/7.3.1/thumb/v7e-m/fpv5/hard/crtn.o
                0x0000000008009ee4                . = ALIGN (0x4)
                0x0000000008009ee4                _etext = .

.vfp11_veneer   0x0000000008009ee4        0x0
 .vfp11_veneer  0x0000000008009ee4        0x0 linker stubs

.v4_bx          0x0000000008009ee4        0x0
 .v4_bx         0x0000000008009ee4        0x0 linker stubs

.iplt           0x0000000008009ee4        0x0
 .iplt          0x0000000008009ee4        0x0 c:/st/stm32cubeide_1.1.0/stm32cubeide/plugins/com.st.stm32cube.ide.mcu.externaltools.gnu-tools-for-stm32.7-2018-q2-update.win32_1.0.0.201904181610/tools/bin/../lib/gcc/arm-none-eabi/7.3.1/thumb/v7e-m/fpv5/hard/crtbegin.o

.rodata         0x0000000008009ee4      0x610
                0x0000000008009ee4                . = ALIGN (0x4)
 *(.rodata)
 .rodata        0x0000000008009ee4      0x2f6 Core/Src/main.o
 *fill*         0x000000000800a1da        0x2 
 .rodata        0x000000000800a1dc       0x10 Drivers/STM32H7xx_HAL_Driver/Src/stm32h7xx_hal_uart_ex.o
 *(.rodata*)
 .rodata.D1CorePrescTable
                0x000000000800a1ec       0x10 Core/Src/system_stm32h7xx.o
                0x000000000800a1ec                D1CorePrescTable
 .rodata.JPEG_DCLUM_HuffTable
                0x000000000800a1fc       0x1c Drivers/STM32H7xx_HAL_Driver/Src/stm32h7xx_hal_jpeg.o
 .rodata.JPEG_DCCHROM_HuffTable
                0x000000000800a218       0x1c Drivers/STM32H7xx_HAL_Driver/Src/stm32h7xx_hal_jpeg.o
 .rodata.JPEG_ACLUM_HuffTable
                0x000000000800a234       0xb2 Drivers/STM32H7xx_HAL_Driver/Src/stm32h7xx_hal_jpeg.o
 *fill*         0x000000000800a2e6        0x2 
 .rodata.JPEG_ACCHROM_HuffTable
                0x000000000800a2e8       0xb2 Drivers/STM32H7xx_HAL_Driver/Src/stm32h7xx_hal_jpeg.o
 *fill*         0x000000000800a39a        0x2 
 .rodata.JPEG_ZIGZAG_ORDER
                0x000000000800a39c       0x40 Drivers/STM32H7xx_HAL_Driver/Src/stm32h7xx_hal_jpeg.o
 .rodata.JPEG_LUM_QuantTable.10256
                0x000000000800a3dc       0x40 Drivers/STM32H7xx_HAL_Driver/Src/stm32h7xx_hal_jpeg.o
 .rodata.JPEG_CHROM_QuantTable.10257
                0x000000000800a41c       0x40 Drivers/STM32H7xx_HAL_Driver/Src/stm32h7xx_hal_jpeg.o
 .rodata._global_impure_ptr
                0x000000000800a45c        0x4 c:/st/stm32cubeide_1.1.0/stm32cubeide/plugins/com.st.stm32cube.ide.mcu.externaltools.gnu-tools-for-stm32.7-2018-q2-update.win32_1.0.0.201904181610/tools/bin/../lib/gcc/arm-none-eabi/7.3.1/../../../../arm-none-eabi/lib/thumb/v7e-m/fpv5/hard\libc_nano.a(lib_a-impure.o)
                0x000000000800a45c                _global_impure_ptr
 .rodata.__sf_fake_stderr
                0x000000000800a460       0x20 c:/st/stm32cubeide_1.1.0/stm32cubeide/plugins/com.st.stm32cube.ide.mcu.externaltools.gnu-tools-for-stm32.7-2018-q2-update.win32_1.0.0.201904181610/tools/bin/../lib/gcc/arm-none-eabi/7.3.1/../../../../arm-none-eabi/lib/thumb/v7e-m/fpv5/hard\libc_nano.a(lib_a-findfp.o)
                0x000000000800a460                __sf_fake_stderr
 .rodata.__sf_fake_stdin
                0x000000000800a480       0x20 c:/st/stm32cubeide_1.1.0/stm32cubeide/plugins/com.st.stm32cube.ide.mcu.externaltools.gnu-tools-for-stm32.7-2018-q2-update.win32_1.0.0.201904181610/tools/bin/../lib/gcc/arm-none-eabi/7.3.1/../../../../arm-none-eabi/lib/thumb/v7e-m/fpv5/hard\libc_nano.a(lib_a-findfp.o)
                0x000000000800a480                __sf_fake_stdin
 .rodata.__sf_fake_stdout
                0x000000000800a4a0       0x20 c:/st/stm32cubeide_1.1.0/stm32cubeide/plugins/com.st.stm32cube.ide.mcu.externaltools.gnu-tools-for-stm32.7-2018-q2-update.win32_1.0.0.201904181610/tools/bin/../lib/gcc/arm-none-eabi/7.3.1/../../../../arm-none-eabi/lib/thumb/v7e-m/fpv5/hard\libc_nano.a(lib_a-findfp.o)
                0x000000000800a4a0                __sf_fake_stdout
 .rodata._vfprintf_r.str1.1
                0x000000000800a4c0       0x11 c:/st/stm32cubeide_1.1.0/stm32cubeide/plugins/com.st.stm32cube.ide.mcu.externaltools.gnu-tools-for-stm32.7-2018-q2-update.win32_1.0.0.201904181610/tools/bin/../lib/gcc/arm-none-eabi/7.3.1/../../../../arm-none-eabi/lib/thumb/v7e-m/fpv5/hard\libc_nano.a(lib_a-nano-vfprintf.o)
 .rodata._printf_i.str1.1
                0x000000000800a4d1       0x22 c:/st/stm32cubeide_1.1.0/stm32cubeide/plugins/com.st.stm32cube.ide.mcu.externaltools.gnu-tools-for-stm32.7-2018-q2-update.win32_1.0.0.201904181610/tools/bin/../lib/gcc/arm-none-eabi/7.3.1/../../../../arm-none-eabi/lib/thumb/v7e-m/fpv5/hard\libc_nano.a(lib_a-nano-vfprintf_i.o)
                0x000000000800a4f4                . = ALIGN (0x4)
 *fill*         0x000000000800a4f3        0x1 

.ARM.extab      0x000000000800a4f4        0x0
                0x000000000800a4f4                . = ALIGN (0x4)
 *(.ARM.extab* .gnu.linkonce.armextab.*)
                0x000000000800a4f4                . = ALIGN (0x4)

.ARM            0x000000000800a4f4        0x8
                0x000000000800a4f4                . = ALIGN (0x4)
                0x000000000800a4f4                __exidx_start = .
 *(.ARM.exidx*)
 .ARM.exidx     0x000000000800a4f4        0x8 c:/st/stm32cubeide_1.1.0/stm32cubeide/plugins/com.st.stm32cube.ide.mcu.externaltools.gnu-tools-for-stm32.7-2018-q2-update.win32_1.0.0.201904181610/tools/bin/../lib/gcc/arm-none-eabi/7.3.1/thumb/v7e-m/fpv5/hard\libgcc.a(_udivmoddi4.o)
                0x000000000800a4fc                __exidx_end = .
                0x000000000800a4fc                . = ALIGN (0x4)

.rel.dyn        0x000000000800a4fc        0x0
 .rel.iplt      0x000000000800a4fc        0x0 c:/st/stm32cubeide_1.1.0/stm32cubeide/plugins/com.st.stm32cube.ide.mcu.externaltools.gnu-tools-for-stm32.7-2018-q2-update.win32_1.0.0.201904181610/tools/bin/../lib/gcc/arm-none-eabi/7.3.1/thumb/v7e-m/fpv5/hard/crtbegin.o

.preinit_array  0x000000000800a4fc        0x0
                0x000000000800a4fc                . = ALIGN (0x4)
                0x000000000800a4fc                PROVIDE (__preinit_array_start = .)
 *(.preinit_array*)
                0x000000000800a4fc                PROVIDE (__preinit_array_end = .)
                0x000000000800a4fc                . = ALIGN (0x4)

.init_array     0x000000000800a4fc        0x4
                0x000000000800a4fc                . = ALIGN (0x4)
                0x000000000800a4fc                PROVIDE (__init_array_start = .)
 *(SORT_BY_NAME(.init_array.*))
 *(.init_array*)
 .init_array    0x000000000800a4fc        0x4 c:/st/stm32cubeide_1.1.0/stm32cubeide/plugins/com.st.stm32cube.ide.mcu.externaltools.gnu-tools-for-stm32.7-2018-q2-update.win32_1.0.0.201904181610/tools/bin/../lib/gcc/arm-none-eabi/7.3.1/thumb/v7e-m/fpv5/hard/crtbegin.o
                0x000000000800a500                PROVIDE (__init_array_end = .)
                0x000000000800a500                . = ALIGN (0x4)

.fini_array     0x000000000800a500        0x4
                0x000000000800a500                . = ALIGN (0x4)
                [!provide]                        PROVIDE (__fini_array_start = .)
 *(SORT_BY_NAME(.fini_array.*))
 *(.fini_array*)
 .fini_array    0x000000000800a500        0x4 c:/st/stm32cubeide_1.1.0/stm32cubeide/plugins/com.st.stm32cube.ide.mcu.externaltools.gnu-tools-for-stm32.7-2018-q2-update.win32_1.0.0.201904181610/tools/bin/../lib/gcc/arm-none-eabi/7.3.1/thumb/v7e-m/fpv5/hard/crtbegin.o
                [!provide]                        PROVIDE (__fini_array_end = .)
                0x000000000800a504                . = ALIGN (0x4)
                0x000000000800a504                _sidata = LOADADDR (.data)

.data           0x0000000024000000       0xf4 load address 0x000000000800a504
                0x0000000024000000                . = ALIGN (0x4)
                0x0000000024000000                _sdata = .
 *(.data)
 *(.data*)
 .data.CAM_RESET
                0x0000000024000000        0x5 Core/Src/main.o
                0x0000000024000000                CAM_RESET
 *fill*         0x0000000024000005        0x3 
 .data.CAM_RES_640_480
                0x0000000024000008        0x9 Core/Src/main.o
                0x0000000024000008                CAM_RES_640_480
 *fill*         0x0000000024000011        0x3 
 .data.CAM_RES_320_240
                0x0000000024000014        0x9 Core/Src/main.o
                0x0000000024000014                CAM_RES_320_240
 *fill*         0x000000002400001d        0x3 
 .data.CAM_RES_160_120
                0x0000000024000020        0x9 Core/Src/main.o
                0x0000000024000020                CAM_RES_160_120
 *fill*         0x0000000024000029        0x3 
 .data.CAM_COMPRESS
                0x000000002400002c        0x9 Core/Src/main.o
                0x000000002400002c                CAM_COMPRESS
 *fill*         0x0000000024000035        0x3 
 .data.CAM_BAUD_9600
                0x0000000024000038        0x7 Core/Src/main.o
                0x0000000024000038                CAM_BAUD_9600
 *fill*         0x000000002400003f        0x1 
 .data.CAM_BAUD_19200
                0x0000000024000040        0x7 Core/Src/main.o
                0x0000000024000040                CAM_BAUD_19200
 *fill*         0x0000000024000047        0x1 
 .data.CAM_BAUD_38400
                0x0000000024000048        0x7 Core/Src/main.o
                0x0000000024000048                CAM_BAUD_38400
 *fill*         0x000000002400004f        0x1 
 .data.CAM_BAUD_57600
                0x0000000024000050        0x7 Core/Src/main.o
                0x0000000024000050                CAM_BAUD_57600
 *fill*         0x0000000024000057        0x1 
 .data.CAM_BAUD_115200
                0x0000000024000058        0x7 Core/Src/main.o
                0x0000000024000058                CAM_BAUD_115200
 *fill*         0x000000002400005f        0x1 
 .data.CAM_CAPTURE
                0x0000000024000060        0x5 Core/Src/main.o
                0x0000000024000060                CAM_CAPTURE
 *fill*         0x0000000024000065        0x3 
 .data.CAM_IMG_LENGTH
                0x0000000024000068        0x5 Core/Src/main.o
                0x0000000024000068                CAM_IMG_LENGTH
 *fill*         0x000000002400006d        0x3 
 .data.CAM_READ_IMG
                0x0000000024000070       0x10 Core/Src/main.o
                0x0000000024000070                CAM_READ_IMG
 .data.SystemCoreClock
                0x0000000024000080        0x4 Core/Src/system_stm32h7xx.o
                0x0000000024000080                SystemCoreClock
 .data.SystemD2Clock
                0x0000000024000084        0x4 Core/Src/system_stm32h7xx.o
                0x0000000024000084                SystemD2Clock
 .data.uwTickPrio
                0x0000000024000088        0x4 Drivers/STM32H7xx_HAL_Driver/Src/stm32h7xx_hal.o
                0x0000000024000088                uwTickPrio
 .data.uwTickFreq
                0x000000002400008c        0x1 Drivers/STM32H7xx_HAL_Driver/Src/stm32h7xx_hal.o
                0x000000002400008c                uwTickFreq
 *fill*         0x000000002400008d        0x3 
 .data._impure_ptr
                0x0000000024000090        0x4 c:/st/stm32cubeide_1.1.0/stm32cubeide/plugins/com.st.stm32cube.ide.mcu.externaltools.gnu-tools-for-stm32.7-2018-q2-update.win32_1.0.0.201904181610/tools/bin/../lib/gcc/arm-none-eabi/7.3.1/../../../../arm-none-eabi/lib/thumb/v7e-m/fpv5/hard\libc_nano.a(lib_a-impure.o)
                0x0000000024000090                _impure_ptr
 .data.impure_data
                0x0000000024000094       0x60 c:/st/stm32cubeide_1.1.0/stm32cubeide/plugins/com.st.stm32cube.ide.mcu.externaltools.gnu-tools-for-stm32.7-2018-q2-update.win32_1.0.0.201904181610/tools/bin/../lib/gcc/arm-none-eabi/7.3.1/../../../../arm-none-eabi/lib/thumb/v7e-m/fpv5/hard\libc_nano.a(lib_a-impure.o)
                0x00000000240000f4                . = ALIGN (0x4)
                0x00000000240000f4                _edata = .

.igot.plt       0x00000000240000f4        0x0 load address 0x000000000800a5f8
 .igot.plt      0x00000000240000f4        0x0 c:/st/stm32cubeide_1.1.0/stm32cubeide/plugins/com.st.stm32cube.ide.mcu.externaltools.gnu-tools-for-stm32.7-2018-q2-update.win32_1.0.0.201904181610/tools/bin/../lib/gcc/arm-none-eabi/7.3.1/thumb/v7e-m/fpv5/hard/crtbegin.o
                0x00000000240000f4                . = ALIGN (0x4)

.bss            0x00000000240000f4    0x10894 load address 0x000000000800a5f8
                0x00000000240000f4                _sbss = .
                0x00000000240000f4                __bss_start__ = _sbss
 *(.bss)
 .bss           0x00000000240000f4       0x1c c:/st/stm32cubeide_1.1.0/stm32cubeide/plugins/com.st.stm32cube.ide.mcu.externaltools.gnu-tools-for-stm32.7-2018-q2-update.win32_1.0.0.201904181610/tools/bin/../lib/gcc/arm-none-eabi/7.3.1/thumb/v7e-m/fpv5/hard/crtbegin.o
 *(.bss*)
 .bss.heap_end.6424
                0x0000000024000110        0x4 Core/Src/sysmem.o
 .bss.__malloc_free_list
                0x0000000024000114        0x4 c:/st/stm32cubeide_1.1.0/stm32cubeide/plugins/com.st.stm32cube.ide.mcu.externaltools.gnu-tools-for-stm32.7-2018-q2-update.win32_1.0.0.201904181610/tools/bin/../lib/gcc/arm-none-eabi/7.3.1/../../../../arm-none-eabi/lib/thumb/v7e-m/fpv5/hard\libc_nano.a(lib_a-nano-mallocr.o)
                0x0000000024000114                __malloc_free_list
 .bss.__malloc_sbrk_start
                0x0000000024000118        0x4 c:/st/stm32cubeide_1.1.0/stm32cubeide/plugins/com.st.stm32cube.ide.mcu.externaltools.gnu-tools-for-stm32.7-2018-q2-update.win32_1.0.0.201904181610/tools/bin/../lib/gcc/arm-none-eabi/7.3.1/../../../../arm-none-eabi/lib/thumb/v7e-m/fpv5/hard\libc_nano.a(lib_a-nano-mallocr.o)
                0x0000000024000118                __malloc_sbrk_start
 *(COMMON)
 COMMON         0x000000002400011c    0x10863 Core/Src/main.o
                0x000000002400011c                hjpeg
                0x0000000024000174                huart4
                0x0000000024000200                img_buf
                0x0000000024010880                junk
 *fill*         0x000000002401097f        0x1 
 COMMON         0x0000000024010980        0x4 Drivers/STM32H7xx_HAL_Driver/Src/stm32h7xx_hal.o
                0x0000000024010980                uwTick
 COMMON         0x0000000024010984        0x4 c:/st/stm32cubeide_1.1.0/stm32cubeide/plugins/com.st.stm32cube.ide.mcu.externaltools.gnu-tools-for-stm32.7-2018-q2-update.win32_1.0.0.201904181610/tools/bin/../lib/gcc/arm-none-eabi/7.3.1/../../../../arm-none-eabi/lib/thumb/v7e-m/fpv5/hard\libc_nano.a(lib_a-reent.o)
                0x0000000024010984                errno
                0x0000000024010988                . = ALIGN (0x4)
                0x0000000024010988                _ebss = .
                0x0000000024010988                __bss_end__ = _ebss

._user_heap_stack
                0x0000000024010988     0x6000 load address 0x000000000800a5f8
                0x0000000024010988                . = ALIGN (0x8)
                0x0000000024010988                PROVIDE (end = .)
                [!provide]                        PROVIDE (_end = .)
                0x0000000024012988                . = (. + _Min_Heap_Size)
 *fill*         0x0000000024010988     0x2000 
                0x0000000024016988                . = (. + _Min_Stack_Size)
 *fill*         0x0000000024012988     0x4000 
                0x0000000024016988                . = ALIGN (0x8)

/DISCARD/
 libc.a(*)
 libm.a(*)
 libgcc.a(*)

.ARM.attributes
                0x0000000000000000       0x2e
 *(.ARM.attributes)
 .ARM.attributes
                0x0000000000000000       0x20 c:/st/stm32cubeide_1.1.0/stm32cubeide/plugins/com.st.stm32cube.ide.mcu.externaltools.gnu-tools-for-stm32.7-2018-q2-update.win32_1.0.0.201904181610/tools/bin/../lib/gcc/arm-none-eabi/7.3.1/thumb/v7e-m/fpv5/hard/crti.o
 .ARM.attributes
                0x0000000000000020       0x32 c:/st/stm32cubeide_1.1.0/stm32cubeide/plugins/com.st.stm32cube.ide.mcu.externaltools.gnu-tools-for-stm32.7-2018-q2-update.win32_1.0.0.201904181610/tools/bin/../lib/gcc/arm-none-eabi/7.3.1/thumb/v7e-m/fpv5/hard/crtbegin.o
 .ARM.attributes
                0x0000000000000052       0x37 Core/Src/main.o
 .ARM.attributes
                0x0000000000000089       0x37 Core/Src/stm32h7xx_hal_msp.o
 .ARM.attributes
                0x00000000000000c0       0x37 Core/Src/stm32h7xx_it.o
 .ARM.attributes
                0x00000000000000f7       0x37 Core/Src/syscalls.o
 .ARM.attributes
                0x000000000000012e       0x37 Core/Src/sysmem.o
 .ARM.attributes
                0x0000000000000165       0x37 Core/Src/system_stm32h7xx.o
 .ARM.attributes
                0x000000000000019c       0x21 Core/Startup/startup_stm32h743iitx.o
 .ARM.attributes
                0x00000000000001bd       0x37 Drivers/STM32H7xx_HAL_Driver/Src/stm32h7xx_hal.o
 .ARM.attributes
                0x00000000000001f4       0x37 Drivers/STM32H7xx_HAL_Driver/Src/stm32h7xx_hal_cortex.o
 .ARM.attributes
                0x000000000000022b       0x37 Drivers/STM32H7xx_HAL_Driver/Src/stm32h7xx_hal_dma.o
 .ARM.attributes
                0x0000000000000262       0x37 Drivers/STM32H7xx_HAL_Driver/Src/stm32h7xx_hal_gpio.o
 .ARM.attributes
                0x0000000000000299       0x37 Drivers/STM32H7xx_HAL_Driver/Src/stm32h7xx_hal_jpeg.o
 .ARM.attributes
                0x00000000000002d0       0x37 Drivers/STM32H7xx_HAL_Driver/Src/stm32h7xx_hal_pwr_ex.o
 .ARM.attributes
                0x0000000000000307       0x37 Drivers/STM32H7xx_HAL_Driver/Src/stm32h7xx_hal_rcc.o
 .ARM.attributes
                0x000000000000033e       0x37 Drivers/STM32H7xx_HAL_Driver/Src/stm32h7xx_hal_rcc_ex.o
 .ARM.attributes
                0x0000000000000375       0x37 Drivers/STM32H7xx_HAL_Driver/Src/stm32h7xx_hal_uart.o
 .ARM.attributes
                0x00000000000003ac       0x37 Drivers/STM32H7xx_HAL_Driver/Src/stm32h7xx_hal_uart_ex.o
 .ARM.attributes
                0x00000000000003e3       0x32 c:/st/stm32cubeide_1.1.0/stm32cubeide/plugins/com.st.stm32cube.ide.mcu.externaltools.gnu-tools-for-stm32.7-2018-q2-update.win32_1.0.0.201904181610/tools/bin/../lib/gcc/arm-none-eabi/7.3.1/../../../../arm-none-eabi/lib/thumb/v7e-m/fpv5/hard\libc_nano.a(lib_a-errno.o)
 .ARM.attributes
                0x0000000000000415       0x32 c:/st/stm32cubeide_1.1.0/stm32cubeide/plugins/com.st.stm32cube.ide.mcu.externaltools.gnu-tools-for-stm32.7-2018-q2-update.win32_1.0.0.201904181610/tools/bin/../lib/gcc/arm-none-eabi/7.3.1/../../../../arm-none-eabi/lib/thumb/v7e-m/fpv5/hard\libc_nano.a(lib_a-impure.o)
 .ARM.attributes
                0x0000000000000447       0x32 c:/st/stm32cubeide_1.1.0/stm32cubeide/plugins/com.st.stm32cube.ide.mcu.externaltools.gnu-tools-for-stm32.7-2018-q2-update.win32_1.0.0.201904181610/tools/bin/../lib/gcc/arm-none-eabi/7.3.1/../../../../arm-none-eabi/lib/thumb/v7e-m/fpv5/hard\libc_nano.a(lib_a-init.o)
 .ARM.attributes
                0x0000000000000479       0x32 c:/st/stm32cubeide_1.1.0/stm32cubeide/plugins/com.st.stm32cube.ide.mcu.externaltools.gnu-tools-for-stm32.7-2018-q2-update.win32_1.0.0.201904181610/tools/bin/../lib/gcc/arm-none-eabi/7.3.1/../../../../arm-none-eabi/lib/thumb/v7e-m/fpv5/hard\libc_nano.a(lib_a-memset.o)
 .ARM.attributes
                0x00000000000004ab       0x32 c:/st/stm32cubeide_1.1.0/stm32cubeide/plugins/com.st.stm32cube.ide.mcu.externaltools.gnu-tools-for-stm32.7-2018-q2-update.win32_1.0.0.201904181610/tools/bin/../lib/gcc/arm-none-eabi/7.3.1/../../../../arm-none-eabi/lib/thumb/v7e-m/fpv5/hard\libc_nano.a(lib_a-printf.o)
 .ARM.attributes
                0x00000000000004dd       0x32 c:/st/stm32cubeide_1.1.0/stm32cubeide/plugins/com.st.stm32cube.ide.mcu.externaltools.gnu-tools-for-stm32.7-2018-q2-update.win32_1.0.0.201904181610/tools/bin/../lib/gcc/arm-none-eabi/7.3.1/../../../../arm-none-eabi/lib/thumb/v7e-m/fpv5/hard\libc_nano.a(lib_a-putchar.o)
 .ARM.attributes
                0x000000000000050f       0x32 c:/st/stm32cubeide_1.1.0/stm32cubeide/plugins/com.st.stm32cube.ide.mcu.externaltools.gnu-tools-for-stm32.7-2018-q2-update.win32_1.0.0.201904181610/tools/bin/../lib/gcc/arm-none-eabi/7.3.1/../../../../arm-none-eabi/lib/thumb/v7e-m/fpv5/hard\libc_nano.a(lib_a-puts.o)
 .ARM.attributes
                0x0000000000000541       0x32 c:/st/stm32cubeide_1.1.0/stm32cubeide/plugins/com.st.stm32cube.ide.mcu.externaltools.gnu-tools-for-stm32.7-2018-q2-update.win32_1.0.0.201904181610/tools/bin/../lib/gcc/arm-none-eabi/7.3.1/../../../../arm-none-eabi/lib/thumb/v7e-m/fpv5/hard\libc_nano.a(lib_a-wbuf.o)
 .ARM.attributes
                0x0000000000000573       0x32 c:/st/stm32cubeide_1.1.0/stm32cubeide/plugins/com.st.stm32cube.ide.mcu.externaltools.gnu-tools-for-stm32.7-2018-q2-update.win32_1.0.0.201904181610/tools/bin/../lib/gcc/arm-none-eabi/7.3.1/../../../../arm-none-eabi/lib/thumb/v7e-m/fpv5/hard\libc_nano.a(lib_a-wsetup.o)
 .ARM.attributes
                0x00000000000005a5       0x32 c:/st/stm32cubeide_1.1.0/stm32cubeide/plugins/com.st.stm32cube.ide.mcu.externaltools.gnu-tools-for-stm32.7-2018-q2-update.win32_1.0.0.201904181610/tools/bin/../lib/gcc/arm-none-eabi/7.3.1/../../../../arm-none-eabi/lib/thumb/v7e-m/fpv5/hard\libc_nano.a(lib_a-fflush.o)
 .ARM.attributes
                0x00000000000005d7       0x32 c:/st/stm32cubeide_1.1.0/stm32cubeide/plugins/com.st.stm32cube.ide.mcu.externaltools.gnu-tools-for-stm32.7-2018-q2-update.win32_1.0.0.201904181610/tools/bin/../lib/gcc/arm-none-eabi/7.3.1/../../../../arm-none-eabi/lib/thumb/v7e-m/fpv5/hard\libc_nano.a(lib_a-findfp.o)
 .ARM.attributes
                0x0000000000000609       0x32 c:/st/stm32cubeide_1.1.0/stm32cubeide/plugins/com.st.stm32cube.ide.mcu.externaltools.gnu-tools-for-stm32.7-2018-q2-update.win32_1.0.0.201904181610/tools/bin/../lib/gcc/arm-none-eabi/7.3.1/../../../../arm-none-eabi/lib/thumb/v7e-m/fpv5/hard\libc_nano.a(lib_a-fwalk.o)
 .ARM.attributes
                0x000000000000063b       0x32 c:/st/stm32cubeide_1.1.0/stm32cubeide/plugins/com.st.stm32cube.ide.mcu.externaltools.gnu-tools-for-stm32.7-2018-q2-update.win32_1.0.0.201904181610/tools/bin/../lib/gcc/arm-none-eabi/7.3.1/../../../../arm-none-eabi/lib/thumb/v7e-m/fpv5/hard\libc_nano.a(lib_a-makebuf.o)
 .ARM.attributes
                0x000000000000066d       0x32 c:/st/stm32cubeide_1.1.0/stm32cubeide/plugins/com.st.stm32cube.ide.mcu.externaltools.gnu-tools-for-stm32.7-2018-q2-update.win32_1.0.0.201904181610/tools/bin/../lib/gcc/arm-none-eabi/7.3.1/../../../../arm-none-eabi/lib/thumb/v7e-m/fpv5/hard\libc_nano.a(lib_a-nano-freer.o)
 .ARM.attributes
                0x000000000000069f       0x32 c:/st/stm32cubeide_1.1.0/stm32cubeide/plugins/com.st.stm32cube.ide.mcu.externaltools.gnu-tools-for-stm32.7-2018-q2-update.win32_1.0.0.201904181610/tools/bin/../lib/gcc/arm-none-eabi/7.3.1/../../../../arm-none-eabi/lib/thumb/v7e-m/fpv5/hard\libc_nano.a(lib_a-nano-mallocr.o)
 .ARM.attributes
                0x00000000000006d1       0x32 c:/st/stm32cubeide_1.1.0/stm32cubeide/plugins/com.st.stm32cube.ide.mcu.externaltools.gnu-tools-for-stm32.7-2018-q2-update.win32_1.0.0.201904181610/tools/bin/../lib/gcc/arm-none-eabi/7.3.1/../../../../arm-none-eabi/lib/thumb/v7e-m/fpv5/hard\libc_nano.a(lib_a-nano-vfprintf.o)
 .ARM.attributes
                0x0000000000000703       0x32 c:/st/stm32cubeide_1.1.0/stm32cubeide/plugins/com.st.stm32cube.ide.mcu.externaltools.gnu-tools-for-stm32.7-2018-q2-update.win32_1.0.0.201904181610/tools/bin/../lib/gcc/arm-none-eabi/7.3.1/../../../../arm-none-eabi/lib/thumb/v7e-m/fpv5/hard\libc_nano.a(lib_a-nano-vfprintf_i.o)
 .ARM.attributes
                0x0000000000000735       0x32 c:/st/stm32cubeide_1.1.0/stm32cubeide/plugins/com.st.stm32cube.ide.mcu.externaltools.gnu-tools-for-stm32.7-2018-q2-update.win32_1.0.0.201904181610/tools/bin/../lib/gcc/arm-none-eabi/7.3.1/../../../../arm-none-eabi/lib/thumb/v7e-m/fpv5/hard\libc_nano.a(lib_a-putc.o)
 .ARM.attributes
                0x0000000000000767       0x32 c:/st/stm32cubeide_1.1.0/stm32cubeide/plugins/com.st.stm32cube.ide.mcu.externaltools.gnu-tools-for-stm32.7-2018-q2-update.win32_1.0.0.201904181610/tools/bin/../lib/gcc/arm-none-eabi/7.3.1/../../../../arm-none-eabi/lib/thumb/v7e-m/fpv5/hard\libc_nano.a(lib_a-sbrkr.o)
 .ARM.attributes
                0x0000000000000799       0x32 c:/st/stm32cubeide_1.1.0/stm32cubeide/plugins/com.st.stm32cube.ide.mcu.externaltools.gnu-tools-for-stm32.7-2018-q2-update.win32_1.0.0.201904181610/tools/bin/../lib/gcc/arm-none-eabi/7.3.1/../../../../arm-none-eabi/lib/thumb/v7e-m/fpv5/hard\libc_nano.a(lib_a-stdio.o)
 .ARM.attributes
                0x00000000000007cb       0x32 c:/st/stm32cubeide_1.1.0/stm32cubeide/plugins/com.st.stm32cube.ide.mcu.externaltools.gnu-tools-for-stm32.7-2018-q2-update.win32_1.0.0.201904181610/tools/bin/../lib/gcc/arm-none-eabi/7.3.1/../../../../arm-none-eabi/lib/thumb/v7e-m/fpv5/hard\libc_nano.a(lib_a-writer.o)
 .ARM.attributes
                0x00000000000007fd       0x32 c:/st/stm32cubeide_1.1.0/stm32cubeide/plugins/com.st.stm32cube.ide.mcu.externaltools.gnu-tools-for-stm32.7-2018-q2-update.win32_1.0.0.201904181610/tools/bin/../lib/gcc/arm-none-eabi/7.3.1/../../../../arm-none-eabi/lib/thumb/v7e-m/fpv5/hard\libc_nano.a(lib_a-closer.o)
 .ARM.attributes
                0x000000000000082f       0x32 c:/st/stm32cubeide_1.1.0/stm32cubeide/plugins/com.st.stm32cube.ide.mcu.externaltools.gnu-tools-for-stm32.7-2018-q2-update.win32_1.0.0.201904181610/tools/bin/../lib/gcc/arm-none-eabi/7.3.1/../../../../arm-none-eabi/lib/thumb/v7e-m/fpv5/hard\libc_nano.a(lib_a-fstatr.o)
 .ARM.attributes
                0x0000000000000861       0x32 c:/st/stm32cubeide_1.1.0/stm32cubeide/plugins/com.st.stm32cube.ide.mcu.externaltools.gnu-tools-for-stm32.7-2018-q2-update.win32_1.0.0.201904181610/tools/bin/../lib/gcc/arm-none-eabi/7.3.1/../../../../arm-none-eabi/lib/thumb/v7e-m/fpv5/hard\libc_nano.a(lib_a-isattyr.o)
 .ARM.attributes
                0x0000000000000893       0x32 c:/st/stm32cubeide_1.1.0/stm32cubeide/plugins/com.st.stm32cube.ide.mcu.externaltools.gnu-tools-for-stm32.7-2018-q2-update.win32_1.0.0.201904181610/tools/bin/../lib/gcc/arm-none-eabi/7.3.1/../../../../arm-none-eabi/lib/thumb/v7e-m/fpv5/hard\libc_nano.a(lib_a-lseekr.o)
 .ARM.attributes
                0x00000000000008c5       0x1e c:/st/stm32cubeide_1.1.0/stm32cubeide/plugins/com.st.stm32cube.ide.mcu.externaltools.gnu-tools-for-stm32.7-2018-q2-update.win32_1.0.0.201904181610/tools/bin/../lib/gcc/arm-none-eabi/7.3.1/../../../../arm-none-eabi/lib/thumb/v7e-m/fpv5/hard\libc_nano.a(lib_a-memchr.o)
 .ARM.attributes
                0x00000000000008e3       0x32 c:/st/stm32cubeide_1.1.0/stm32cubeide/plugins/com.st.stm32cube.ide.mcu.externaltools.gnu-tools-for-stm32.7-2018-q2-update.win32_1.0.0.201904181610/tools/bin/../lib/gcc/arm-none-eabi/7.3.1/../../../../arm-none-eabi/lib/thumb/v7e-m/fpv5/hard\libc_nano.a(lib_a-mlock.o)
 .ARM.attributes
                0x0000000000000915       0x32 c:/st/stm32cubeide_1.1.0/stm32cubeide/plugins/com.st.stm32cube.ide.mcu.externaltools.gnu-tools-for-stm32.7-2018-q2-update.win32_1.0.0.201904181610/tools/bin/../lib/gcc/arm-none-eabi/7.3.1/../../../../arm-none-eabi/lib/thumb/v7e-m/fpv5/hard\libc_nano.a(lib_a-readr.o)
 .ARM.attributes
                0x0000000000000947       0x32 c:/st/stm32cubeide_1.1.0/stm32cubeide/plugins/com.st.stm32cube.ide.mcu.externaltools.gnu-tools-for-stm32.7-2018-q2-update.win32_1.0.0.201904181610/tools/bin/../lib/gcc/arm-none-eabi/7.3.1/../../../../arm-none-eabi/lib/thumb/v7e-m/fpv5/hard\libc_nano.a(lib_a-reent.o)
 .ARM.attributes
                0x0000000000000979       0x20 c:/st/stm32cubeide_1.1.0/stm32cubeide/plugins/com.st.stm32cube.ide.mcu.externaltools.gnu-tools-for-stm32.7-2018-q2-update.win32_1.0.0.201904181610/tools/bin/../lib/gcc/arm-none-eabi/7.3.1/thumb/v7e-m/fpv5/hard\libgcc.a(_aeabi_uldivmod.o)
 .ARM.attributes
                0x0000000000000999       0x32 c:/st/stm32cubeide_1.1.0/stm32cubeide/plugins/com.st.stm32cube.ide.mcu.externaltools.gnu-tools-for-stm32.7-2018-q2-update.win32_1.0.0.201904181610/tools/bin/../lib/gcc/arm-none-eabi/7.3.1/thumb/v7e-m/fpv5/hard\libgcc.a(_udivmoddi4.o)
 .ARM.attributes
                0x00000000000009cb       0x20 c:/st/stm32cubeide_1.1.0/stm32cubeide/plugins/com.st.stm32cube.ide.mcu.externaltools.gnu-tools-for-stm32.7-2018-q2-update.win32_1.0.0.201904181610/tools/bin/../lib/gcc/arm-none-eabi/7.3.1/thumb/v7e-m/fpv5/hard\libgcc.a(_dvmd_tls.o)
 .ARM.attributes
                0x00000000000009eb       0x20 c:/st/stm32cubeide_1.1.0/stm32cubeide/plugins/com.st.stm32cube.ide.mcu.externaltools.gnu-tools-for-stm32.7-2018-q2-update.win32_1.0.0.201904181610/tools/bin/../lib/gcc/arm-none-eabi/7.3.1/thumb/v7e-m/fpv5/hard/crtn.o
OUTPUT(USART_Test.elf elf32-littlearm)

.debug_info     0x0000000000000000    0x19617
 .debug_info    0x0000000000000000     0x2fdc Core/Src/main.o
 .debug_info    0x0000000000002fdc     0x20cb Core/Src/stm32h7xx_hal_msp.o
 .debug_info    0x00000000000050a7     0x1141 Core/Src/stm32h7xx_it.o
 .debug_info    0x00000000000061e8      0xebd Core/Src/syscalls.o
 .debug_info    0x00000000000070a5      0x91c Core/Src/sysmem.o
 .debug_info    0x00000000000079c1     0x1322 Core/Src/system_stm32h7xx.o
 .debug_info    0x0000000000008ce3       0x22 Core/Startup/startup_stm32h743iitx.o
 .debug_info    0x0000000000008d05     0x1de0 Drivers/STM32H7xx_HAL_Driver/Src/stm32h7xx_hal.o
 .debug_info    0x000000000000aae5     0x1a74 Drivers/STM32H7xx_HAL_Driver/Src/stm32h7xx_hal_cortex.o
 .debug_info    0x000000000000c559     0x14f6 Drivers/STM32H7xx_HAL_Driver/Src/stm32h7xx_hal_dma.o
 .debug_info    0x000000000000da4f     0x1640 Drivers/STM32H7xx_HAL_Driver/Src/stm32h7xx_hal_gpio.o
 .debug_info    0x000000000000f08f     0x2518 Drivers/STM32H7xx_HAL_Driver/Src/stm32h7xx_hal_jpeg.o
 .debug_info    0x00000000000115a7     0x1746 Drivers/STM32H7xx_HAL_Driver/Src/stm32h7xx_hal_pwr_ex.o
 .debug_info    0x0000000000012ced     0x1760 Drivers/STM32H7xx_HAL_Driver/Src/stm32h7xx_hal_rcc.o
 .debug_info    0x000000000001444d     0x18cf Drivers/STM32H7xx_HAL_Driver/Src/stm32h7xx_hal_rcc_ex.o
 .debug_info    0x0000000000015d1c     0x2478 Drivers/STM32H7xx_HAL_Driver/Src/stm32h7xx_hal_uart.o
 .debug_info    0x0000000000018194     0x1483 Drivers/STM32H7xx_HAL_Driver/Src/stm32h7xx_hal_uart_ex.o

.debug_abbrev   0x0000000000000000     0x2a4c
 .debug_abbrev  0x0000000000000000      0x358 Core/Src/main.o
 .debug_abbrev  0x0000000000000358      0x240 Core/Src/stm32h7xx_hal_msp.o
 .debug_abbrev  0x0000000000000598      0x1d6 Core/Src/stm32h7xx_it.o
 .debug_abbrev  0x000000000000076e      0x261 Core/Src/syscalls.o
 .debug_abbrev  0x00000000000009cf      0x1bb Core/Src/sysmem.o
 .debug_abbrev  0x0000000000000b8a      0x21f Core/Src/system_stm32h7xx.o
 .debug_abbrev  0x0000000000000da9       0x12 Core/Startup/startup_stm32h743iitx.o
 .debug_abbrev  0x0000000000000dbb      0x2db Drivers/STM32H7xx_HAL_Driver/Src/stm32h7xx_hal.o
 .debug_abbrev  0x0000000000001096      0x3b5 Drivers/STM32H7xx_HAL_Driver/Src/stm32h7xx_hal_cortex.o
 .debug_abbrev  0x000000000000144b      0x289 Drivers/STM32H7xx_HAL_Driver/Src/stm32h7xx_hal_dma.o
 .debug_abbrev  0x00000000000016d4      0x28f Drivers/STM32H7xx_HAL_Driver/Src/stm32h7xx_hal_gpio.o
 .debug_abbrev  0x0000000000001963      0x2e2 Drivers/STM32H7xx_HAL_Driver/Src/stm32h7xx_hal_jpeg.o
 .debug_abbrev  0x0000000000001c45      0x345 Drivers/STM32H7xx_HAL_Driver/Src/stm32h7xx_hal_pwr_ex.o
 .debug_abbrev  0x0000000000001f8a      0x2e2 Drivers/STM32H7xx_HAL_Driver/Src/stm32h7xx_hal_rcc.o
 .debug_abbrev  0x000000000000226c      0x2c3 Drivers/STM32H7xx_HAL_Driver/Src/stm32h7xx_hal_rcc_ex.o
 .debug_abbrev  0x000000000000252f      0x2ae Drivers/STM32H7xx_HAL_Driver/Src/stm32h7xx_hal_uart.o
 .debug_abbrev  0x00000000000027dd      0x26f Drivers/STM32H7xx_HAL_Driver/Src/stm32h7xx_hal_uart_ex.o

.debug_aranges  0x0000000000000000      0xd90
 .debug_aranges
                0x0000000000000000       0xc8 Core/Src/main.o
 .debug_aranges
                0x00000000000000c8       0x40 Core/Src/stm32h7xx_hal_msp.o
 .debug_aranges
                0x0000000000000108       0x68 Core/Src/stm32h7xx_it.o
 .debug_aranges
                0x0000000000000170       0xa8 Core/Src/syscalls.o
 .debug_aranges
                0x0000000000000218       0x20 Core/Src/sysmem.o
 .debug_aranges
                0x0000000000000238       0x28 Core/Src/system_stm32h7xx.o
 .debug_aranges
                0x0000000000000260       0x28 Core/Startup/startup_stm32h743iitx.o
 .debug_aranges
                0x0000000000000288      0x1b8 Drivers/STM32H7xx_HAL_Driver/Src/stm32h7xx_hal.o
 .debug_aranges
                0x0000000000000440      0x120 Drivers/STM32H7xx_HAL_Driver/Src/stm32h7xx_hal_cortex.o
 .debug_aranges
                0x0000000000000560       0xa0 Drivers/STM32H7xx_HAL_Driver/Src/stm32h7xx_hal_dma.o
 .debug_aranges
                0x0000000000000600       0x58 Drivers/STM32H7xx_HAL_Driver/Src/stm32h7xx_hal_gpio.o
 .debug_aranges
                0x0000000000000658      0x1c0 Drivers/STM32H7xx_HAL_Driver/Src/stm32h7xx_hal_jpeg.o
 .debug_aranges
                0x0000000000000818      0x158 Drivers/STM32H7xx_HAL_Driver/Src/stm32h7xx_hal_pwr_ex.o
 .debug_aranges
                0x0000000000000970       0x88 Drivers/STM32H7xx_HAL_Driver/Src/stm32h7xx_hal_rcc.o
 .debug_aranges
                0x00000000000009f8       0xe0 Drivers/STM32H7xx_HAL_Driver/Src/stm32h7xx_hal_rcc_ex.o
 .debug_aranges
                0x0000000000000ad8      0x230 Drivers/STM32H7xx_HAL_Driver/Src/stm32h7xx_hal_uart.o
 .debug_aranges
                0x0000000000000d08       0x88 Drivers/STM32H7xx_HAL_Driver/Src/stm32h7xx_hal_uart_ex.o

.debug_ranges   0x0000000000000000      0xc88
 .debug_ranges  0x0000000000000000       0xb8 Core/Src/main.o
 .debug_ranges  0x00000000000000b8       0x30 Core/Src/stm32h7xx_hal_msp.o
 .debug_ranges  0x00000000000000e8       0x58 Core/Src/stm32h7xx_it.o
 .debug_ranges  0x0000000000000140       0x98 Core/Src/syscalls.o
 .debug_ranges  0x00000000000001d8       0x10 Core/Src/sysmem.o
 .debug_ranges  0x00000000000001e8       0x18 Core/Src/system_stm32h7xx.o
 .debug_ranges  0x0000000000000200       0x20 Core/Startup/startup_stm32h743iitx.o
 .debug_ranges  0x0000000000000220      0x1a8 Drivers/STM32H7xx_HAL_Driver/Src/stm32h7xx_hal.o
 .debug_ranges  0x00000000000003c8      0x110 Drivers/STM32H7xx_HAL_Driver/Src/stm32h7xx_hal_cortex.o
 .debug_ranges  0x00000000000004d8       0x90 Drivers/STM32H7xx_HAL_Driver/Src/stm32h7xx_hal_dma.o
 .debug_ranges  0x0000000000000568       0x48 Drivers/STM32H7xx_HAL_Driver/Src/stm32h7xx_hal_gpio.o
 .debug_ranges  0x00000000000005b0      0x1b0 Drivers/STM32H7xx_HAL_Driver/Src/stm32h7xx_hal_jpeg.o
 .debug_ranges  0x0000000000000760      0x148 Drivers/STM32H7xx_HAL_Driver/Src/stm32h7xx_hal_pwr_ex.o
 .debug_ranges  0x00000000000008a8       0x78 Drivers/STM32H7xx_HAL_Driver/Src/stm32h7xx_hal_rcc.o
 .debug_ranges  0x0000000000000920       0xd0 Drivers/STM32H7xx_HAL_Driver/Src/stm32h7xx_hal_rcc_ex.o
 .debug_ranges  0x00000000000009f0      0x220 Drivers/STM32H7xx_HAL_Driver/Src/stm32h7xx_hal_uart.o
 .debug_ranges  0x0000000000000c10       0x78 Drivers/STM32H7xx_HAL_Driver/Src/stm32h7xx_hal_uart_ex.o

.debug_macro    0x0000000000000000    0x365d0
 .debug_macro   0x0000000000000000      0x3cc Core/Src/main.o
 .debug_macro   0x00000000000003cc      0xa6c Core/Src/main.o
 .debug_macro   0x0000000000000e38      0x1db Core/Src/main.o
 .debug_macro   0x0000000000001013       0x2e Core/Src/main.o
 .debug_macro   0x0000000000001041       0x3b Core/Src/main.o
 .debug_macro   0x000000000000107c       0x22 Core/Src/main.o
 .debug_macro   0x000000000000109e       0x8e Core/Src/main.o
 .debug_macro   0x000000000000112c       0x51 Core/Src/main.o
 .debug_macro   0x000000000000117d       0xef Core/Src/main.o
 .debug_macro   0x000000000000126c       0x6a Core/Src/main.o
 .debug_macro   0x00000000000012d6      0x1df Core/Src/main.o
 .debug_macro   0x00000000000014b5       0x1c Core/Src/main.o
 .debug_macro   0x00000000000014d1       0x22 Core/Src/main.o
 .debug_macro   0x00000000000014f3       0xdf Core/Src/main.o
 .debug_macro   0x00000000000015d2     0x12cd Core/Src/main.o
 .debug_macro   0x000000000000289f      0x11f Core/Src/main.o
 .debug_macro   0x00000000000029be       0x19 Core/Src/main.o
 .debug_macro   0x00000000000029d7    0x250ca Core/Src/main.o
 .debug_macro   0x0000000000027aa1       0x43 Core/Src/main.o
 .debug_macro   0x0000000000027ae4     0x3bd7 Core/Src/main.o
 .debug_macro   0x000000000002b6bb      0x174 Core/Src/main.o
 .debug_macro   0x000000000002b82f       0x46 Core/Src/main.o
 .debug_macro   0x000000000002b875       0x17 Core/Src/main.o
 .debug_macro   0x000000000002b88c       0x3c Core/Src/main.o
 .debug_macro   0x000000000002b8c8       0x34 Core/Src/main.o
 .debug_macro   0x000000000002b8fc       0x52 Core/Src/main.o
 .debug_macro   0x000000000002b94e       0x1f Core/Src/main.o
 .debug_macro   0x000000000002b96d       0x43 Core/Src/main.o
 .debug_macro   0x000000000002b9b0       0x20 Core/Src/main.o
 .debug_macro   0x000000000002b9d0      0x1a3 Core/Src/main.o
 .debug_macro   0x000000000002bb73      0x32a Core/Src/main.o
 .debug_macro   0x000000000002be9d      0x1e1 Core/Src/main.o
 .debug_macro   0x000000000002c07e       0x54 Core/Src/main.o
 .debug_macro   0x000000000002c0d2     0x23dd Core/Src/main.o
 .debug_macro   0x000000000002e4af      0xf3e Core/Src/main.o
 .debug_macro   0x000000000002f3ed      0x146 Core/Src/main.o
 .debug_macro   0x000000000002f533      0x117 Core/Src/main.o
 .debug_macro   0x000000000002f64a      0x362 Core/Src/main.o
 .debug_macro   0x000000000002f9ac       0x27 Core/Src/main.o
 .debug_macro   0x000000000002f9d3      0x72d Core/Src/main.o
 .debug_macro   0x0000000000030100      0x229 Core/Src/main.o
 .debug_macro   0x0000000000030329       0x66 Core/Src/main.o
 .debug_macro   0x000000000003038f      0x39f Core/Src/main.o
 .debug_macro   0x000000000003072e      0x3e5 Core/Src/main.o
 .debug_macro   0x0000000000030b13      0x275 Core/Src/main.o
 .debug_macro   0x0000000000030d88      0x3c6 Core/Src/main.o
 .debug_macro   0x000000000003114e      0x40f Core/Src/main.o
 .debug_macro   0x000000000003155d       0x51 Core/Src/main.o
 .debug_macro   0x00000000000315ae       0x4a Core/Src/main.o
 .debug_macro   0x00000000000315f8      0x22c Core/Src/main.o
 .debug_macro   0x0000000000031824       0x58 Core/Src/main.o
 .debug_macro   0x000000000003187c       0xa5 Core/Src/main.o
 .debug_macro   0x0000000000031921      0x137 Core/Src/main.o
 .debug_macro   0x0000000000031a58      0x165 Core/Src/main.o
 .debug_macro   0x0000000000031bbd      0x246 Core/Src/main.o
 .debug_macro   0x0000000000031e03       0x35 Core/Src/main.o
 .debug_macro   0x0000000000031e38      0x662 Core/Src/main.o
 .debug_macro   0x000000000003249a       0xa6 Core/Src/main.o
 .debug_macro   0x0000000000032540      0x57c Core/Src/main.o
 .debug_macro   0x0000000000032abc       0x22 Core/Src/main.o
 .debug_macro   0x0000000000032ade       0x1c Core/Src/main.o
 .debug_macro   0x0000000000032afa       0x35 Core/Src/main.o
 .debug_macro   0x0000000000032b2f       0x10 Core/Src/main.o
 .debug_macro   0x0000000000032b3f       0x10 Core/Src/main.o