stm32h7xx_ll_sdmmc.c:205:19:SDMMC_Init	24	static
stm32h7xx_ll_sdmmc.c:256:10:SDMMC_ReadFIFO	16	static
stm32h7xx_ll_sdmmc.c:268:19:SDMMC_WriteFIFO	16	static
stm32h7xx_ll_sdmmc.c:300:19:SDMMC_PowerState_ON	16	static
stm32h7xx_ll_sdmmc.c:313:19:SDMMC_PowerState_Cycle	16	static
stm32h7xx_ll_sdmmc.c:326:19:SDMMC_PowerState_OFF	16	static
stm32h7xx_ll_sdmmc.c:343:10:SDMMC_GetPowerState	16	static
stm32h7xx_ll_sdmmc.c:356:19:SDMMC_SendCommand	24	static
stm32h7xx_ll_sdmmc.c:386:9:SDMMC_GetCommandResponse	16	static
stm32h7xx_ll_sdmmc.c:403:10:SDMMC_GetResponse	24	static
stm32h7xx_ll_sdmmc.c:424:19:SDMMC_ConfigData	24	static
stm32h7xx_ll_sdmmc.c:459:10:SDMMC_GetDataCounter	16	static
stm32h7xx_ll_sdmmc.c:469:10:SDMMC_GetFIFOCount	16	static
stm32h7xx_ll_sdmmc.c:483:19:SDMMC_SetSDMMCReadWaitMode	16	static
stm32h7xx_ll_sdmmc.c:518:10:SDMMC_CmdBlockLength	40	static
stm32h7xx_ll_sdmmc.c:542:10:SDMMC_CmdReadSingleBlock	40	static
stm32h7xx_ll_sdmmc.c:566:10:SDMMC_CmdReadMultiBlock	40	static
stm32h7xx_ll_sdmmc.c:590:10:SDMMC_CmdWriteSingleBlock	40	static
stm32h7xx_ll_sdmmc.c:614:10:SDMMC_CmdWriteMultiBlock	40	static
stm32h7xx_ll_sdmmc.c:638:10:SDMMC_CmdSDEraseStartAdd	40	static
stm32h7xx_ll_sdmmc.c:662:10:SDMMC_CmdSDEraseEndAdd	40	static
stm32h7xx_ll_sdmmc.c:686:10:SDMMC_CmdEraseStartAdd	40	static
stm32h7xx_ll_sdmmc.c:710:10:SDMMC_CmdEraseEndAdd	40	static
stm32h7xx_ll_sdmmc.c:734:10:SDMMC_CmdErase	40	static
stm32h7xx_ll_sdmmc.c:758:10:SDMMC_CmdStopTransfer	40	static
stm32h7xx_ll_sdmmc.c:789:10:SDMMC_CmdSelDesel	48	static
stm32h7xx_ll_sdmmc.c:813:10:SDMMC_CmdGoIdleState	40	static
stm32h7xx_ll_sdmmc.c:836:10:SDMMC_CmdOperCond	40	static
stm32h7xx_ll_sdmmc.c:867:10:SDMMC_CmdAppCommand	40	static
stm32h7xx_ll_sdmmc.c:895:10:SDMMC_CmdAppOperCommand	40	static
stm32h7xx_ll_sdmmc.c:919:10:SDMMC_CmdBusWidth	40	static
stm32h7xx_ll_sdmmc.c:942:10:SDMMC_CmdSendSCR	40	static
stm32h7xx_ll_sdmmc.c:966:10:SDMMC_CmdSendCID	40	static
stm32h7xx_ll_sdmmc.c:991:10:SDMMC_CmdSendCSD	40	static
stm32h7xx_ll_sdmmc.c:1016:10:SDMMC_CmdSetRelAdd	40	static
stm32h7xx_ll_sdmmc.c:1041:10:SDMMC_CmdSendStatus	40	static
stm32h7xx_ll_sdmmc.c:1064:10:SDMMC_CmdStatusRegister	40	static
stm32h7xx_ll_sdmmc.c:1089:10:SDMMC_CmdOpCondition	40	static
stm32h7xx_ll_sdmmc.c:1113:10:SDMMC_CmdSwitch	40	static
stm32h7xx_ll_sdmmc.c:1139:10:SDMMC_CmdVoltageSwitch	40	static
stm32h7xx_ll_sdmmc.c:1163:10:SDMMC_CmdSendEXTCSD	40	static
stm32h7xx_ll_sdmmc.c:1197:17:SDMMC_GetCmdError	16	static
stm32h7xx_ll_sdmmc.c:1224:17:SDMMC_GetCmdResp1	40	static
stm32h7xx_ll_sdmmc.c:1359:17:SDMMC_GetCmdResp2	24	static
stm32h7xx_ll_sdmmc.c:1403:17:SDMMC_GetCmdResp3	24	static
stm32h7xx_ll_sdmmc.c:1443:17:SDMMC_GetCmdResp6	40	static
stm32h7xx_ll_sdmmc.c:1516:17:SDMMC_GetCmdResp7	24	static
