stm32h7xx_hal_sd.c:334:19:HAL_SD_Init	48	static
stm32h7xx_hal_sd.c:464:19:HAL_SD_InitCard	80	static
stm32h7xx_hal_sd.c:539:19:HAL_SD_DeInit	16	static
stm32h7xx_hal_sd.c:596:13:HAL_SD_MspInit	16	static
stm32h7xx_hal_sd.c:611:13:HAL_SD_MspDeInit	16	static
stm32h7xx_hal_sd.c:652:19:HAL_SD_ReadBlocks	80	static
stm32h7xx_hal_sd.c:845:19:HAL_SD_WriteBlocks	80	static
stm32h7xx_hal_sd.c:1039:19:HAL_SD_ReadBlocks_IT	56	static
stm32h7xx_hal_sd.c:1143:19:HAL_SD_WriteBlocks_IT	56	static
stm32h7xx_hal_sd.c:1249:19:HAL_SD_ReadBlocks_DMA	56	static
stm32h7xx_hal_sd.c:1358:19:HAL_SD_WriteBlocks_DMA	56	static
stm32h7xx_hal_sd.c:1463:19:HAL_SD_Erase	40	static
stm32h7xx_hal_sd.c:1565:6:HAL_SD_IRQHandler	24	static
stm32h7xx_hal_sd.c:1799:21:HAL_SD_GetState	16	static
stm32h7xx_hal_sd.c:1810:10:HAL_SD_GetError	16	static
stm32h7xx_hal_sd.c:1820:13:HAL_SD_TxCpltCallback	16	static
stm32h7xx_hal_sd.c:1835:13:HAL_SD_RxCpltCallback	16	static
stm32h7xx_hal_sd.c:1850:13:HAL_SD_ErrorCallback	16	static
stm32h7xx_hal_sd.c:1865:13:HAL_SD_AbortCallback	16	static
stm32h7xx_hal_sd.c:1881:14:HAL_SD_DriveTransceiver_1_8V_Callback	16	static
stm32h7xx_hal_sd.c:2194:19:HAL_SD_GetCardCID	16	static
stm32h7xx_hal_sd.c:2227:19:HAL_SD_GetCardCSD	16	static
stm32h7xx_hal_sd.c:2341:19:HAL_SD_GetCardStatus	88	static
stm32h7xx_hal_sd.c:2393:19:HAL_SD_GetCardInfo	16	static
stm32h7xx_hal_sd.c:2418:19:HAL_SD_ConfigWideBusOperation	72	static
stm32h7xx_hal_sd.c:2516:19:HAL_SD_ConfigSpeedBusOperation	24	static
stm32h7xx_hal_sd.c:2756:25:HAL_SD_GetCardState	32	static
stm32h7xx_hal_sd.c:2779:19:HAL_SD_Abort	24	static
stm32h7xx_hal_sd.c:2816:19:HAL_SD_Abort_IT	24	static
stm32h7xx_hal_sd.c:2873:17:SD_InitCard	80	static
stm32h7xx_hal_sd.c:2962:17:SD_PowerON	40	static
stm32h7xx_hal_sd.c:3128:13:SD_PowerOFF	16	static
stm32h7xx_hal_sd.c:3141:17:SD_SendSDStatus	56	static
stm32h7xx_hal_sd.c:3247:17:SD_SendStatus	24	static
stm32h7xx_hal_sd.c:3274:17:SD_WideBus_Enable	32	static
stm32h7xx_hal_sd.c:3321:17:SD_WideBus_Disable	32	static
stm32h7xx_hal_sd.c:3370:17:SD_FindSCR	64	static
stm32h7xx_hal_sd.c:3465:13:SD_Read_IT	32	static
stm32h7xx_hal_sd.c:3499:13:SD_Write_IT	32	static
stm32h7xx_hal_sd.c:3535:10:SD_HighSpeed	128	static
stm32h7xx_hal_sd.c:3651:17:SD_UltraHighSpeed	128	static
stm32h7xx_hal_sd.c:3781:17:SD_DDR_Mode	128	static
stm32h7xx_hal_sd.c:3910:13:HAL_SDEx_Read_DMADoubleBuf0CpltCallback	16	static
stm32h7xx_hal_sd.c:3925:13:HAL_SDEx_Read_DMADoubleBuf1CpltCallback	16	static
stm32h7xx_hal_sd.c:3940:13:HAL_SDEx_Write_DMADoubleBuf0CpltCallback	16	static
stm32h7xx_hal_sd.c:3955:13:HAL_SDEx_Write_DMADoubleBuf1CpltCallback	16	static
