core_cm7.h:2606:26:ITM_SendChar	16	static,ignoring_inline_asm
main.c:132:5:main	120	dynamic
main.c:272:6:SystemClock_Config	312	static
main.c:338:13:MX_I2C1_Init	8	static
main.c:384:13:MX_I2C2_Init	8	static
main.c:430:13:MX_JPEG_Init	8	static
main.c:456:13:MX_SDMMC1_SD_Init	4	static
main.c:483:13:MX_UART4_Init	8	static
main.c:531:13:MX_GPIO_Init	56	static
main.c:564:6:Camera_Setup	24	static
main.c:579:6:Camera_Snapshot	16	static
main.c:584:6:Camera_Get_IMG_Length	16	static
main.c:589:6:Camera_Get_IMG	16	static
main.c:603:6:Camera_Set_Res	16	static
main.c:616:6:get_TOF_Data	16	static
main.c:620:6:get_Compass_Data	16	static
main.c:625:6:send_UART	24	static
main.c:658:5:_write	32	static
main.c:670:6:Error_Handler	4	static
