stm32h7xx_hal.c:212:13:HAL_MspInit	0	static
stm32h7xx_hal.c:223:13:HAL_MspDeInit	0	static
stm32h7xx_hal.c:171:19:HAL_DeInit	8	static
stm32h7xx_hal.c:246:26:HAL_InitTick	8	static
stm32h7xx_hal.c:134:19:HAL_Init	24	static
stm32h7xx_hal.c:332:13:HAL_IncTick	0	static
stm32h7xx_hal.c:343:17:HAL_GetTick	0	static
stm32h7xx_hal.c:352:10:HAL_GetTickPrio	0	static
stm32h7xx_hal.c:361:19:HAL_SetTickFreq	8	static
stm32h7xx_hal.c:381:21:HAL_GetTickFreq	0	static
stm32h7xx_hal.c:397:13:HAL_Delay	16	static
stm32h7xx_hal.c:423:13:HAL_SuspendTick	0	static
stm32h7xx_hal.c:439:13:HAL_ResumeTick	0	static
stm32h7xx_hal.c:449:10:HAL_GetHalVersion	0	static
stm32h7xx_hal.c:458:10:HAL_GetREVID	0	static
stm32h7xx_hal.c:467:10:HAL_GetDEVID	0	static
stm32h7xx_hal.c:476:10:HAL_GetUIDw0	0	static
stm32h7xx_hal.c:485:10:HAL_GetUIDw1	0	static
stm32h7xx_hal.c:494:10:HAL_GetUIDw2	0	static
stm32h7xx_hal.c:513:6:HAL_SYSCFG_VREFBUF_VoltageScalingConfig	0	static
stm32h7xx_hal.c:529:6:HAL_SYSCFG_VREFBUF_HighImpedanceConfig	0	static
stm32h7xx_hal.c:541:6:HAL_SYSCFG_VREFBUF_TrimmingConfig	0	static
stm32h7xx_hal.c:553:19:HAL_SYSCFG_EnableVREFBUF	16	static
stm32h7xx_hal.c:579:6:HAL_SYSCFG_DisableVREFBUF	0	static
stm32h7xx_hal.c:592:6:HAL_SYSCFG_ETHInterfaceSelect	0	static
stm32h7xx_hal.c:622:6:HAL_SYSCFG_AnalogSwitchConfig	0	static
stm32h7xx_hal.c:640:6:HAL_SYSCFG_EnableBOOST	0	static
stm32h7xx_hal.c:652:6:HAL_SYSCFG_DisableBOOST	0	static
stm32h7xx_hal.c:667:6:HAL_SYSCFG_CM7BootAddConfig	0	static
stm32h7xx_hal.c:767:6:HAL_EnableCompensationCell	0	static
stm32h7xx_hal.c:778:6:HAL_DisableCompensationCell	0	static
stm32h7xx_hal.c:791:6:HAL_SYSCFG_EnableIOSpeedOptimize	0	static
stm32h7xx_hal.c:803:6:HAL_SYSCFG_DisableIOSpeedOptimize	0	static
stm32h7xx_hal.c:816:6:HAL_SYSCFG_CompensationCodeSelect	0	static
stm32h7xx_hal.c:833:6:HAL_SYSCFG_CompensationCodeConfig	0	static
stm32h7xx_hal.c:846:6:HAL_DBGMCU_EnableDBGSleepMode	0	static
stm32h7xx_hal.c:855:6:HAL_DBGMCU_DisableDBGSleepMode	0	static
stm32h7xx_hal.c:864:6:HAL_DBGMCU_EnableDBGStopMode	0	static
stm32h7xx_hal.c:873:6:HAL_DBGMCU_DisableDBGStopMode	0	static
stm32h7xx_hal.c:882:6:HAL_DBGMCU_EnableDBGStandbyMode	0	static
stm32h7xx_hal.c:891:6:HAL_DBGMCU_DisableDBGStandbyMode	0	static
stm32h7xx_hal.c:957:6:HAL_EnableDomain3DBGStopMode	0	static
stm32h7xx_hal.c:966:6:HAL_DisableDomain3DBGStopMode	0	static
stm32h7xx_hal.c:975:6:HAL_EnableDomain3DBGStandbyMode	0	static
stm32h7xx_hal.c:984:6:HAL_DisableDomain3DBGStandbyMode	0	static
stm32h7xx_hal.c:995:6:HAL_SetFMCMemorySwappingConfig	0	static
stm32h7xx_hal.c:1007:10:HAL_GetFMCMemorySwappingConfig	0	static
stm32h7xx_hal.c:1024:6:HAL_EXTI_EdgeConfig	12	static
stm32h7xx_hal.c:1050:6:HAL_EXTI_GenerateSWInterrupt	4	static
stm32h7xx_hal.c:1065:6:HAL_EXTI_D1_ClearFlag	0	static
stm32h7xx_hal.c:1100:6:HAL_EXTI_D1_EventInputConfig	8	static
stm32h7xx_hal.c:1194:6:HAL_EXTI_D3_EventInputConfig	12	static
