core_cm7.h:2606:26:ITM_SendChar	16	static,ignoring_inline_asm
main.c:145:5:main	168	dynamic
main.c:363:6:SystemClock_Config	312	static
main.c:426:13:MX_JPEG_Init	8	static
main.c:452:13:MX_UART4_Init	8	static
main.c:500:13:MX_GPIO_Init	40	static
main.c:530:6:Camera_Reset	32	static
main.c:545:6:send_UART	56	static
main.c:616:6:Camera_Snapshot	32	static
main.c:627:6:Camera_Get_IMG_Length	32	static
main.c:636:6:Camera_Get_IMG	24	static
main.c:656:6:Camera_Set_Res	32	static
main.c:676:6:Camera_Set_Compress	32	static
main.c:687:6:Camera_Set_Baud	40	static
main.c:724:6:Camera_Initialize	64	static
main.c:779:6:UART_Init_Baud	24	static
main.c:813:6:get_TOF_Data	16	static
main.c:819:6:HAL_UART_RxCpltCallback	16	static
main.c:835:5:_write	32	static
main.c:849:19:UART_Fast_Transmit	40	static
main.c:874:19:UART_Fast_Receive	32	static
main.c:907:6:Error_Handler	4	static
