stm32h7xx_hal_usart.c:275:19:HAL_USART_Init	16	static
stm32h7xx_hal_usart.c:336:19:HAL_USART_DeInit	16	static
stm32h7xx_hal_usart.c:379:13:HAL_USART_MspInit	16	static
stm32h7xx_hal_usart.c:394:13:HAL_USART_MspDeInit	16	static
stm32h7xx_hal_usart.c:746:19:HAL_USART_Transmit	48	static
stm32h7xx_hal_usart.c:843:19:HAL_USART_Receive	48	static
stm32h7xx_hal_usart.c:955:19:HAL_USART_TransmitReceive	64	static
stm32h7xx_hal_usart.c:1102:19:HAL_USART_Transmit_IT	24	static
stm32h7xx_hal_usart.c:1185:19:HAL_USART_Receive_IT	32	static
stm32h7xx_hal_usart.c:1289:19:HAL_USART_TransmitReceive_IT	24	static
stm32h7xx_hal_usart.c:1387:19:HAL_USART_Transmit_DMA	32	static
stm32h7xx_hal_usart.c:1472:19:HAL_USART_Receive_DMA	32	static
stm32h7xx_hal_usart.c:1589:19:HAL_USART_TransmitReceive_DMA	32	static
stm32h7xx_hal_usart.c:1706:19:HAL_USART_DMAPause	24	static
stm32h7xx_hal_usart.c:1753:19:HAL_USART_DMAResume	24	static
stm32h7xx_hal_usart.c:1797:19:HAL_USART_DMAStop	16	static
stm32h7xx_hal_usart.c:1857:19:HAL_USART_Abort	16	static
stm32h7xx_hal_usart.c:1953:19:HAL_USART_Abort_IT	24	static
stm32h7xx_hal_usart.c:2084:6:HAL_USART_IRQHandler	40	static
stm32h7xx_hal_usart.c:2314:13:HAL_USART_TxCpltCallback	16	static
stm32h7xx_hal_usart.c:2329:13:HAL_USART_TxHalfCpltCallback	16	static
stm32h7xx_hal_usart.c:2344:13:HAL_USART_RxCpltCallback	16	static
stm32h7xx_hal_usart.c:2359:13:HAL_USART_RxHalfCpltCallback	16	static
stm32h7xx_hal_usart.c:2374:13:HAL_USART_TxRxCpltCallback	16	static
stm32h7xx_hal_usart.c:2389:13:HAL_USART_ErrorCallback	16	static
stm32h7xx_hal_usart.c:2404:13:HAL_USART_AbortCpltCallback	16	static
stm32h7xx_hal_usart.c:2441:24:HAL_USART_GetState	16	static
stm32h7xx_hal_usart.c:2452:10:HAL_USART_GetError	16	static
stm32h7xx_hal_usart.c:2495:13:USART_EndTransfer	16	static
stm32h7xx_hal_usart.c:2511:13:USART_DMATransmitCplt	24	static
stm32h7xx_hal_usart.c:2551:13:USART_DMATxHalfCplt	24	static
stm32h7xx_hal_usart.c:2569:13:USART_DMAReceiveCplt	24	static
stm32h7xx_hal_usart.c:2644:13:USART_DMARxHalfCplt	24	static
stm32h7xx_hal_usart.c:2662:13:USART_DMAError	24	static
stm32h7xx_hal_usart.c:2688:13:USART_DMAAbortOnError	24	static
stm32h7xx_hal_usart.c:2711:13:USART_DMATxAbortCallback	24	static
stm32h7xx_hal_usart.c:2759:13:USART_DMARxAbortCallback	24	static
stm32h7xx_hal_usart.c:2807:26:USART_WaitOnFlagUntilTimeout	24	static
stm32h7xx_hal_usart.c:2835:26:USART_SetConfig	64	static
stm32h7xx_hal_usart.c:2955:26:USART_CheckIdleState	32	static
stm32h7xx_hal_usart.c:3005:13:USART_TxISR_8BIT	24	static
stm32h7xx_hal_usart.c:3040:13:USART_TxISR_16BIT	24	static
stm32h7xx_hal_usart.c:3076:13:USART_TxISR_8BIT_FIFOEN	24	static
stm32h7xx_hal_usart.c:3121:13:USART_TxISR_16BIT_FIFOEN	24	static
stm32h7xx_hal_usart.c:3164:13:USART_EndTransmit_IT	16	static
stm32h7xx_hal_usart.c:3221:13:USART_RxISR_8BIT	32	static
stm32h7xx_hal_usart.c:3312:13:USART_RxISR_16BIT	32	static
stm32h7xx_hal_usart.c:3405:13:USART_RxISR_8BIT_FIFOEN	32	static
stm32h7xx_hal_usart.c:3537:13:USART_RxISR_16BIT_FIFOEN	40	static
