core_cm7.h:2606:26:uint32_t ITM_SendChar(uint32_t)	16	static,ignoring_inline_asm
HAL_VL53L0X.h:31:3:VL53L0X_Error HAL_VL53L0X::rangingTest(VL53L0X_RangingMeasurementData_t*, bool)	24	static
HAL_VL53L0X.h:14:7:HAL_VL53L0X::HAL_VL53L0X()	16	static
main.cpp:87:5:int main()	144	static
main.cpp:373:6:void SystemClock_Config()	312	static
main.cpp:438:13:void MX_I2C1_Init()	8	static
main.cpp:484:13:void MX_I2C3_Init()	8	static
main.cpp:530:13:void MX_JPEG_Init()	8	static
main.cpp:556:13:void MX_UART8_Init()	8	static
main.cpp:604:13:void MX_GPIO_Init()	48	static
main.cpp:641:6:void get_TOF_Data()	184	static
main.cpp:659:6:void HAL_UART_RxCpltCallback(UART_HandleTypeDef*)	16	static
main.cpp:665:6:void HAL_I2C_SlaveRxCpltCallback(I2C_HandleTypeDef*)	24	static
main.cpp:686:5:int _write(int, char*, int)	32	static
main.cpp:700:19:HAL_StatusTypeDef UART_Fast_Transmit(UART_HandleTypeDef*, uint8_t*, uint16_t, uint32_t)	40	static
main.cpp:725:19:HAL_StatusTypeDef UART_Fast_Receive(UART_HandleTypeDef*, uint8_t*, uint16_t, uint32_t)	32	static
main.cpp:758:6:void Error_Handler()	4	static
main.cpp:764:1:void __static_initialization_and_destruction_0(int, int)	24	static
main.cpp:764:1:cpp)	8	static
